#
# There is insufficient memory for the Java Runtime Environment to continue.
# Native memory allocation (malloc) failed to allocate 1404256 bytes. Error detail: Chunk::new
# Possible reasons:
#   The system is out of physical RAM or swap space
#   This process is running with CompressedOops enabled, and the Java Heap may be blocking the growth of the native heap
# Possible solutions:
#   Reduce memory load on the system
#   Increase physical memory or swap space
#   Check if swap backing store is full
#   Decrease Java heap size (-Xmx/-Xms)
#   Decrease number of Java threads
#   Decrease Java thread stack sizes (-Xss)
#   Set larger code cache with -XX:ReservedCodeCacheSize=
#   JVM is running with Unscaled Compressed Oops mode in which the Java heap is
#     placed in the first 4GB address space. The Java Heap base address is the
#     maximum limit for the native heap growth. Please use -XX:HeapBaseMinAddress
#     to set the Java Heap base and to place the Java Heap above 4GB virtual address.
# This output file may be truncated or incomplete.
#
#  Out of Memory Error (arena.cpp:168), pid=15408, tid=40448
#
# JRE version: OpenJDK Runtime Environment Temurin-21.0.12.1+1 (21.0.12.1+1) (build 21.0.12.1+1-LTS)
# Java VM: OpenJDK 64-Bit Server VM Temurin-21.0.12.1+1 (21.0.12.1+1-LTS, mixed mode, sharing, tiered, compressed oops, compressed class ptrs, parallel gc, windows-amd64)
# No core dump will be written. Minidumps are not enabled by default on client versions of Windows
#

---------------  S U M M A R Y ------------

Command Line: --add-modules=ALL-SYSTEM --add-opens=java.base/java.util=ALL-UNNAMED --add-opens=java.base/java.lang=ALL-UNNAMED --add-opens=java.base/sun.nio.fs=ALL-UNNAMED -Declipse.application=org.eclipse.jdt.ls.core.id1 -Dosgi.bundles.defaultStartLevel=4 -Declipse.product=org.eclipse.jdt.ls.core.product -Djava.import.generatesMetadataFilesAtProjectRoot=false -Dm2e.project.cache.size=50 -DDetectVMInstallationsJob.disabled=true -Dfile.encoding=utf8 -XX:+UseParallelGC -XX:GCTimeRatio=4 -XX:AdaptiveSizePolicyWeight=90 -Dsun.zip.disableMemoryMapping=true -Xmx2G -Xms100m -Xlog:disable -javaagent:c:\Users\HS-KOO\.vscode\extensions\redhat.java-1.56.0-win32-x64\lombok\lombok-1.18.39-4050.jar -XX:+HeapDumpOnOutOfMemoryError -XX:HeapDumpPath=c:\Users\HS-KOO\AppData\Roaming\Code\User\workspaceStorage\fb4b289124c7df1bf1642105e68f26c5\redhat.java -Daether.dependencyCollector.impl=bf c:\Users\HS-KOO\.vscode\extensions\redhat.java-1.56.0-win32-x64\server\plugins\org.eclipse.equinox.launcher_1.8.0.v20260804-1928.jar -configuration c:\Users\HS-KOO\AppData\Roaming\Code\User\globalStorage\redhat.java\1.56.0\config_win -data c:\Users\HS-KOO\AppData\Roaming\Code\User\workspaceStorage\fb4b289124c7df1bf1642105e68f26c5\redhat.java\jdt_ws --pipe=\\.\pipe\lsp-5a3e8b23fc4cf1222142f1e944564818-sock

Host: 13th Gen Intel(R) Core(TM) i7-13650HX, 20 cores, 15G,  Windows 11 , 64 bit Build 26100 (10.0.26100.9168)
Time: Mon Sep  7 10:06:05 2026 elapsed time: 78.546960 seconds (0d 0h 1m 18s)

---------------  T H R E A D  ---------------

Current thread (0x000001b519389810):  JavaThread "C2 CompilerThread0" daemon [_thread_in_native, id=40448, stack(0x0000007979f00000,0x000000797a000000) (1024K)]


Current CompileTask:
C2:78548 11561   !   4       org.eclipse.jdt.internal.compiler.classfmt.ClassFileReader::<init> (1968 bytes)

Stack: [0x0000007979f00000,0x000000797a000000]
Native frames: (J=compiled Java code, j=interpreted, Vv=VM code, C=native code)
V  [jvm.dll+0x6d83e9]
V  [jvm.dll+0x8b5736]
V  [jvm.dll+0x8b7cee]
V  [jvm.dll+0x8b83d3]
V  [jvm.dll+0x284596]
V  [jvm.dll+0xc685d]
V  [jvm.dll+0xc6da1]
V  [jvm.dll+0x2fb5ae]
V  [jvm.dll+0x5fee94]
V  [jvm.dll+0x255d67]
V  [jvm.dll+0x25612d]
V  [jvm.dll+0x24e6a0]
V  [jvm.dll+0x24bbe6]
V  [jvm.dll+0x1cb4ae]
V  [jvm.dll+0x25baad]
V  [jvm.dll+0x25a03a]
V  [jvm.dll+0x3f8aae]
V  [jvm.dll+0x8600cd]
V  [jvm.dll+0x6d6c1d]
C  [ucrtbase.dll+0x2cd30]
C  [KERNEL32.DLL+0x2ccb7]
C  [ntdll.dll+0xaad6c]


---------------  P R O C E S S  ---------------

Threads class SMR info:
_java_thread_list=0x000001b57cdf8280, length=81, elements={
0x000001b516f99c20, 0x000001b5720ebad0, 0x000001b5720ec7f0, 0x000001b5720f2080,
0x000001b5720f4530, 0x000001b5720f87c0, 0x000001b5720f9700, 0x000001b519389810,
0x000001b51938e9d0, 0x000001b5723bb710, 0x000001b572408590, 0x000001b5782c7d20,
0x000001b578209b80, 0x000001b5781ecf90, 0x000001b578663470, 0x000001b578c15400,
0x000001b5721371c0, 0x000001b578c85800, 0x000001b578d18fd0, 0x000001b578d17590,
0x000001b578d19660, 0x000001b578d19cf0, 0x000001b578d16870, 0x000001b578d17c20,
0x000001b578d182b0, 0x000001b578d18940, 0x000001b57a16e530, 0x000001b57a16d180,
0x000001b57a16d810, 0x000001b57a16ff70, 0x000001b57a16f250, 0x000001b57a16dea0,
0x000001b57a16ebc0, 0x000001b57a16f8e0, 0x000001b57a16caf0, 0x000001b57a172040,
0x000001b57a1726d0, 0x000001b57a170c90, 0x000001b57a173a80, 0x000001b57a170600,
0x000001b57a174110, 0x000001b57a172d60, 0x000001b57a1733f0, 0x000001b57a171320,
0x000001b57a1719b0, 0x000001b57b5def60, 0x000001b57b5e23e0, 0x000001b57b5e2a70,
0x000001b57b5dfc80, 0x000001b57b5e0310, 0x000001b57b5e09a0, 0x000001b57b5df5f0,
0x000001b57b5e3100, 0x000001b57b5e1030, 0x000001b57b5e3790, 0x000001b57b5e3e20,
0x000001b57b5e16c0, 0x000001b57b5e4b40, 0x000001b57b5e44b0, 0x000001b57b5e51d0,
0x000001b57b5e1d50, 0x000001b57b5e5860, 0x000001b57b5e5ef0, 0x000001b57b5e6580,
0x000001b578d775e0, 0x000001b578d79020, 0x000001b578d796b0, 0x000001b578d76230,
0x000001b578d7a3d0, 0x000001b578d7aa60, 0x000001b578d7b0f0, 0x000001b578d7be10,
0x000001b578d77c70, 0x000001b578d7cb30, 0x000001b578d7c4a0, 0x000001b578d7d1c0,
0x000001b578d7d850, 0x000001b578d16f00, 0x000001b57a3582e0, 0x000001b57a35a3b0,
0x000001b57a359690
}

Java Threads: ( => current thread )
  0x000001b516f99c20 JavaThread "main"                              [_thread_blocked, id=41804, stack(0x0000007979500000,0x0000007979600000) (1024K)]
  0x000001b5720ebad0 JavaThread "Reference Handler"          daemon [_thread_blocked, id=14276, stack(0x0000007979900000,0x0000007979a00000) (1024K)]
  0x000001b5720ec7f0 JavaThread "Finalizer"                  daemon [_thread_blocked, id=39200, stack(0x0000007979a00000,0x0000007979b00000) (1024K)]
  0x000001b5720f2080 JavaThread "Signal Dispatcher"          daemon [_thread_blocked, id=29020, stack(0x0000007979b00000,0x0000007979c00000) (1024K)]
  0x000001b5720f4530 JavaThread "Attach Listener"            daemon [_thread_blocked, id=15416, stack(0x0000007979c00000,0x0000007979d00000) (1024K)]
  0x000001b5720f87c0 JavaThread "Service Thread"             daemon [_thread_blocked, id=2596, stack(0x0000007979d00000,0x0000007979e00000) (1024K)]
  0x000001b5720f9700 JavaThread "Monitor Deflation Thread"   daemon [_thread_blocked, id=34492, stack(0x0000007979e00000,0x0000007979f00000) (1024K)]
=>0x000001b519389810 JavaThread "C2 CompilerThread0"         daemon [_thread_in_native, id=40448, stack(0x0000007979f00000,0x000000797a000000) (1024K)]
  0x000001b51938e9d0 JavaThread "C1 CompilerThread0"         daemon [_thread_blocked, id=26168, stack(0x000000797a000000,0x000000797a100000) (1024K)]
  0x000001b5723bb710 JavaThread "Common-Cleaner"             daemon [_thread_blocked, id=45868, stack(0x000000797a300000,0x000000797a400000) (1024K)]
  0x000001b572408590 JavaThread "Notification Thread"        daemon [_thread_blocked, id=37084, stack(0x000000797a100000,0x000000797a200000) (1024K)]
  0x000001b5782c7d20 JavaThread "Active Thread: Equinox Container: 2a52e0b9-c537-4f15-aa97-5e591f317602"        [_thread_blocked, id=22236, stack(0x000000797a200000,0x000000797a300000) (1024K)]
  0x000001b578209b80 JavaThread "Refresh Thread: Equinox Container: 2a52e0b9-c537-4f15-aa97-5e591f317602" daemon [_thread_blocked, id=47664, stack(0x000000797ab00000,0x000000797ac00000) (1024K)]
  0x000001b5781ecf90 JavaThread "Framework Event Dispatcher: Equinox Container: 2a52e0b9-c537-4f15-aa97-5e591f317602" daemon [_thread_blocked, id=46748, stack(0x000000797ad00000,0x000000797ae00000) (1024K)]
  0x000001b578663470 JavaThread "Start Level: Equinox Container: 2a52e0b9-c537-4f15-aa97-5e591f317602" daemon [_thread_blocked, id=19808, stack(0x000000797ae00000,0x000000797af00000) (1024K)]
  0x000001b578c15400 JavaThread "Bundle File Closer"         daemon [_thread_blocked, id=28240, stack(0x000000797b200000,0x000000797b300000) (1024K)]
  0x000001b5721371c0 JavaThread "SCR Component Actor"        daemon [_thread_blocked, id=46700, stack(0x000000797b300000,0x000000797b400000) (1024K)]
  0x000001b578c85800 JavaThread "Worker-JM"                         [_thread_blocked, id=42512, stack(0x000000797b500000,0x000000797b600000) (1024K)]
  0x000001b578d18fd0 JavaThread "JNA Cleaner"                daemon [_thread_blocked, id=4844, stack(0x000000797b800000,0x000000797b900000) (1024K)]
  0x000001b578d17590 JavaThread "Worker-0"                          [_thread_blocked, id=43136, stack(0x000000797b900000,0x000000797ba00000) (1024K)]
  0x000001b578d19660 JavaThread "Worker-1"                          [_thread_blocked, id=27360, stack(0x000000797ba00000,0x000000797bb00000) (1024K)]
  0x000001b578d19cf0 JavaThread "Worker-2: Building"                [_thread_in_native, id=25668, stack(0x000000797bc00000,0x000000797bd00000) (1024K)]
  0x000001b578d16870 JavaThread "Worker-3"                          [_thread_blocked, id=18912, stack(0x000000797be00000,0x000000797bf00000) (1024K)]
  0x000001b578d17c20 JavaThread "Java indexing"              daemon [_thread_blocked, id=16352, stack(0x000000797c000000,0x000000797c100000) (1024K)]
  0x000001b578d182b0 JavaThread "Thread-1"                   daemon [_thread_in_native, id=27596, stack(0x000000797c400000,0x000000797c500000) (1024K)]
  0x000001b578d18940 JavaThread "Thread-2"                   daemon [_thread_in_native, id=32808, stack(0x000000797c500000,0x000000797c600000) (1024K)]
  0x000001b57a16e530 JavaThread "Thread-3"                   daemon [_thread_in_native, id=46468, stack(0x000000797c600000,0x000000797c700000) (1024K)]
  0x000001b57a16d180 JavaThread "Thread-4"                   daemon [_thread_in_native, id=37640, stack(0x000000797c700000,0x000000797c800000) (1024K)]
  0x000001b57a16d810 JavaThread "Thread-5"                   daemon [_thread_in_native, id=37664, stack(0x000000797c800000,0x000000797c900000) (1024K)]
  0x000001b57a16ff70 JavaThread "Thread-6"                   daemon [_thread_in_native, id=47112, stack(0x000000797c900000,0x000000797ca00000) (1024K)]
  0x000001b57a16f250 JavaThread "Thread-7"                   daemon [_thread_in_native, id=4220, stack(0x000000797ca00000,0x000000797cb00000) (1024K)]
  0x000001b57a16dea0 JavaThread "Thread-8"                   daemon [_thread_in_native, id=47136, stack(0x000000797cb00000,0x000000797cc00000) (1024K)]
  0x000001b57a16ebc0 JavaThread "Thread-9"                   daemon [_thread_in_native, id=42344, stack(0x000000797cc00000,0x000000797cd00000) (1024K)]
  0x000001b57a16f8e0 JavaThread "Thread-10"                  daemon [_thread_in_native, id=39436, stack(0x000000797cd00000,0x000000797ce00000) (1024K)]
  0x000001b57a16caf0 JavaThread "Thread-11"                  daemon [_thread_in_native, id=34988, stack(0x000000797ce00000,0x000000797cf00000) (1024K)]
  0x000001b57a172040 JavaThread "Thread-12"                  daemon [_thread_in_native, id=47324, stack(0x000000797cf00000,0x000000797d000000) (1024K)]
  0x000001b57a1726d0 JavaThread "Thread-13"                  daemon [_thread_in_native, id=17596, stack(0x000000797d000000,0x000000797d100000) (1024K)]
  0x000001b57a170c90 JavaThread "Thread-14"                  daemon [_thread_in_native, id=47620, stack(0x000000797d100000,0x000000797d200000) (1024K)]
  0x000001b57a173a80 JavaThread "Thread-15"                  daemon [_thread_in_native, id=34472, stack(0x000000797d200000,0x000000797d300000) (1024K)]
  0x000001b57a170600 JavaThread "Thread-16"                  daemon [_thread_in_native, id=6652, stack(0x000000797d300000,0x000000797d400000) (1024K)]
  0x000001b57a174110 JavaThread "Thread-17"                  daemon [_thread_in_native, id=24424, stack(0x000000797d400000,0x000000797d500000) (1024K)]
  0x000001b57a172d60 JavaThread "Thread-18"                  daemon [_thread_in_native, id=46124, stack(0x000000797d500000,0x000000797d600000) (1024K)]
  0x000001b57a1733f0 JavaThread "Thread-19"                  daemon [_thread_in_native, id=41444, stack(0x000000797d600000,0x000000797d700000) (1024K)]
  0x000001b57a171320 JavaThread "Thread-20"                  daemon [_thread_in_native, id=44960, stack(0x000000797d700000,0x000000797d800000) (1024K)]
  0x000001b57a1719b0 JavaThread "Thread-21"                  daemon [_thread_in_native, id=22884, stack(0x000000797d800000,0x000000797d900000) (1024K)]
  0x000001b57b5def60 JavaThread "pool-2-thread-1"                   [_thread_blocked, id=8364, stack(0x000000797d900000,0x000000797da00000) (1024K)]
  0x000001b57b5e23e0 JavaThread "WorkspaceEventsHandler"            [_thread_blocked, id=45488, stack(0x000000797da00000,0x000000797db00000) (1024K)]
  0x000001b57b5e2a70 JavaThread "pool-1-thread-1"                   [_thread_blocked, id=25100, stack(0x000000797db00000,0x000000797dc00000) (1024K)]
  0x000001b57b5dfc80 JavaThread "PatternSearchJob-worker-1"  daemon [_thread_blocked, id=24976, stack(0x000000797b700000,0x000000797b800000) (1024K)]
  0x000001b57b5e0310 JavaThread "PatternSearchJob-worker-2"  daemon [_thread_blocked, id=31732, stack(0x000000797bb00000,0x000000797bc00000) (1024K)]
  0x000001b57b5e09a0 JavaThread "PatternSearchJob-worker-3"  daemon [_thread_blocked, id=42508, stack(0x000000797bf00000,0x000000797c000000) (1024K)]
  0x000001b57b5df5f0 JavaThread "PatternSearchJob-worker-4"  daemon [_thread_blocked, id=43004, stack(0x000000797dc00000,0x000000797dd00000) (1024K)]
  0x000001b57b5e3100 JavaThread "PatternSearchJob-worker-5"  daemon [_thread_blocked, id=47448, stack(0x000000797dd00000,0x000000797de00000) (1024K)]
  0x000001b57b5e1030 JavaThread "PatternSearchJob-worker-6"  daemon [_thread_blocked, id=41576, stack(0x000000797de00000,0x000000797df00000) (1024K)]
  0x000001b57b5e3790 JavaThread "PatternSearchJob-worker-7"  daemon [_thread_blocked, id=25724, stack(0x000000797df00000,0x000000797e000000) (1024K)]
  0x000001b57b5e3e20 JavaThread "PatternSearchJob-worker-8"  daemon [_thread_blocked, id=17976, stack(0x000000797e000000,0x000000797e100000) (1024K)]
  0x000001b57b5e16c0 JavaThread "PatternSearchJob-worker-9"  daemon [_thread_blocked, id=28324, stack(0x000000797e100000,0x000000797e200000) (1024K)]
  0x000001b57b5e4b40 JavaThread "PatternSearchJob-worker-10" daemon [_thread_blocked, id=37564, stack(0x000000797e200000,0x000000797e300000) (1024K)]
  0x000001b57b5e44b0 JavaThread "PatternSearchJob-worker-11" daemon [_thread_blocked, id=32476, stack(0x000000797e300000,0x000000797e400000) (1024K)]
  0x000001b57b5e51d0 JavaThread "PatternSearchJob-worker-12" daemon [_thread_blocked, id=47216, stack(0x000000797e400000,0x000000797e500000) (1024K)]
  0x000001b57b5e1d50 JavaThread "PatternSearchJob-worker-13" daemon [_thread_blocked, id=37884, stack(0x000000797e500000,0x000000797e600000) (1024K)]
  0x000001b57b5e5860 JavaThread "PatternSearchJob-worker-14" daemon [_thread_blocked, id=43524, stack(0x000000797e600000,0x000000797e700000) (1024K)]
  0x000001b57b5e5ef0 JavaThread "PatternSearchJob-worker-15" daemon [_thread_blocked, id=18368, stack(0x000000797e700000,0x000000797e800000) (1024K)]
  0x000001b57b5e6580 JavaThread "PatternSearchJob-worker-16" daemon [_thread_blocked, id=47704, stack(0x000000797e800000,0x000000797e900000) (1024K)]
  0x000001b578d775e0 JavaThread "PatternSearchJob-worker-17" daemon [_thread_blocked, id=44124, stack(0x000000797e900000,0x000000797ea00000) (1024K)]
  0x000001b578d79020 JavaThread "PatternSearchJob-worker-18" daemon [_thread_blocked, id=45088, stack(0x000000797ea00000,0x000000797eb00000) (1024K)]
  0x000001b578d796b0 JavaThread "PatternSearchJob-worker-19" daemon [_thread_blocked, id=24452, stack(0x000000797eb00000,0x000000797ec00000) (1024K)]
  0x000001b578d76230 JavaThread "Timer-0"                           [_thread_blocked, id=2756, stack(0x000000797ec00000,0x000000797ed00000) (1024K)]
  0x000001b578d7a3d0 JavaThread "ForkJoinPool.commonPool-worker-1" daemon [_thread_blocked, id=27340, stack(0x000000797ee00000,0x000000797ef00000) (1024K)]
  0x000001b578d7aa60 JavaThread "ForkJoinPool.commonPool-worker-2" daemon [_thread_blocked, id=45592, stack(0x000000797ef00000,0x000000797f000000) (1024K)]
  0x000001b578d7b0f0 JavaThread "ForkJoinPool.commonPool-worker-3" daemon [_thread_blocked, id=13896, stack(0x000000797f100000,0x000000797f200000) (1024K)]
  0x000001b578d7be10 JavaThread "Cleaner-0"                  daemon [_thread_blocked, id=29780, stack(0x000000797f600000,0x000000797f700000) (1024K)]
  0x000001b578d77c70 JavaThread "ForkJoinPool.commonPool-worker-4" daemon [_thread_blocked, id=49856, stack(0x0000007979200000,0x0000007979300000) (1024K)]
  0x000001b578d7cb30 JavaThread "ForkJoinPool.commonPool-worker-5" daemon [_thread_blocked, id=50844, stack(0x000000797ed00000,0x000000797ee00000) (1024K)]
  0x000001b578d7c4a0 JavaThread "ForkJoinPool.commonPool-worker-6" daemon [_thread_blocked, id=50848, stack(0x000000797f000000,0x000000797f100000) (1024K)]
  0x000001b578d7d1c0 JavaThread "ForkJoinPool.commonPool-worker-7" daemon [_thread_blocked, id=50852, stack(0x000000797f200000,0x000000797f300000) (1024K)]
  0x000001b578d7d850 JavaThread "ForkJoinPool.commonPool-worker-8" daemon [_thread_blocked, id=50880, stack(0x000000797f300000,0x000000797f400000) (1024K)]
  0x000001b578d16f00 JavaThread "ForkJoinPool.commonPool-worker-9" daemon [_thread_blocked, id=50884, stack(0x000000797f500000,0x000000797f600000) (1024K)]
  0x000001b57a3582e0 JavaThread "ForkJoinPool.commonPool-worker-10" daemon [_thread_blocked, id=50892, stack(0x000000797f700000,0x000000797f800000) (1024K)]
  0x000001b57a35a3b0 JavaThread "ForkJoinPool.commonPool-worker-11" daemon [_thread_blocked, id=50932, stack(0x000000797f800000,0x000000797f900000) (1024K)]
  0x000001b57a359690 JavaThread "ForkJoinPool.commonPool-worker-12" daemon [_thread_blocked, id=50936, stack(0x000000797f900000,0x000000797fa00000) (1024K)]
Total: 81

Other Threads:
  0x000001b519274930 VMThread "VM Thread"                           [id=47164, stack(0x0000007979800000,0x0000007979900000) (1024K)]
  0x000001b51916ca00 WatcherThread "VM Periodic Task Thread"        [id=6488, stack(0x0000007979700000,0x0000007979800000) (1024K)]
  0x000001b5192fac10 WorkerThread "GC Thread#0"                     [id=36520, stack(0x0000007979600000,0x0000007979700000) (1024K)]
  0x000001b57824f610 WorkerThread "GC Thread#1"                     [id=43496, stack(0x000000797a400000,0x000000797a500000) (1024K)]
  0x000001b57824f9c0 WorkerThread "GC Thread#2"                     [id=39036, stack(0x000000797a500000,0x000000797a600000) (1024K)]
  0x000001b57824fd70 WorkerThread "GC Thread#3"                     [id=11920, stack(0x000000797a600000,0x000000797a700000) (1024K)]
  0x000001b578272710 WorkerThread "GC Thread#4"                     [id=34784, stack(0x000000797a700000,0x000000797a800000) (1024K)]
  0x000001b578272ac0 WorkerThread "GC Thread#5"                     [id=34636, stack(0x000000797a800000,0x000000797a900000) (1024K)]
  0x000001b578274e80 WorkerThread "GC Thread#6"                     [id=34640, stack(0x000000797a900000,0x000000797aa00000) (1024K)]
  0x000001b5787ee5d0 WorkerThread "GC Thread#7"                     [id=13828, stack(0x000000797ac00000,0x000000797ad00000) (1024K)]
  0x000001b578288f10 WorkerThread "GC Thread#8"                     [id=45956, stack(0x000000797af00000,0x000000797b000000) (1024K)]
  0x000001b57212e7b0 WorkerThread "GC Thread#9"                     [id=43960, stack(0x000000797b000000,0x000000797b100000) (1024K)]
  0x000001b5787bc400 WorkerThread "GC Thread#10"                    [id=30952, stack(0x000000797b100000,0x000000797b200000) (1024K)]
  0x000001b5786c4d70 WorkerThread "GC Thread#11"                    [id=39840, stack(0x000000797b400000,0x000000797b500000) (1024K)]
  0x000001b578aa2c10 WorkerThread "GC Thread#12"                    [id=36068, stack(0x000000797aa00000,0x000000797ab00000) (1024K)]
  0x000001b578aa2fc0 WorkerThread "GC Thread#13"                    [id=43352, stack(0x000000797b600000,0x000000797b700000) (1024K)]
  0x000001b578aa2860 WorkerThread "GC Thread#14"                    [id=42252, stack(0x000000797bd00000,0x000000797be00000) (1024K)]
Total: 17

Threads with active compile tasks:
C2 CompilerThread0  78894 11561   !   4       org.eclipse.jdt.internal.compiler.classfmt.ClassFileReader::<init> (1968 bytes)
Total: 1

VM state: not at safepoint (normal execution)

VM Mutex/Monitor currently owned by a thread: None

Heap address: 0x0000000080000000, size: 2048 MB, Compressed Oops mode: 32-bit

CDS archive(s) mapped at: [0x000001b530000000-0x000001b530ba0000-0x000001b530ba0000), size 12189696, SharedBaseAddress: 0x000001b530000000, ArchiveRelocationMode: 1.
Compressed class space mapped at: 0x000001b531000000-0x000001b571000000, reserved size: 1073741824
Narrow klass base: 0x000001b530000000, Narrow klass shift: 0, Narrow klass range: 0x100000000

GC Precious Log:
 CardTable entry size: 512
 CPUs: 20 total, 20 available
 Memory: 16068M
 Large Page Support: Disabled
 NUMA Support: Disabled
 Compressed Oops: Enabled (32-bit)
 Alignments: Space 512K, Generation 512K, Heap 2M
 Heap Min Capacity: 100M
 Heap Initial Capacity: 100M
 Heap Max Capacity: 2G
 Pre-touch: Disabled
 Parallel Workers: 15

Heap:
 PSYoungGen      total 7680K, used 1724K [0x00000000d5580000, 0x00000000d5f80000, 0x0000000100000000)
  eden space 6656K, 13% used [0x00000000d5580000,0x00000000d5662f30,0x00000000d5c00000)
  from space 1024K, 79% used [0x00000000d5e80000,0x00000000d5f4c200,0x00000000d5f80000)
  to   space 1024K, 0% used [0x00000000d5d80000,0x00000000d5d80000,0x00000000d5e80000)
 ParOldGen       total 103424K, used 103159K [0x0000000080000000, 0x0000000086500000, 0x00000000d5580000)
  object space 103424K, 99% used [0x0000000080000000,0x00000000864bded8,0x0000000086500000)
 Metaspace       used 77616K, committed 79232K, reserved 1179648K
  class space    used 8718K, committed 9408K, reserved 1048576K

Card table byte_map: [0x000001b518c80000,0x000001b519090000] _byte_map_base: 0x000001b518880000

Marking Bits: (ParMarkBitMap*) 0x00007ffd2dee44a0
 Begin Bits: [0x000001b52b790000, 0x000001b52d790000)
 End Bits:   [0x000001b52d790000, 0x000001b52f790000)

Polling page: 0x000001b516f10000

Metaspace:

Usage:
  Non-class:     67.28 MB used.
      Class:      8.51 MB used.
       Both:     75.80 MB used.

Virtual space:
  Non-class space:      128.00 MB reserved,      68.19 MB ( 53%) committed,  2 nodes.
      Class space:        1.00 GB reserved,       9.19 MB ( <1%) committed,  1 nodes.
             Both:        1.12 GB reserved,      77.38 MB (  7%) committed. 

Chunk freelists:
   Non-Class:  11.73 MB
       Class:  6.65 MB
        Both:  18.39 MB

MaxMetaspaceSize: unlimited
CompressedClassSpaceSize: 1.00 GB
Initial GC threshold: 21.00 MB
Current GC threshold: 97.31 MB
CDS: on
 - commit_granule_bytes: 65536.
 - commit_granule_words: 8192.
 - virtual_space_node_default_size: 8388608.
 - enlarge_chunks_in_place: 1.
 - use_allocation_guard: 0.


Internal statistics:

num_allocs_failed_limit: 9.
num_arena_births: 1332.
num_arena_deaths: 14.
num_vsnodes_births: 3.
num_vsnodes_deaths: 0.
num_space_committed: 1238.
num_space_uncommitted: 0.
num_chunks_returned_to_freelist: 23.
num_chunks_taken_from_freelist: 4853.
num_chunk_merges: 11.
num_chunk_splits: 3069.
num_chunks_enlarged: 1853.
num_inconsistent_stats: 0.

CodeHeap 'non-profiled nmethods': size=119168Kb used=7460Kb max_used=7460Kb free=111707Kb
 bounds [0x000001b524080000, 0x000001b5247d0000, 0x000001b52b4e0000]
CodeHeap 'profiled nmethods': size=119104Kb used=26347Kb max_used=26347Kb free=92756Kb
 bounds [0x000001b51c4e0000, 0x000001b51dea0000, 0x000001b523930000]
CodeHeap 'non-nmethods': size=7488Kb used=1471Kb max_used=3148Kb free=6016Kb
 bounds [0x000001b523930000, 0x000001b523c90000, 0x000001b524080000]
CodeCache: size=245760Kb, used=35278Kb, max_used=36955Kb, free=210479Kb
 total_blobs=11836, nmethods=11035, adapters=705, full_count=0
Compilation: enabled, stopped_count=0, restarted_count=0

Compilation events (20 events):
Event: 78.309 Thread 0x000001b51938e9d0 nmethod 11687 0x000001b51de67690 code [0x000001b51de67880, 0x000001b51de67d30]
Event: 78.309 Thread 0x000001b51938e9d0 11688       3       org.eclipse.jdt.internal.core.SourceMethod::calculateHashCode (15 bytes)
Event: 78.309 Thread 0x000001b51938e9d0 nmethod 11688 0x000001b51de67f10 code [0x000001b51de680e0, 0x000001b51de683a0]
Event: 78.309 Thread 0x000001b51938e9d0 11690       3       org.eclipse.jdt.internal.compiler.SourceElementNotifier::visitIfNeeded (94 bytes)
Event: 78.310 Thread 0x000001b51938e9d0 nmethod 11690 0x000001b51de68510 code [0x000001b51de68700, 0x000001b51de68db8]
Event: 78.310 Thread 0x000001b51938e9d0 11691       3       org.eclipse.jdt.internal.core.CompilationUnitStructureRequestor::exitMethod (137 bytes)
Event: 78.311 Thread 0x000001b51938e9d0 nmethod 11691 0x000001b51de69010 code [0x000001b51de69360, 0x000001b51de6ab98]
Event: 78.311 Thread 0x000001b51938e9d0 11693       3       org.eclipse.jdt.core.dom.ASTVisitor::endVisit (1 bytes)
Event: 78.311 Thread 0x000001b51938e9d0 nmethod 11693 0x000001b51de6b490 code [0x000001b51de6b620, 0x000001b51de6b728]
Event: 78.311 Thread 0x000001b51938e9d0 11694       3       org.eclipse.jdt.core.dom.ASTVisitor::endVisit (1 bytes)
Event: 78.311 Thread 0x000001b51938e9d0 nmethod 11694 0x000001b51de6b790 code [0x000001b51de6b920, 0x000001b51de6ba28]
Event: 78.345 Thread 0x000001b51938e9d0 11695       1       org.eclipse.core.internal.localstore.FileSystemResourceManager::getWorkspace (5 bytes)
Event: 78.345 Thread 0x000001b51938e9d0 nmethod 11695 0x000001b5247c6b90 code [0x000001b5247c6d20, 0x000001b5247c6de8]
Event: 78.345 Thread 0x000001b51938e9d0 11696       1       org.eclipse.core.internal.resources.Project::isLinked (2 bytes)
Event: 78.345 Thread 0x000001b51938e9d0 nmethod 11696 0x000001b5247c6e90 code [0x000001b5247c7020, 0x000001b5247c70e8]
Event: 78.345 Thread 0x000001b51938e9d0 11697   !   3       org.eclipse.jdt.ls.core.internal.ProjectUtils::hasNature (21 bytes)
Event: 78.345 Thread 0x000001b51938e9d0 nmethod 11697 0x000001b51de6ba90 code [0x000001b51de6bc60, 0x000001b51de6beb0]
Event: 78.364 Thread 0x000001b51938e9d0 11698   !   3       sun.nio.ch.PendingIoCache::remove (89 bytes)
Event: 78.364 Thread 0x000001b51938e9d0 nmethod 11698 0x000001b51de6c010 code [0x000001b51de6c240, 0x000001b51de6c9d8]
Event: 78.364 Thread 0x000001b51938e9d0 11699       3       sun.nio.ch.Invoker::invokeUnchecked (47 bytes)

GC Heap History (20 events):
Event: 72.576 GC heap before
{Heap before GC invocations=143 (full 3):
 PSYoungGen      total 7168K, used 7068K [0x00000000d5580000, 0x00000000d6200000, 0x0000000100000000)
  eden space 6656K, 99% used [0x00000000d5580000,0x00000000d5bf7388,0x00000000d5c00000)
  from space 512K, 87% used [0x00000000d5c00000,0x00000000d5c70000,0x00000000d5c80000)
  to   space 2048K, 0% used [0x00000000d6000000,0x00000000d6000000,0x00000000d6200000)
 ParOldGen       total 98816K, used 98694K [0x0000000080000000, 0x0000000086080000, 0x00000000d5580000)
  object space 98816K, 99% used [0x0000000080000000,0x0000000086061938,0x0000000086080000)
 Metaspace       used 76382K, committed 78016K, reserved 1179648K
  class space    used 8604K, committed 9344K, reserved 1048576K
}
Event: 72.607 GC heap after
{Heap after GC invocations=143 (full 3):
 PSYoungGen      total 7168K, used 480K [0x00000000d5580000, 0x00000000d6080000, 0x0000000100000000)
  eden space 6656K, 0% used [0x00000000d5580000,0x00000000d5580000,0x00000000d5c00000)
  from space 512K, 93% used [0x00000000d6000000,0x00000000d6078000,0x00000000d6080000)
  to   space 1024K, 0% used [0x00000000d5e80000,0x00000000d5e80000,0x00000000d5f80000)
 ParOldGen       total 99328K, used 99042K [0x0000000080000000, 0x0000000086100000, 0x00000000d5580000)
  object space 99328K, 99% used [0x0000000080000000,0x00000000860b8b58,0x0000000086100000)
 Metaspace       used 76382K, committed 78016K, reserved 1179648K
  class space    used 8604K, committed 9344K, reserved 1048576K
}
Event: 72.953 GC heap before
{Heap before GC invocations=144 (full 3):
 PSYoungGen      total 7168K, used 7136K [0x00000000d5580000, 0x00000000d6080000, 0x0000000100000000)
  eden space 6656K, 100% used [0x00000000d5580000,0x00000000d5c00000,0x00000000d5c00000)
  from space 512K, 93% used [0x00000000d6000000,0x00000000d6078000,0x00000000d6080000)
  to   space 1024K, 0% used [0x00000000d5e80000,0x00000000d5e80000,0x00000000d5f80000)
 ParOldGen       total 99328K, used 99042K [0x0000000080000000, 0x0000000086100000, 0x00000000d5580000)
  object space 99328K, 99% used [0x0000000080000000,0x00000000860b8b58,0x0000000086100000)
 Metaspace       used 76425K, committed 78080K, reserved 1179648K
  class space    used 8605K, committed 9344K, reserved 1048576K
}
Event: 72.955 GC heap after
{Heap after GC invocations=144 (full 3):
 PSYoungGen      total 7680K, used 868K [0x00000000d5580000, 0x00000000d6080000, 0x0000000100000000)
  eden space 6656K, 0% used [0x00000000d5580000,0x00000000d5580000,0x00000000d5c00000)
  from space 1024K, 84% used [0x00000000d5e80000,0x00000000d5f59210,0x00000000d5f80000)
  to   space 1024K, 0% used [0x00000000d5f80000,0x00000000d5f80000,0x00000000d6080000)
 ParOldGen       total 99328K, used 99258K [0x0000000080000000, 0x0000000086100000, 0x00000000d5580000)
  object space 99328K, 99% used [0x0000000080000000,0x00000000860eeb58,0x0000000086100000)
 Metaspace       used 76425K, committed 78080K, reserved 1179648K
  class space    used 8605K, committed 9344K, reserved 1048576K
}
Event: 73.177 GC heap before
{Heap before GC invocations=145 (full 3):
 PSYoungGen      total 7680K, used 7524K [0x00000000d5580000, 0x00000000d6080000, 0x0000000100000000)
  eden space 6656K, 100% used [0x00000000d5580000,0x00000000d5c00000,0x00000000d5c00000)
  from space 1024K, 84% used [0x00000000d5e80000,0x00000000d5f59210,0x00000000d5f80000)
  to   space 1024K, 0% used [0x00000000d5f80000,0x00000000d5f80000,0x00000000d6080000)
 ParOldGen       total 99328K, used 99258K [0x0000000080000000, 0x0000000086100000, 0x00000000d5580000)
  object space 99328K, 99% used [0x0000000080000000,0x00000000860eeb58,0x0000000086100000)
 Metaspace       used 76519K, committed 78144K, reserved 1179648K
  class space    used 8606K, committed 9344K, reserved 1048576K
}
Event: 73.178 GC heap after
{Heap after GC invocations=145 (full 3):
 PSYoungGen      total 7680K, used 643K [0x00000000d5580000, 0x00000000d6080000, 0x0000000100000000)
  eden space 6656K, 0% used [0x00000000d5580000,0x00000000d5580000,0x00000000d5c00000)
  from space 1024K, 62% used [0x00000000d5f80000,0x00000000d6020fa0,0x00000000d6080000)
  to   space 1024K, 0% used [0x00000000d5e80000,0x00000000d5e80000,0x00000000d5f80000)
 ParOldGen       total 100352K, used 99975K [0x0000000080000000, 0x0000000086200000, 0x00000000d5580000)
  object space 100352K, 99% used [0x0000000080000000,0x00000000861a1d68,0x0000000086200000)
 Metaspace       used 76519K, committed 78144K, reserved 1179648K
  class space    used 8606K, committed 9344K, reserved 1048576K
}
Event: 74.125 GC heap before
{Heap before GC invocations=146 (full 3):
 PSYoungGen      total 7680K, used 7286K [0x00000000d5580000, 0x00000000d6080000, 0x0000000100000000)
  eden space 6656K, 99% used [0x00000000d5580000,0x00000000d5bfcc58,0x00000000d5c00000)
  from space 1024K, 62% used [0x00000000d5f80000,0x00000000d6020fa0,0x00000000d6080000)
  to   space 1024K, 0% used [0x00000000d5e80000,0x00000000d5e80000,0x00000000d5f80000)
 ParOldGen       total 100352K, used 99975K [0x0000000080000000, 0x0000000086200000, 0x00000000d5580000)
  object space 100352K, 99% used [0x0000000080000000,0x00000000861a1d68,0x0000000086200000)
 Metaspace       used 76522K, committed 78144K, reserved 1179648K
  class space    used 8606K, committed 9344K, reserved 1048576K
}
Event: 74.130 GC heap after
{Heap after GC invocations=146 (full 3):
 PSYoungGen      total 7680K, used 672K [0x00000000d5580000, 0x00000000d6000000, 0x0000000100000000)
  eden space 6656K, 0% used [0x00000000d5580000,0x00000000d5580000,0x00000000d5c00000)
  from space 1024K, 65% used [0x00000000d5e80000,0x00000000d5f28000,0x00000000d5f80000)
  to   space 512K, 0% used [0x00000000d5f80000,0x00000000d5f80000,0x00000000d6000000)
 ParOldGen       total 100352K, used 100315K [0x0000000080000000, 0x0000000086200000, 0x00000000d5580000)
  object space 100352K, 99% used [0x0000000080000000,0x00000000861f6c68,0x0000000086200000)
 Metaspace       used 76522K, committed 78144K, reserved 1179648K
  class space    used 8606K, committed 9344K, reserved 1048576K
}
Event: 75.237 GC heap before
{Heap before GC invocations=147 (full 3):
 PSYoungGen      total 7680K, used 7273K [0x00000000d5580000, 0x00000000d6000000, 0x0000000100000000)
  eden space 6656K, 99% used [0x00000000d5580000,0x00000000d5bf27a8,0x00000000d5c00000)
  from space 1024K, 65% used [0x00000000d5e80000,0x00000000d5f28000,0x00000000d5f80000)
  to   space 512K, 0% used [0x00000000d5f80000,0x00000000d5f80000,0x00000000d6000000)
 ParOldGen       total 100352K, used 100315K [0x0000000080000000, 0x0000000086200000, 0x00000000d5580000)
  object space 100352K, 99% used [0x0000000080000000,0x00000000861f6c68,0x0000000086200000)
 Metaspace       used 76526K, committed 78144K, reserved 1179648K
  class space    used 8606K, committed 9344K, reserved 1048576K
}
Event: 75.238 GC heap after
{Heap after GC invocations=147 (full 3):
 PSYoungGen      total 7168K, used 480K [0x00000000d5580000, 0x00000000d6000000, 0x0000000100000000)
  eden space 6656K, 0% used [0x00000000d5580000,0x00000000d5580000,0x00000000d5c00000)
  from space 512K, 93% used [0x00000000d5f80000,0x00000000d5ff8000,0x00000000d6000000)
  to   space 1024K, 0% used [0x00000000d5e00000,0x00000000d5e00000,0x00000000d5f00000)
 ParOldGen       total 100864K, used 100691K [0x0000000080000000, 0x0000000086280000, 0x00000000d5580000)
  object space 100864K, 99% used [0x0000000080000000,0x0000000086254c68,0x0000000086280000)
 Metaspace       used 76526K, committed 78144K, reserved 1179648K
  class space    used 8606K, committed 9344K, reserved 1048576K
}
Event: 76.179 GC heap before
{Heap before GC invocations=148 (full 3):
 PSYoungGen      total 7168K, used 7013K [0x00000000d5580000, 0x00000000d6000000, 0x0000000100000000)
  eden space 6656K, 98% used [0x00000000d5580000,0x00000000d5be1628,0x00000000d5c00000)
  from space 512K, 93% used [0x00000000d5f80000,0x00000000d5ff8000,0x00000000d6000000)
  to   space 1024K, 0% used [0x00000000d5e00000,0x00000000d5e00000,0x00000000d5f00000)
 ParOldGen       total 100864K, used 100691K [0x0000000080000000, 0x0000000086280000, 0x00000000d5580000)
  object space 100864K, 99% used [0x0000000080000000,0x0000000086254c68,0x0000000086280000)
 Metaspace       used 76537K, committed 78144K, reserved 1179648K
  class space    used 8606K, committed 9344K, reserved 1048576K
}
Event: 76.182 GC heap after
{Heap after GC invocations=148 (full 3):
 PSYoungGen      total 7680K, used 544K [0x00000000d5580000, 0x00000000d6000000, 0x0000000100000000)
  eden space 6656K, 0% used [0x00000000d5580000,0x00000000d5580000,0x00000000d5c00000)
  from space 1024K, 53% used [0x00000000d5e00000,0x00000000d5e88000,0x00000000d5f00000)
  to   space 1024K, 0% used [0x00000000d5f00000,0x00000000d5f00000,0x00000000d6000000)
 ParOldGen       total 101376K, used 100931K [0x0000000080000000, 0x0000000086300000, 0x00000000d5580000)
  object space 101376K, 99% used [0x0000000080000000,0x0000000086290c68,0x0000000086300000)
 Metaspace       used 76537K, committed 78144K, reserved 1179648K
  class space    used 8606K, committed 9344K, reserved 1048576K
}
Event: 76.675 GC heap before
{Heap before GC invocations=149 (full 3):
 PSYoungGen      total 7680K, used 7067K [0x00000000d5580000, 0x00000000d6000000, 0x0000000100000000)
  eden space 6656K, 98% used [0x00000000d5580000,0x00000000d5bdefa0,0x00000000d5c00000)
  from space 1024K, 53% used [0x00000000d5e00000,0x00000000d5e88000,0x00000000d5f00000)
  to   space 1024K, 0% used [0x00000000d5f00000,0x00000000d5f00000,0x00000000d6000000)
 ParOldGen       total 101376K, used 100931K [0x0000000080000000, 0x0000000086300000, 0x00000000d5580000)
  object space 101376K, 99% used [0x0000000080000000,0x0000000086290c68,0x0000000086300000)
 Metaspace       used 76552K, committed 78144K, reserved 1179648K
  class space    used 8606K, committed 9344K, reserved 1048576K
}
Event: 76.676 GC heap after
{Heap after GC invocations=149 (full 3):
 PSYoungGen      total 7680K, used 544K [0x00000000d5580000, 0x00000000d6000000, 0x0000000100000000)
  eden space 6656K, 0% used [0x00000000d5580000,0x00000000d5580000,0x00000000d5c00000)
  from space 1024K, 53% used [0x00000000d5f00000,0x00000000d5f88000,0x00000000d6000000)
  to   space 1024K, 0% used [0x00000000d5e00000,0x00000000d5e00000,0x00000000d5f00000)
 ParOldGen       total 101376K, used 101203K [0x0000000080000000, 0x0000000086300000, 0x00000000d5580000)
  object space 101376K, 99% used [0x0000000080000000,0x00000000862d4c68,0x0000000086300000)
 Metaspace       used 76552K, committed 78144K, reserved 1179648K
  class space    used 8606K, committed 9344K, reserved 1048576K
}
Event: 77.404 GC heap before
{Heap before GC invocations=150 (full 3):
 PSYoungGen      total 7680K, used 7118K [0x00000000d5580000, 0x00000000d6000000, 0x0000000100000000)
  eden space 6656K, 98% used [0x00000000d5580000,0x00000000d5bebb50,0x00000000d5c00000)
  from space 1024K, 53% used [0x00000000d5f00000,0x00000000d5f88000,0x00000000d6000000)
  to   space 1024K, 0% used [0x00000000d5e00000,0x00000000d5e00000,0x00000000d5f00000)
 ParOldGen       total 101376K, used 101203K [0x0000000080000000, 0x0000000086300000, 0x00000000d5580000)
  object space 101376K, 99% used [0x0000000080000000,0x00000000862d4c68,0x0000000086300000)
 Metaspace       used 76554K, committed 78144K, reserved 1179648K
  class space    used 8606K, committed 9344K, reserved 1048576K
}
Event: 77.408 GC heap after
{Heap after GC invocations=150 (full 3):
 PSYoungGen      total 7680K, used 480K [0x00000000d5580000, 0x00000000d5f80000, 0x0000000100000000)
  eden space 6656K, 0% used [0x00000000d5580000,0x00000000d5580000,0x00000000d5c00000)
  from space 1024K, 46% used [0x00000000d5e00000,0x00000000d5e78000,0x00000000d5f00000)
  to   space 512K, 0% used [0x00000000d5f00000,0x00000000d5f00000,0x00000000d5f80000)
 ParOldGen       total 101888K, used 101579K [0x0000000080000000, 0x0000000086380000, 0x00000000d5580000)
  object space 101888K, 99% used [0x0000000080000000,0x0000000086332c68,0x0000000086380000)
 Metaspace       used 76554K, committed 78144K, reserved 1179648K
  class space    used 8606K, committed 9344K, reserved 1048576K
}
Event: 78.113 GC heap before
{Heap before GC invocations=151 (full 3):
 PSYoungGen      total 7680K, used 7136K [0x00000000d5580000, 0x00000000d5f80000, 0x0000000100000000)
  eden space 6656K, 100% used [0x00000000d5580000,0x00000000d5c00000,0x00000000d5c00000)
  from space 1024K, 46% used [0x00000000d5e00000,0x00000000d5e78000,0x00000000d5f00000)
  to   space 512K, 0% used [0x00000000d5f00000,0x00000000d5f00000,0x00000000d5f80000)
 ParOldGen       total 101888K, used 101579K [0x0000000080000000, 0x0000000086380000, 0x00000000d5580000)
  object space 101888K, 99% used [0x0000000080000000,0x0000000086332c68,0x0000000086380000)
 Metaspace       used 76948K, committed 78528K, reserved 1179648K
  class space    used 8652K, committed 9344K, reserved 1048576K
}
Event: 78.115 GC heap after
{Heap after GC invocations=151 (full 3):
 PSYoungGen      total 7168K, used 496K [0x00000000d5580000, 0x00000000d5f80000, 0x0000000100000000)
  eden space 6656K, 0% used [0x00000000d5580000,0x00000000d5580000,0x00000000d5c00000)
  from space 512K, 96% used [0x00000000d5f00000,0x00000000d5f7c020,0x00000000d5f80000)
  to   space 1024K, 0% used [0x00000000d5d80000,0x00000000d5d80000,0x00000000d5e80000)
 ParOldGen       total 102400K, used 101979K [0x0000000080000000, 0x0000000086400000, 0x00000000d5580000)
  object space 102400K, 99% used [0x0000000080000000,0x0000000086396cb8,0x0000000086400000)
 Metaspace       used 76948K, committed 78528K, reserved 1179648K
  class space    used 8652K, committed 9344K, reserved 1048576K
}
Event: 78.291 GC heap before
{Heap before GC invocations=152 (full 3):
 PSYoungGen      total 7168K, used 7152K [0x00000000d5580000, 0x00000000d5f80000, 0x0000000100000000)
  eden space 6656K, 100% used [0x00000000d5580000,0x00000000d5c00000,0x00000000d5c00000)
  from space 512K, 96% used [0x00000000d5f00000,0x00000000d5f7c020,0x00000000d5f80000)
  to   space 1024K, 0% used [0x00000000d5d80000,0x00000000d5d80000,0x00000000d5e80000)
 ParOldGen       total 102400K, used 101979K [0x0000000080000000, 0x0000000086400000, 0x00000000d5580000)
  object space 102400K, 99% used [0x0000000080000000,0x0000000086396cb8,0x0000000086400000)
 Metaspace       used 77055K, committed 78656K, reserved 1179648K
  class space    used 8661K, committed 9408K, reserved 1048576K
}
Event: 78.293 GC heap after
{Heap after GC invocations=152 (full 3):
 PSYoungGen      total 7680K, used 996K [0x00000000d5580000, 0x00000000d5f80000, 0x0000000100000000)
  eden space 6656K, 0% used [0x00000000d5580000,0x00000000d5580000,0x00000000d5c00000)
  from space 1024K, 97% used [0x00000000d5d80000,0x00000000d5e79210,0x00000000d5e80000)
  to   space 1024K, 0% used [0x00000000d5e80000,0x00000000d5e80000,0x00000000d5f80000)
 ParOldGen       total 102400K, used 102283K [0x0000000080000000, 0x0000000086400000, 0x00000000d5580000)
  object space 102400K, 99% used [0x0000000080000000,0x00000000863e2cc8,0x0000000086400000)
 Metaspace       used 77055K, committed 78656K, reserved 1179648K
  class space    used 8661K, committed 9408K, reserved 1048576K
}

Dll operation events (20 events):
Event: 0.973 Attempting to load shared library C:\Users\HS-KOO\.vscode\extensions\redhat.java-1.56.0-win32-x64\jre\21.0.12.1-win32-x86_64\bin\zip.dll
Event: 0.973 Loaded shared library C:\Users\HS-KOO\.vscode\extensions\redhat.java-1.56.0-win32-x64\jre\21.0.12.1-win32-x86_64\bin\zip.dll
Event: 1.111 Attempting to load shared library C:\Users\HS-KOO\.vscode\extensions\redhat.java-1.56.0-win32-x64\jre\21.0.12.1-win32-x86_64\bin\jimage.dll
Event: 1.111 Loaded shared library C:\Users\HS-KOO\.vscode\extensions\redhat.java-1.56.0-win32-x64\jre\21.0.12.1-win32-x86_64\bin\jimage.dll
Event: 3.460 Attempting to load shared library c:\Users\HS-KOO\.vscode\extensions\redhat.java-1.56.0-win32-x64\jre\21.0.12.1-win32-x86_64\bin\verify.dll
Event: 3.483 Loaded shared library c:\Users\HS-KOO\.vscode\extensions\redhat.java-1.56.0-win32-x64\jre\21.0.12.1-win32-x86_64\bin\verify.dll
Event: 19.157 Attempting to load shared library C:\Users\HS-KOO\AppData\Roaming\Code\User\globalStorage\redhat.java\1.56.0\config_win\org.eclipse.equinox.launcher\org.eclipse.equinox.launcher.win32.win32.x86_64_1.3.100.v20260804-1928\eclipse_11924.dll
Event: 19.166 Loaded shared library C:\Users\HS-KOO\AppData\Roaming\Code\User\globalStorage\redhat.java\1.56.0\config_win\org.eclipse.equinox.launcher\org.eclipse.equinox.launcher.win32.win32.x86_64_1.3.100.v20260804-1928\eclipse_11924.dll
Event: 27.714 Attempting to load shared library C:\Users\HS-KOO\AppData\Local\Temp\jna-2139366313\jna10930652051869372437.dll
Event: 27.769 Loaded shared library C:\Users\HS-KOO\AppData\Local\Temp\jna-2139366313\jna10930652051869372437.dll
Event: 42.136 Attempting to load shared library C:\Users\HS-KOO\.gradle\native\660c5614fbf4a5f2a75b1949f50a0caf5cd603558e7d8a26e50b933a0cfb79d1\windows-amd64\native-platform.dll
Event: 42.142 Loaded shared library C:\Users\HS-KOO\.gradle\native\660c5614fbf4a5f2a75b1949f50a0caf5cd603558e7d8a26e50b933a0cfb79d1\windows-amd64\native-platform.dll
Event: 42.521 Attempting to load shared library C:\Users\HS-KOO\.vscode\extensions\redhat.java-1.56.0-win32-x64\jre\21.0.12.1-win32-x86_64\bin\management.dll
Event: 42.526 Loaded shared library C:\Users\HS-KOO\.vscode\extensions\redhat.java-1.56.0-win32-x64\jre\21.0.12.1-win32-x86_64\bin\management.dll
Event: 42.547 Attempting to load shared library C:\Users\HS-KOO\.vscode\extensions\redhat.java-1.56.0-win32-x64\jre\21.0.12.1-win32-x86_64\bin\management_ext.dll
Event: 42.553 Loaded shared library C:\Users\HS-KOO\.vscode\extensions\redhat.java-1.56.0-win32-x64\jre\21.0.12.1-win32-x86_64\bin\management_ext.dll
Event: 47.838 Attempting to load shared library C:\Users\HS-KOO\.vscode\extensions\redhat.java-1.56.0-win32-x64\jre\21.0.12.1-win32-x86_64\bin\extnet.dll
Event: 47.840 Loaded shared library C:\Users\HS-KOO\.vscode\extensions\redhat.java-1.56.0-win32-x64\jre\21.0.12.1-win32-x86_64\bin\extnet.dll
Event: 48.088 Attempting to load shared library C:\Users\HS-KOO\.vscode\extensions\redhat.java-1.56.0-win32-x64\jre\21.0.12.1-win32-x86_64\bin\sunmscapi.dll
Event: 48.093 Loaded shared library C:\Users\HS-KOO\.vscode\extensions\redhat.java-1.56.0-win32-x64\jre\21.0.12.1-win32-x86_64\bin\sunmscapi.dll

Deoptimization events (20 events):
Event: 78.235 Thread 0x000001b57b5e2a70 DEOPT PACKING pc=0x000001b524578b34 sp=0x000000797dbfe550
Event: 78.235 Thread 0x000001b57b5e2a70 DEOPT UNPACKING pc=0x000001b523983aa2 sp=0x000000797dbfe4e8 mode 2
Event: 78.235 Thread 0x000001b57b5e2a70 Uncommon trap: trap_request=0xffffffde fr.pc=0x000001b524578b34 relative=0x00000000000001f4
Event: 78.235 Thread 0x000001b57b5e2a70 Uncommon trap: reason=class_check action=maybe_recompile pc=0x000001b524578b34 method=org.eclipse.jdt.internal.core.util.Util.equalArraysOrNull([Ljava/lang/Object;[Ljava/lang/Object;)Z @ 55 c2
Event: 78.235 Thread 0x000001b57b5e2a70 DEOPT PACKING pc=0x000001b524578b34 sp=0x000000797dbfe550
Event: 78.235 Thread 0x000001b57b5e2a70 DEOPT UNPACKING pc=0x000001b523983aa2 sp=0x000000797dbfe4e8 mode 2
Event: 78.251 Thread 0x000001b578d16f00 Uncommon trap: trap_request=0xffffffc6 fr.pc=0x000001b52431acec relative=0x0000000000000d4c
Event: 78.251 Thread 0x000001b578d16f00 Uncommon trap: reason=bimorphic_or_optimized_type_check action=maybe_recompile pc=0x000001b52431acec method=java.util.concurrent.ConcurrentHashMap.putVal(Ljava/lang/Object;Ljava/lang/Object;Z)Ljava/lang/Object; @ 159 c2
Event: 78.251 Thread 0x000001b578d16f00 DEOPT PACKING pc=0x000001b52431acec sp=0x000000797f5fdab0
Event: 78.251 Thread 0x000001b578d16f00 DEOPT UNPACKING pc=0x000001b523983aa2 sp=0x000000797f5fda40 mode 2
Event: 78.260 Thread 0x000001b578d17c20 DEOPT PACKING pc=0x000001b51de2dff3 sp=0x000000797c0fed80
Event: 78.260 Thread 0x000001b578d17c20 DEOPT UNPACKING pc=0x000001b523984242 sp=0x000000797c0fe228 mode 0
Event: 78.266 Thread 0x000001b578d17c20 Uncommon trap: trap_request=0xffffff45 fr.pc=0x000001b52475f4b0 relative=0x0000000000000170
Event: 78.267 Thread 0x000001b578d17c20 Uncommon trap: reason=unstable_if action=reinterpret pc=0x000001b52475f4b0 method=org.eclipse.jdt.internal.core.index.Index.isMatch([C[CI)Z @ 1 c2
Event: 78.267 Thread 0x000001b578d17c20 DEOPT PACKING pc=0x000001b52475f4b0 sp=0x000000797c0ff000
Event: 78.267 Thread 0x000001b578d17c20 DEOPT UNPACKING pc=0x000001b523983aa2 sp=0x000000797c0fefa0 mode 2
Event: 78.343 Thread 0x000001b578d17c20 Uncommon trap: trap_request=0xffffff45 fr.pc=0x000001b524597fd4 relative=0x0000000000001054
Event: 78.343 Thread 0x000001b578d17c20 Uncommon trap: reason=unstable_if action=reinterpret pc=0x000001b524597fd4 method=org.eclipse.core.runtime.Path.toOSString()Ljava/lang/String; @ 66 c2
Event: 78.343 Thread 0x000001b578d17c20 DEOPT PACKING pc=0x000001b524597fd4 sp=0x000000797c0fefc0
Event: 78.343 Thread 0x000001b578d17c20 DEOPT UNPACKING pc=0x000001b523983aa2 sp=0x000000797c0fef78 mode 2

Classes loaded (20 events):
Event: 51.673 Loading class java/util/LinkedList$LLSpliterator done
Event: 59.453 Loading class java/io/ObjectStreamClass$1
Event: 59.453 Loading class java/io/ObjectStreamClass$1 done
Event: 59.453 Loading class java/io/ObjectStreamClass$MemberSignature
Event: 59.453 Loading class java/io/ObjectStreamClass$MemberSignature done
Event: 59.453 Loading class java/io/ObjectStreamClass$3
Event: 59.454 Loading class java/io/ObjectStreamClass$3 done
Event: 59.454 Loading class java/io/ObjectStreamClass$4
Event: 59.454 Loading class java/io/ObjectStreamClass$4 done
Event: 59.454 Loading class java/io/ObjectStreamClass$5
Event: 59.454 Loading class java/io/ObjectStreamClass$5 done
Event: 59.477 Loading class java/net/Proxy
Event: 59.477 Loading class java/net/Proxy done
Event: 59.501 Loading class java/io/ObjectStreamClass$ExceptionInfo
Event: 59.501 Loading class java/io/ObjectStreamClass$ExceptionInfo done
Event: 61.189 Loading class sun/reflect/generics/tree/IntSignature
Event: 61.189 Loading class sun/reflect/generics/tree/IntSignature done
Event: 78.337 Loading class java/util/stream/ReduceOps$5
Event: 78.338 Loading class java/util/stream/ReduceOps$5 done
Event: 78.338 Loading class java/util/stream/ReduceOps$CountingSink$OfRef

Classes unloaded (7 events):
Event: 28.632 Thread 0x000001b519274930 Unloading class 0x000001b5311a9c00 'java/lang/invoke/LambdaForm$MH+0x000001b5311a9c00'
Event: 28.632 Thread 0x000001b519274930 Unloading class 0x000001b5311a9800 'java/lang/invoke/LambdaForm$MH+0x000001b5311a9800'
Event: 28.632 Thread 0x000001b519274930 Unloading class 0x000001b5311a9400 'java/lang/invoke/LambdaForm$MH+0x000001b5311a9400'
Event: 28.632 Thread 0x000001b519274930 Unloading class 0x000001b5311a9000 'java/lang/invoke/LambdaForm$MH+0x000001b5311a9000'
Event: 28.632 Thread 0x000001b519274930 Unloading class 0x000001b5311a8c00 'java/lang/invoke/LambdaForm$BMH+0x000001b5311a8c00'
Event: 28.632 Thread 0x000001b519274930 Unloading class 0x000001b5311a8800 'java/lang/invoke/LambdaForm$DMH+0x000001b5311a8800'
Event: 28.632 Thread 0x000001b519274930 Unloading class 0x000001b5311a3800 'java/lang/invoke/LambdaForm$DMH+0x000001b5311a3800'

Classes redefined (0 events):
No events

Internal exceptions (20 events):
Event: 62.660 Thread 0x000001b578d16870 Exception <a 'java/lang/NoSuchMethodError'{0x00000000d5d27498}: 'java.lang.Object java.lang.invoke.DirectMethodHandle$Holder.newInvokeSpecial(java.lang.Object, java.lang.Object, int)'> (0x00000000d5d27498) 
thrown [s\src\hotspot\share\interpreter\linkResolver.cpp, line 773]
Event: 63.019 Thread 0x000001b578d16870 Exception <a 'java/lang/NoSuchMethodError'{0x00000000d5580ea8}: 'java.lang.Object java.lang.invoke.DirectMethodHandle$Holder.invokeStatic(java.lang.Object, java.lang.Object, int, int)'> (0x00000000d5580ea8) 
thrown [s\src\hotspot\share\interpreter\linkResolver.cpp, line 773]
Event: 63.020 Thread 0x000001b578d16870 Exception <a 'java/lang/NoSuchMethodError'{0x00000000d5584f08}: 'java.lang.Object java.lang.invoke.DirectMethodHandle$Holder.invokeSpecial(java.lang.Object, java.lang.Object, java.lang.Object, int, int)'> (0x00000000d5584f08) 
thrown [s\src\hotspot\share\interpreter\linkResolver.cpp, line 773]
Event: 64.709 Thread 0x000001b578d16870 Exception <a 'java/lang/NoSuchMethodError'{0x00000000d56612c0}: 'void java.lang.invoke.DelegatingMethodHandle$Holder.reinvoke_L(java.lang.Object, java.lang.Object, java.lang.Object, int, java.lang.Object, int, int)'> (0x00000000d56612c0) 
thrown [s\src\hotspot\share\interpreter\linkResolver.cpp, line 773]
Event: 69.889 Thread 0x000001b57b5e2a70 Exception <a 'java/lang/IncompatibleClassChangeError'{0x00000000d5d3e048}: Found class java.lang.Object, but interface was expected> (0x00000000d5d3e048) 
thrown [s\src\hotspot\share\interpreter\linkResolver.cpp, line 840]
Event: 69.972 Thread 0x000001b578d7b0f0 Exception <a 'java/lang/ArrayIndexOutOfBoundsException'{0x00000000d55d3110}> (0x00000000d55d3110) 
thrown [s\src\hotspot\share\runtime\sharedRuntime.cpp, line 625]
Event: 70.904 Thread 0x000001b57b5e2a70 Exception <a 'java/lang/IncompatibleClassChangeError'{0x00000000d56f0480}: Found class java.lang.Object, but interface was expected> (0x00000000d56f0480) 
thrown [s\src\hotspot\share\interpreter\linkResolver.cpp, line 840]
Event: 71.047 Thread 0x000001b57b5e2a70 Exception <a 'java/lang/NoSuchMethodError'{0x00000000d584c260}: 'java.lang.Object java.lang.invoke.DirectMethodHandle$Holder.newInvokeSpecial(java.lang.Object, java.lang.Object, java.lang.Object, java.lang.Object, java.lang.Object, java.lang.Object, java.lang.Object)'> (0x00000000d584c260) 
thrown [s\src\hotspot\share\interpreter\linkResolver.cpp, line 773]
Event: 71.332 Thread 0x000001b57b5e2a70 Exception <a 'java/lang/ArrayIndexOutOfBoundsException'{0x00000000d5c240f8}: Index 727 out of bounds for length 727> (0x00000000d5c240f8) 
thrown [s\src\hotspot\share\interpreter\interpreterRuntime.cpp, line 439]
Event: 71.332 Thread 0x000001b57b5e2a70 Exception <a 'java/lang/ArrayIndexOutOfBoundsException'{0x00000000d5c24738}: Index 727 out of bounds for length 727> (0x00000000d5c24738) 
thrown [s\src\hotspot\share\interpreter\interpreterRuntime.cpp, line 439]
Event: 71.333 Thread 0x000001b57b5e2a70 Exception <a 'java/lang/ArrayIndexOutOfBoundsException'{0x00000000d5c24ac8}: Index 728 out of bounds for length 727> (0x00000000d5c24ac8) 
thrown [s\src\hotspot\share\interpreter\interpreterRuntime.cpp, line 439]
Event: 77.729 Thread 0x000001b57b5e2a70 Exception <a 'java/lang/IncompatibleClassChangeError'{0x00000000d57e2720}: Found class java.lang.Object, but interface was expected> (0x00000000d57e2720) 
thrown [s\src\hotspot\share\interpreter\linkResolver.cpp, line 840]
Event: 77.793 Thread 0x000001b57b5e2a70 Exception <a 'java/lang/IncompatibleClassChangeError'{0x00000000d58566c0}: Found class java.lang.Object, but interface was expected> (0x00000000d58566c0) 
thrown [s\src\hotspot\share\interpreter\linkResolver.cpp, line 840]
Event: 77.793 Thread 0x000001b57b5e2a70 Exception <a 'java/lang/IncompatibleClassChangeError'{0x00000000d585a298}: Found class java.lang.Object, but interface was expected> (0x00000000d585a298) 
thrown [s\src\hotspot\share\interpreter\linkResolver.cpp, line 840]
Event: 77.921 Thread 0x000001b57b5e2a70 Exception <a 'sun/nio/fs/WindowsException'{0x00000000d59df110}> (0x00000000d59df110) 
thrown [s\src\hotspot\share\prims\jni.cpp, line 520]
Event: 77.922 Thread 0x000001b57b5e2a70 Exception <a 'sun/nio/fs/WindowsException'{0x00000000d59df9f0}> (0x00000000d59df9f0) 
thrown [s\src\hotspot\share\prims\jni.cpp, line 520]
Event: 78.081 Thread 0x000001b578d17c20 Implicit null exception at 0x000001b5246e1c62 to 0x000001b5246e20a0
Event: 78.095 Thread 0x000001b578d17c20 Implicit null exception at 0x000001b524763093 to 0x000001b524764310
Event: 78.108 Thread 0x000001b578d7a3d0 Exception <a 'java/lang/ArrayIndexOutOfBoundsException'{0x00000000d5bc3a98}> (0x00000000d5bc3a98) 
thrown [s\src\hotspot\share\runtime\sharedRuntime.cpp, line 625]
Event: 78.266 Thread 0x000001b578d17c20 Implicit null exception at 0x000001b52475f35a to 0x000001b52475f4a0

ZGC Phase Switch (0 events):
No events

VM Operations (20 events):
Event: 73.177 Executing safepoint VM operation: ParallelGCFailedAllocation (Allocation Failure)
Event: 73.178 Executing safepoint VM operation: ParallelGCFailedAllocation (Allocation Failure) done
Event: 74.125 Executing safepoint VM operation: ParallelGCFailedAllocation (Allocation Failure)
Event: 74.130 Executing safepoint VM operation: ParallelGCFailedAllocation (Allocation Failure) done
Event: 75.131 Executing safepoint VM operation: Cleanup
Event: 75.131 Executing safepoint VM operation: Cleanup done
Event: 75.237 Executing safepoint VM operation: ParallelGCFailedAllocation (Allocation Failure)
Event: 75.238 Executing safepoint VM operation: ParallelGCFailedAllocation (Allocation Failure) done
Event: 76.179 Executing safepoint VM operation: ParallelGCFailedAllocation (Allocation Failure)
Event: 76.182 Executing safepoint VM operation: ParallelGCFailedAllocation (Allocation Failure) done
Event: 76.675 Executing safepoint VM operation: ParallelGCFailedAllocation (Allocation Failure)
Event: 76.676 Executing safepoint VM operation: ParallelGCFailedAllocation (Allocation Failure) done
Event: 77.404 Executing safepoint VM operation: ParallelGCFailedAllocation (Allocation Failure)
Event: 77.408 Executing safepoint VM operation: ParallelGCFailedAllocation (Allocation Failure) done
Event: 77.950 Executing non-safepoint VM operation: HandshakeAllThreads (Deoptimize)
Event: 77.957 Executing non-safepoint VM operation: HandshakeAllThreads (Deoptimize) done
Event: 78.113 Executing safepoint VM operation: ParallelGCFailedAllocation (Allocation Failure)
Event: 78.115 Executing safepoint VM operation: ParallelGCFailedAllocation (Allocation Failure) done
Event: 78.291 Executing safepoint VM operation: ParallelGCFailedAllocation (Allocation Failure)
Event: 78.293 Executing safepoint VM operation: ParallelGCFailedAllocation (Allocation Failure) done

Memory protections (0 events):
No events

Nmethod flushes (20 events):
Event: 44.706 Thread 0x000001b519274930 flushing  nmethod 0x000001b51cddcd10
Event: 44.706 Thread 0x000001b519274930 flushing  nmethod 0x000001b51cddd110
Event: 44.706 Thread 0x000001b519274930 flushing  nmethod 0x000001b51cddd590
Event: 44.706 Thread 0x000001b519274930 flushing  nmethod 0x000001b51cdddb90
Event: 44.706 Thread 0x000001b519274930 flushing  nmethod 0x000001b51cddef90
Event: 44.706 Thread 0x000001b519274930 flushing  nmethod 0x000001b51cddf890
Event: 44.706 Thread 0x000001b519274930 flushing  nmethod 0x000001b51cddfc90
Event: 44.706 Thread 0x000001b519274930 flushing  nmethod 0x000001b51cde0110
Event: 44.706 Thread 0x000001b519274930 flushing  nmethod 0x000001b51cde7010
Event: 44.706 Thread 0x000001b519274930 flushing  nmethod 0x000001b51cde7610
Event: 44.706 Thread 0x000001b519274930 flushing  nmethod 0x000001b51cde8b90
Event: 44.706 Thread 0x000001b519274930 flushing  nmethod 0x000001b51ce4c910
Event: 44.706 Thread 0x000001b519274930 flushing  nmethod 0x000001b51ce4dd90
Event: 44.706 Thread 0x000001b519274930 flushing  nmethod 0x000001b51ce51910
Event: 44.706 Thread 0x000001b519274930 flushing  nmethod 0x000001b51ce59790
Event: 44.706 Thread 0x000001b519274930 flushing  nmethod 0x000001b51ce59e10
Event: 44.706 Thread 0x000001b519274930 flushing  nmethod 0x000001b51ce78610
Event: 44.706 Thread 0x000001b519274930 flushing  nmethod 0x000001b51ce7c310
Event: 44.706 Thread 0x000001b519274930 flushing  nmethod 0x000001b51cea0690
Event: 44.706 Thread 0x000001b519274930 flushing  nmethod 0x000001b51cee7190

Events (20 events):
Event: 47.727 Thread 0x000001b578d16870 Thread added: 0x000001b578d77c70
Event: 48.022 Thread 0x000001b578d77c70 Thread added: 0x000001b578d7b780
Event: 48.741 Thread 0x000001b51938e9d0 Thread added: 0x000001b57bf0a330
Event: 48.793 Thread 0x000001b578d7aa60 Thread added: 0x000001b578d7be10
Event: 51.329 Thread 0x000001b57bf0a330 Thread exited: 0x000001b57bf0a330
Event: 51.669 Thread 0x000001b578d7b780 Thread exited: 0x000001b578d7b780
Event: 51.672 Thread 0x000001b578d77c70 Thread exited: 0x000001b578d77c70
Event: 51.682 Thread 0x000001b578d16870 Thread added: 0x000001b578d77c70
Event: 53.197 Thread 0x000001b57bf0aa00 Thread exited: 0x000001b57bf0aa00
Event: 54.063 Thread 0x000001b57a056050 Thread exited: 0x000001b57a056050
Event: 61.201 Thread 0x000001b578d77c70 Thread exited: 0x000001b578d77c70
Event: 69.910 Thread 0x000001b578d7aa60 Thread added: 0x000001b578d77c70
Event: 77.573 Thread 0x000001b57b5e2a70 Thread added: 0x000001b578d7cb30
Event: 77.624 Thread 0x000001b57b5e2a70 Thread added: 0x000001b578d7c4a0
Event: 77.635 Thread 0x000001b578d7c4a0 Thread added: 0x000001b578d7d1c0
Event: 77.780 Thread 0x000001b57b5e2a70 Thread added: 0x000001b578d7d850
Event: 77.780 Thread 0x000001b578d7d850 Thread added: 0x000001b578d16f00
Event: 77.792 Thread 0x000001b578d16f00 Thread added: 0x000001b57a3582e0
Event: 77.825 Thread 0x000001b57a3582e0 Thread added: 0x000001b57a35a3b0
Event: 77.825 Thread 0x000001b57a35a3b0 Thread added: 0x000001b57a359690


Dynamic libraries:
0x00007ff70e380000 - 0x00007ff70e38e000 	c:\Users\HS-KOO\.vscode\extensions\redhat.java-1.56.0-win32-x64\jre\21.0.12.1-win32-x86_64\bin\java.exe
0x00007ffe0d000000 - 0x00007ffe0d266000 	C:\Windows\SYSTEM32\ntdll.dll
0x00007ffe0bbf0000 - 0x00007ffe0bcb9000 	C:\Windows\System32\KERNEL32.DLL
0x00007ffe0a870000 - 0x00007ffe0ac6f000 	C:\Windows\System32\KERNELBASE.dll
0x00007ffe0a2a0000 - 0x00007ffe0a3ec000 	C:\Windows\System32\ucrtbase.dll
0x00007ffdc2400000 - 0x00007ffdc241e000 	c:\Users\HS-KOO\.vscode\extensions\redhat.java-1.56.0-win32-x64\jre\21.0.12.1-win32-x86_64\bin\VCRUNTIME140.dll
0x00007ffdbe220000 - 0x00007ffdbe238000 	c:\Users\HS-KOO\.vscode\extensions\redhat.java-1.56.0-win32-x64\jre\21.0.12.1-win32-x86_64\bin\jli.dll
0x00007ffe0b520000 - 0x00007ffe0b6e6000 	C:\Windows\System32\USER32.dll
0x00007ffe0a710000 - 0x00007ffe0a737000 	C:\Windows\System32\win32u.dll
0x00007ffe0b3b0000 - 0x00007ffe0b3db000 	C:\Windows\System32\GDI32.dll
0x00007ffe0a740000 - 0x00007ffe0a869000 	C:\Windows\System32\gdi32full.dll
0x00007ffe0ac80000 - 0x00007ffe0ad23000 	C:\Windows\System32\msvcp_win.dll
0x00007ffdecec0000 - 0x00007ffded151000 	C:\Windows\WinSxS\amd64_microsoft.windows.common-controls_6595b64144ccf1df_6.0.26100.8972_none_3e0da176e32f9d4b\COMCTL32.dll
0x00007ffe0b8f0000 - 0x00007ffe0b999000 	C:\Windows\System32\msvcrt.dll
0x00007ffe0b8b0000 - 0x00007ffe0b8e2000 	C:\Windows\System32\IMM32.DLL
0x00007ffdf19b0000 - 0x00007ffdf19bc000 	c:\Users\HS-KOO\.vscode\extensions\redhat.java-1.56.0-win32-x64\jre\21.0.12.1-win32-x86_64\bin\vcruntime140_1.dll
0x00007ffd2dfd0000 - 0x00007ffd2e05d000 	c:\Users\HS-KOO\.vscode\extensions\redhat.java-1.56.0-win32-x64\jre\21.0.12.1-win32-x86_64\bin\msvcp140.dll
0x00007ffd2d220000 - 0x00007ffd2dfc2000 	c:\Users\HS-KOO\.vscode\extensions\redhat.java-1.56.0-win32-x64\jre\21.0.12.1-win32-x86_64\bin\server\jvm.dll
0x00007ffe0b2e0000 - 0x00007ffe0b39c000 	C:\Windows\System32\ADVAPI32.dll
0x00007ffe0b9a0000 - 0x00007ffe0ba4a000 	C:\Windows\System32\sechost.dll
0x00007ffe0ad30000 - 0x00007ffe0ae48000 	C:\Windows\System32\RPCRT4.dll
0x00007ffe0ca80000 - 0x00007ffe0cb02000 	C:\Windows\System32\WS2_32.dll
0x00007ffe08d20000 - 0x00007ffe08d7e000 	C:\Windows\SYSTEM32\POWRPROF.dll
0x00007ffe04250000 - 0x00007ffe04286000 	C:\Windows\SYSTEM32\WINMM.dll
0x00007ffe00570000 - 0x00007ffe0057b000 	C:\Windows\SYSTEM32\VERSION.dll
0x00007ffe08d00000 - 0x00007ffe08d15000 	C:\Windows\SYSTEM32\UMPDC.dll
0x00007ffe08fe0000 - 0x00007ffe08ffb000 	C:\Windows\SYSTEM32\kernel.appcore.dll
0x00007ffdd8c80000 - 0x00007ffdd8c8a000 	c:\Users\HS-KOO\.vscode\extensions\redhat.java-1.56.0-win32-x64\jre\21.0.12.1-win32-x86_64\bin\jimage.dll
0x00007ffe07770000 - 0x00007ffe079b2000 	C:\Windows\SYSTEM32\DBGHELP.DLL
0x00007ffe0c550000 - 0x00007ffe0c8d5000 	C:\Windows\System32\combase.dll
0x00007ffe0b440000 - 0x00007ffe0b519000 	C:\Windows\System32\OLEAUT32.dll
0x00007ffde8150000 - 0x00007ffde818b000 	C:\Windows\SYSTEM32\dbgcore.DLL
0x00007ffe0a650000 - 0x00007ffe0a6fc000 	C:\Windows\System32\bcryptPrimitives.dll
0x00007ffd70170000 - 0x00007ffd7017f000 	c:\Users\HS-KOO\.vscode\extensions\redhat.java-1.56.0-win32-x64\jre\21.0.12.1-win32-x86_64\bin\instrument.dll
0x00007ffdbe200000 - 0x00007ffdbe220000 	c:\Users\HS-KOO\.vscode\extensions\redhat.java-1.56.0-win32-x64\jre\21.0.12.1-win32-x86_64\bin\java.dll
0x00007ffe0bcc0000 - 0x00007ffe0c448000 	C:\Windows\System32\SHELL32.dll
0x00007ffe07ca0000 - 0x00007ffe0853b000 	C:\Windows\SYSTEM32\windows.storage.dll
0x00007ffe0c8e0000 - 0x00007ffe0c9d9000 	C:\Windows\System32\SHCORE.dll
0x00007ffe0cd10000 - 0x00007ffe0cd76000 	C:\Windows\System32\shlwapi.dll
0x00007ffe0a130000 - 0x00007ffe0a159000 	C:\Windows\SYSTEM32\profapi.dll
0x00007ffd55070000 - 0x00007ffd55088000 	c:\Users\HS-KOO\.vscode\extensions\redhat.java-1.56.0-win32-x64\jre\21.0.12.1-win32-x86_64\bin\zip.dll
0x00007ffd75590000 - 0x00007ffd755a0000 	C:\Users\HS-KOO\.vscode\extensions\redhat.java-1.56.0-win32-x64\jre\21.0.12.1-win32-x86_64\bin\net.dll
0x00007ffe012c0000 - 0x00007ffe013e8000 	C:\Windows\SYSTEM32\WINHTTP.dll
0x00007ffe09570000 - 0x00007ffe095dc000 	C:\Windows\system32\mswsock.dll
0x00007ffd276e0000 - 0x00007ffd276f6000 	C:\Users\HS-KOO\.vscode\extensions\redhat.java-1.56.0-win32-x64\jre\21.0.12.1-win32-x86_64\bin\nio.dll
0x00007ffd59ab0000 - 0x00007ffd59ac0000 	c:\Users\HS-KOO\.vscode\extensions\redhat.java-1.56.0-win32-x64\jre\21.0.12.1-win32-x86_64\bin\verify.dll
0x00007ffd6ffb0000 - 0x00007ffd6fff5000 	C:\Users\HS-KOO\AppData\Roaming\Code\User\globalStorage\redhat.java\1.56.0\config_win\org.eclipse.equinox.launcher\org.eclipse.equinox.launcher.win32.win32.x86_64_1.3.100.v20260804-1928\eclipse_11924.dll
0x00007ffe0ba50000 - 0x00007ffe0bbe9000 	C:\Windows\System32\ole32.dll
0x00007ffe09990000 - 0x00007ffe099ab000 	C:\Windows\SYSTEM32\CRYPTSP.dll
0x00007ffe08f40000 - 0x00007ffe08f79000 	C:\Windows\system32\rsaenh.dll
0x00007ffe09620000 - 0x00007ffe09652000 	C:\Windows\SYSTEM32\USERENV.dll
0x00007ffe0a100000 - 0x00007ffe0a12a000 	C:\Windows\SYSTEM32\bcrypt.dll
0x00007ffe097d0000 - 0x00007ffe097dc000 	C:\Windows\SYSTEM32\CRYPTBASE.dll
0x00007ffe08950000 - 0x00007ffe08983000 	C:\Windows\SYSTEM32\IPHLPAPI.DLL
0x00007ffe0ca70000 - 0x00007ffe0ca7a000 	C:\Windows\System32\NSI.dll
0x00007ffde12d0000 - 0x00007ffde1319000 	C:\Users\HS-KOO\AppData\Local\Temp\jna-2139366313\jna10930652051869372437.dll
0x00007ffe0cb10000 - 0x00007ffe0cb18000 	C:\Windows\System32\PSAPI.DLL
0x00007ffe03340000 - 0x00007ffe0335d000 	C:\Windows\SYSTEM32\dhcpcsvc6.DLL
0x00007ffe032f0000 - 0x00007ffe03315000 	C:\Windows\SYSTEM32\dhcpcsvc.DLL
0x00007ffd25180000 - 0x00007ffd251a7000 	C:\Users\HS-KOO\.gradle\native\660c5614fbf4a5f2a75b1949f50a0caf5cd603558e7d8a26e50b933a0cfb79d1\windows-amd64\native-platform.dll
0x00007ffd59900000 - 0x00007ffd5990a000 	C:\Users\HS-KOO\.vscode\extensions\redhat.java-1.56.0-win32-x64\jre\21.0.12.1-win32-x86_64\bin\management.dll
0x00007ffd589a0000 - 0x00007ffd589ac000 	C:\Users\HS-KOO\.vscode\extensions\redhat.java-1.56.0-win32-x64\jre\21.0.12.1-win32-x86_64\bin\management_ext.dll
0x00007ffd239d0000 - 0x00007ffd239d9000 	C:\Users\HS-KOO\.vscode\extensions\redhat.java-1.56.0-win32-x64\jre\21.0.12.1-win32-x86_64\bin\extnet.dll
0x00007ffdab580000 - 0x00007ffdab58e000 	C:\Users\HS-KOO\.vscode\extensions\redhat.java-1.56.0-win32-x64\jre\21.0.12.1-win32-x86_64\bin\sunmscapi.dll
0x00007ffe0a400000 - 0x00007ffe0a57e000 	C:\Windows\System32\CRYPT32.dll
0x00007ffe09b00000 - 0x00007ffe09b30000 	C:\Windows\SYSTEM32\ncrypt.dll
0x00007ffe09ab0000 - 0x00007ffe09aef000 	C:\Windows\SYSTEM32\NTASN1.dll
0x00007ffdfe130000 - 0x00007ffdfe138000 	C:\Windows\system32\wshunix.dll

JVMTI agents:
c:\Users\HS-KOO\.vscode\extensions\redhat.java-1.56.0-win32-x64\lombok\lombok-1.18.39-4050.jar path:c:\Users\HS-KOO\.vscode\extensions\redhat.java-1.56.0-win32-x64\jre\21.0.12.1-win32-x86_64\bin\instrument.dll, loaded, initialized, instrumentlib options:none

dbghelp: loaded successfully - version: 4.0.5 - missing functions: none
symbol engine: initialized successfully - sym options: 0x614 - pdb path: .;c:\Users\HS-KOO\.vscode\extensions\redhat.java-1.56.0-win32-x64\jre\21.0.12.1-win32-x86_64\bin;C:\Windows\SYSTEM32;C:\Windows\WinSxS\amd64_microsoft.windows.common-controls_6595b64144ccf1df_6.0.26100.8972_none_3e0da176e32f9d4b;c:\Users\HS-KOO\.vscode\extensions\redhat.java-1.56.0-win32-x64\jre\21.0.12.1-win32-x86_64\bin\server;C:\Users\HS-KOO\AppData\Roaming\Code\User\globalStorage\redhat.java\1.56.0\config_win\org.eclipse.equinox.launcher\org.eclipse.equinox.launcher.win32.win32.x86_64_1.3.100.v20260804-1928;C:\Users\HS-KOO\AppData\Local\Temp\jna-2139366313;C:\Users\HS-KOO\.gradle\native\660c5614fbf4a5f2a75b1949f50a0caf5cd603558e7d8a26e50b933a0cfb79d1\windows-amd64

VM Arguments:
jvm_args: --add-modules=ALL-SYSTEM --add-opens=java.base/java.util=ALL-UNNAMED --add-opens=java.base/java.lang=ALL-UNNAMED --add-opens=java.base/sun.nio.fs=ALL-UNNAMED -Declipse.application=org.eclipse.jdt.ls.core.id1 -Dosgi.bundles.defaultStartLevel=4 -Declipse.product=org.eclipse.jdt.ls.core.product -Djava.import.generatesMetadataFilesAtProjectRoot=false -Dm2e.project.cache.size=50 -DDetectVMInstallationsJob.disabled=true -Dfile.encoding=utf8 -XX:+UseParallelGC -XX:GCTimeRatio=4 -XX:AdaptiveSizePolicyWeight=90 -Dsun.zip.disableMemoryMapping=true -Xmx2G -Xms100m -Xlog:disable -javaagent:c:\Users\HS-KOO\.vscode\extensions\redhat.java-1.56.0-win32-x64\lombok\lombok-1.18.39-4050.jar -XX:+HeapDumpOnOutOfMemoryError -XX:HeapDumpPath=c:\Users\HS-KOO\AppData\Roaming\Code\User\workspaceStorage\fb4b289124c7df1bf1642105e68f26c5\redhat.java -Daether.dependencyCollector.impl=bf 
java_command: c:\Users\HS-KOO\.vscode\extensions\redhat.java-1.56.0-win32-x64\server\plugins\org.eclipse.equinox.launcher_1.8.0.v20260804-1928.jar -configuration c:\Users\HS-KOO\AppData\Roaming\Code\User\globalStorage\redhat.java\1.56.0\config_win -data c:\Users\HS-KOO\AppData\Roaming\Code\User\workspaceStorage\fb4b289124c7df1bf1642105e68f26c5\redhat.java\jdt_ws --pipe=\\.\pipe\lsp-5a3e8b23fc4cf1222142f1e944564818-sock
java_class_path (initial): c:\Users\HS-KOO\.vscode\extensions\redhat.java-1.56.0-win32-x64\server\plugins\org.eclipse.equinox.launcher_1.8.0.v20260804-1928.jar
Launcher Type: SUN_STANDARD

[Global flags]
    uintx AdaptiveSizePolicyWeight                 = 90                                        {product} {command line}
     intx CICompilerCount                          = 12                                        {product} {ergonomic}
    uintx GCTimeRatio                              = 4                                         {product} {command line}
     bool HeapDumpOnOutOfMemoryError               = true                                   {manageable} {command line}
    ccstr HeapDumpPath                             = c:\Users\HS-KOO\AppData\Roaming\Code\User\workspaceStorage\fb4b289124c7df1bf1642105e68f26c5\redhat.java         {manageable} {command line}
   size_t InitialHeapSize                          = 104857600                                 {product} {command line}
   size_t MaxHeapSize                              = 2147483648                                {product} {command line}
   size_t MaxNewSize                               = 715653120                                 {product} {ergonomic}
   size_t MinHeapDeltaBytes                        = 524288                                    {product} {ergonomic}
   size_t MinHeapSize                              = 104857600                                 {product} {command line}
   size_t NewSize                                  = 34603008                                  {product} {ergonomic}
    uintx NonNMethodCodeHeapSize                   = 7602480                                {pd product} {ergonomic}
    uintx NonProfiledCodeHeapSize                  = 122027880                              {pd product} {ergonomic}
   size_t OldSize                                  = 70254592                                  {product} {ergonomic}
    uintx ProfiledCodeHeapSize                     = 122027880                              {pd product} {ergonomic}
    uintx ReservedCodeCacheSize                    = 251658240                              {pd product} {ergonomic}
     bool SegmentedCodeCache                       = true                                      {product} {ergonomic}
   size_t SoftMaxHeapSize                          = 2147483648                             {manageable} {ergonomic}
     bool UseCompressedOops                        = true                           {product lp64_product} {ergonomic}
     bool UseLargePagesIndividualAllocation        = false                                  {pd product} {ergonomic}
     bool UseParallelGC                            = true                                      {product} {command line}

Logging:
Log output configuration:
 #0: stdout all=off uptime,level,tags foldmultilines=false
 #1: stderr all=off uptime,level,tags foldmultilines=false

Release file:
JAVA_VERSION="21.0.12.1" 
MODULES="java.base java.compiler java.datatransfer java.xml java.prefs java.desktop java.instrument java.logging java.management java.security.sasl java.naming java.rmi java.management.rmi java.net.http java.scripting java.security.jgss java.transaction.xa java.sql java.sql.rowset java.xml.crypto java.se java.smartcardio jdk.accessibility jdk.internal.jvmstat jdk.attach jdk.charsets jdk.internal.opt jdk.zipfs jdk.compiler jdk.crypto.ec jdk.crypto.cryptoki jdk.crypto.mscapi jdk.dynalink jdk.internal.ed jdk.editpad jdk.hotspot.agent jdk.httpserver jdk.internal.le jdk.internal.vm.ci jdk.internal.vm.compiler jdk.internal.vm.compiler.management jdk.jartool jdk.javadoc jdk.jcmd jdk.management jdk.management.agent jdk.jconsole jdk.jdeps jdk.jdwp.agent jdk.jdi jdk.jfr jdk.jshell jdk.jsobject jdk.jstatd jdk.localedata jdk.management.jfr jdk.naming.dns jdk.naming.rmi jdk.net jdk.nio.mapmode jdk.random jdk.sctp jdk.security.auth jdk.security.jgss jdk.unsupported jdk.unsupported.desktop jdk.xml.dom" 

Environment Variables:
PATH=C:\Program Files\Common Files\Oracle\Java\javapath;C:\Windows\system32;C:\Windows;C:\Windows\System32\Wbem;C:\Windows\System32\WindowsPowerShell\v1.0\;C:\Windows\System32\OpenSSH\;C:\Program Files\Bandizip\;C:\Program Files\dotnet\;C:\Program Files (x86)\NVIDIA Corporation\PhysX\Common;C:\Program Files\Git\cmd;C:\Users\HS-KOO\AppData\Local\Microsoft\WindowsApps;C:\Users\HS-KOO\AppData\Local\Programs\Microsoft VS Code\bin
USERNAME=HS-KOO
OS=Windows_NT
PROCESSOR_IDENTIFIER=Intel64 Family 6 Model 183 Stepping 1, GenuineIntel
TMP=C:\Users\HS-KOO\AppData\Local\Temp
TEMP=C:\Users\HS-KOO\AppData\Local\Temp




Periodic native trim disabled

---------------  S Y S T E M  ---------------

OS:
 Windows 11 , 64 bit Build 26100 (10.0.26100.9168)
OS uptime: 0 days 0:13 hours
Hyper-V role detected

CPU: total 20 (initial active 20) (10 cores per cpu, 2 threads per core) family 6 model 183 stepping 1 microcode 0x133, cx8, cmov, fxsr, ht, mmx, 3dnowpref, sse, sse2, sse3, ssse3, sse4.1, sse4.2, popcnt, lzcnt, tsc, tscinvbit, avx, avx2, aes, erms, clmul, bmi1, bmi2, adx, sha, fma, vzeroupper, clflush, clflushopt, clwb, hv, serialize, rdtscp, rdpid, fsrm, f16c, cet_ibt, cet_ss
Processor Information for processor 0
  Max Mhz: 2600, Current Mhz: 2600, Mhz Limit: 2600
Processor Information for processor 1
  Max Mhz: 2600, Current Mhz: 2600, Mhz Limit: 2600
Processor Information for processor 2
  Max Mhz: 2600, Current Mhz: 2600, Mhz Limit: 2600
Processor Information for processor 3
  Max Mhz: 2600, Current Mhz: 2600, Mhz Limit: 2600
Processor Information for processor 4
  Max Mhz: 2600, Current Mhz: 2600, Mhz Limit: 2600
Processor Information for processor 5
  Max Mhz: 2600, Current Mhz: 2600, Mhz Limit: 2600
Processor Information for processor 6
  Max Mhz: 2600, Current Mhz: 2600, Mhz Limit: 2600
Processor Information for processor 7
  Max Mhz: 2600, Current Mhz: 2600, Mhz Limit: 2600
Processor Information for processor 8
  Max Mhz: 2600, Current Mhz: 2600, Mhz Limit: 2600
Processor Information for processor 9
  Max Mhz: 2600, Current Mhz: 2600, Mhz Limit: 2600
Processor Information for processor 10
  Max Mhz: 2600, Current Mhz: 2600, Mhz Limit: 2600
Processor Information for processor 11
  Max Mhz: 2600, Current Mhz: 2600, Mhz Limit: 2600
Processor Information for processor 12
  Max Mhz: 2600, Current Mhz: 1505, Mhz Limit: 2600
Processor Information for processor 13
  Max Mhz: 2600, Current Mhz: 2326, Mhz Limit: 2600
Processor Information for processor 14
  Max Mhz: 2600, Current Mhz: 2326, Mhz Limit: 2600
Processor Information for processor 15
  Max Mhz: 2600, Current Mhz: 2326, Mhz Limit: 2600
Processor Information for processor 16
  Max Mhz: 2600, Current Mhz: 2326, Mhz Limit: 2600
Processor Information for processor 17
  Max Mhz: 2600, Current Mhz: 2326, Mhz Limit: 2600
Processor Information for processor 18
  Max Mhz: 2600, Current Mhz: 2326, Mhz Limit: 2600
Processor Information for processor 19
  Max Mhz: 2600, Current Mhz: 2326, Mhz Limit: 2600

Memory: 4k page, system-wide physical 16068M (7M free)
TotalPageFile size 65220M (AvailPageFile size 52M)
current process WorkingSet (physical memory assigned to process): 148M, peak: 354M
current process commit charge ("private bytes"): 462M, peak: 464M

vm_info: OpenJDK 64-Bit Server VM (21.0.12.1+1-LTS) for windows-amd64 JRE (21.0.12.1+1-LTS), built on 2026-08-18T00:00:00Z by "admin" with MS VC++ 17.12 (VS2022)

END.
