#
# There is insufficient memory for the Java Runtime Environment to continue.
# Native memory allocation (malloc) failed to allocate 1905616 bytes. Error detail: Chunk::new
# Possible reasons:
#   The system is out of physical RAM or swap space
#   This process is running with CompressedOops enabled, and the Java Heap may be blocking the growth of the native heap
# Possible solutions:
#   Reduce memory load on the system
#   Increase physical memory or swap space
#   Check if swap backing store is full
#   Decrease Java heap size (-Xmx/-Xms)
#   Decrease number of Java threads
#   Decrease Java thread stack sizes (-Xss)
#   Set larger code cache with -XX:ReservedCodeCacheSize=
#   JVM is running with Unscaled Compressed Oops mode in which the Java heap is
#     placed in the first 4GB address space. The Java Heap base address is the
#     maximum limit for the native heap growth. Please use -XX:HeapBaseMinAddress
#     to set the Java Heap base and to place the Java Heap above 4GB virtual address.
# This output file may be truncated or incomplete.
#
#  Out of Memory Error (arena.cpp:168), pid=44600, tid=3104
#
# JRE version: OpenJDK Runtime Environment Temurin-21.0.12.1+1 (21.0.12.1+1) (build 21.0.12.1+1-LTS)
# Java VM: OpenJDK 64-Bit Server VM Temurin-21.0.12.1+1 (21.0.12.1+1-LTS, mixed mode, sharing, tiered, compressed oops, compressed class ptrs, g1 gc, windows-amd64)
# No core dump will be written. Minidumps are not enabled by default on client versions of Windows
#

---------------  S U M M A R Y ------------

Command Line: --add-opens=java.base/java.lang=ALL-UNNAMED --add-opens=java.base/java.lang.invoke=ALL-UNNAMED --add-opens=java.base/java.util=ALL-UNNAMED --add-opens=java.prefs/java.util.prefs=ALL-UNNAMED --add-exports=jdk.compiler/com.sun.tools.javac.api=ALL-UNNAMED --add-exports=jdk.compiler/com.sun.tools.javac.util=ALL-UNNAMED --add-opens=java.base/java.nio.charset=ALL-UNNAMED --add-opens=java.base/java.net=ALL-UNNAMED --add-opens=java.base/java.util.concurrent=ALL-UNNAMED --add-opens=java.base/java.util.concurrent.atomic=ALL-UNNAMED --add-opens=java.xml/javax.xml.namespace=ALL-UNNAMED --add-opens=java.base/java.time=ALL-UNNAMED -XX:MaxMetaspaceSize=384m -XX:+HeapDumpOnOutOfMemoryError -Xms256m -Xmx512m -Dfile.encoding=UTF-8 -Duser.country=KR -Duser.language=ko -Duser.variant -javaagent:C:\Users\HS-KOO\.gradle\wrapper\dists\gradle-9.5.1-bin\iq79hdu3mqx29lgffhp8bfmx\gradle-9.5.1\lib\agents\gradle-instrumentation-agent-9.5.1.jar org.gradle.launcher.daemon.bootstrap.GradleDaemon 9.5.1

Host: 13th Gen Intel(R) Core(TM) i7-13650HX, 20 cores, 15G,  Windows 11 , 64 bit Build 26100 (10.0.26100.9168)
Time: Wed Sep  9 09:03:32 2026 elapsed time: 39.916425 seconds (0d 0h 0m 39s)

---------------  T H R E A D  ---------------

Current thread (0x000001aaa9542820):  JavaThread "C2 CompilerThread0" daemon [_thread_in_native, id=3104, stack(0x0000006f5b700000,0x0000006f5b800000) (1024K)]


Current CompileTask:
C2:39919 5168       4       java.lang.invoke.InvokerBytecodeGenerator::addMethod (725 bytes)

Stack: [0x0000006f5b700000,0x0000006f5b800000]
Native frames: (J=compiled Java code, j=interpreted, Vv=VM code, C=native code)
V  [jvm.dll+0x6d83e9]
V  [jvm.dll+0x8b5736]
V  [jvm.dll+0x8b7cee]
V  [jvm.dll+0x8b83d3]
V  [jvm.dll+0x284596]
V  [jvm.dll+0xc685d]
V  [jvm.dll+0xc6da1]
V  [jvm.dll+0x3bf151]
V  [jvm.dll+0x38b6d2]
V  [jvm.dll+0x38ab1a]
V  [jvm.dll+0x24c700]
V  [jvm.dll+0x24bce0]
V  [jvm.dll+0x1cb4ae]
V  [jvm.dll+0x25baad]
V  [jvm.dll+0x25a03a]
V  [jvm.dll+0x3f8aae]
V  [jvm.dll+0x8600cd]
V  [jvm.dll+0x6d6c1d]
C  [ucrtbase.dll+0x2cd30]
C  [KERNEL32.DLL+0x2ccb7]
C  [ntdll.dll+0xaad6c]


---------------  P R O C E S S  ---------------

Threads class SMR info:
_java_thread_list=0x000001aac6f52ed0, length=40, elements={
0x000001aa92c05280, 0x000001aaa952fe40, 0x000001aaa95328b0, 0x000001aaa95384d0,
0x000001aaa9539190, 0x000001aaa9539fa0, 0x000001aaa953f1b0, 0x000001aaa9542820,
0x000001aaa9547a90, 0x000001aaa97ceee0, 0x000001aaa9882f10, 0x000001aaa98382a0,
0x000001aac4967640, 0x000001aaa9696760, 0x000001aaa95f29d0, 0x000001aac355c170,
0x000001aaa958f580, 0x000001aaa9605ee0, 0x000001aac4115f70, 0x000001aac4114530,
0x000001aac4112af0, 0x000001aac4115250, 0x000001aac4113810, 0x000001aac4114bc0,
0x000001aac41158e0, 0x000001aac50f2f80, 0x000001aac50f5d70, 0x000001aac50f6a90,
0x000001aac50f6400, 0x000001aac50f4330, 0x000001aac50f49c0, 0x000001aac50f3ca0,
0x000001aac50f3610, 0x000001aac50f7120, 0x000001aac50f77b0, 0x000001aac50f5050,
0x000001aac50f9880, 0x000001aac50f7e40, 0x000001aac63f1d80, 0x000001aac7944820
}

Java Threads: ( => current thread )
  0x000001aa92c05280 JavaThread "main"                              [_thread_blocked, id=38964, stack(0x0000006f5a900000,0x0000006f5aa00000) (1024K)]
  0x000001aaa952fe40 JavaThread "Reference Handler"          daemon [_thread_blocked, id=26440, stack(0x0000006f5b100000,0x0000006f5b200000) (1024K)]
  0x000001aaa95328b0 JavaThread "Finalizer"                  daemon [_thread_blocked, id=25124, stack(0x0000006f5b200000,0x0000006f5b300000) (1024K)]
  0x000001aaa95384d0 JavaThread "Signal Dispatcher"          daemon [_thread_blocked, id=34520, stack(0x0000006f5b300000,0x0000006f5b400000) (1024K)]
  0x000001aaa9539190 JavaThread "Attach Listener"            daemon [_thread_blocked, id=16096, stack(0x0000006f5b400000,0x0000006f5b500000) (1024K)]
  0x000001aaa9539fa0 JavaThread "Service Thread"             daemon [_thread_blocked, id=32788, stack(0x0000006f5b500000,0x0000006f5b600000) (1024K)]
  0x000001aaa953f1b0 JavaThread "Monitor Deflation Thread"   daemon [_thread_blocked, id=28780, stack(0x0000006f5b600000,0x0000006f5b700000) (1024K)]
=>0x000001aaa9542820 JavaThread "C2 CompilerThread0"         daemon [_thread_in_native, id=3104, stack(0x0000006f5b700000,0x0000006f5b800000) (1024K)]
  0x000001aaa9547a90 JavaThread "C1 CompilerThread0"         daemon [_thread_blocked, id=14324, stack(0x0000006f5b800000,0x0000006f5b900000) (1024K)]
  0x000001aaa97ceee0 JavaThread "Common-Cleaner"             daemon [_thread_blocked, id=7240, stack(0x0000006f5ba00000,0x0000006f5bb00000) (1024K)]
  0x000001aaa9882f10 JavaThread "Notification Thread"        daemon [_thread_blocked, id=49876, stack(0x0000006f5bb00000,0x0000006f5bc00000) (1024K)]
  0x000001aaa98382a0 JavaThread "Daemon health stats"               [_thread_blocked, id=18892, stack(0x0000006f5b900000,0x0000006f5ba00000) (1024K)]
  0x000001aac4967640 JavaThread "Incoming local TCP Connector on port 63716"        [_thread_in_native, id=20776, stack(0x0000006f5bd00000,0x0000006f5be00000) (1024K)]
  0x000001aaa9696760 JavaThread "Daemon periodic checks"            [_thread_in_native, id=25016, stack(0x0000006f5be00000,0x0000006f5bf00000) (1024K)]
  0x000001aaa95f29d0 JavaThread "Daemon"                            [_thread_blocked, id=6780, stack(0x0000006f5bf00000,0x0000006f5c000000) (1024K)]
  0x0074007000690072 
[error occurred during error reporting (printing all threads), id 0xc0000005, EXCEPTION_ACCESS_VIOLATION (0xc0000005) at pc=0x00007ffd3788a94c]
VM state: not at safepoint (normal execution)

VM Mutex/Monitor currently owned by a thread: None

Heap address: 0x00000000e0000000, size: 512 MB, Compressed Oops mode: 32-bit

CDS archive(s) mapped at: [0x000001aaaa000000-0x000001aaaaba0000-0x000001aaaaba0000), size 12189696, SharedBaseAddress: 0x000001aaaa000000, ArchiveRelocationMode: 1.
Compressed class space mapped at: 0x000001aaab000000-0x000001aabf000000, reserved size: 335544320
Narrow klass base: 0x000001aaaa000000, Narrow klass shift: 0, Narrow klass range: 0x100000000

GC Precious Log:
 CardTable entry size: 512
 Card Set container configuration: InlinePtr #cards 5 size 8 Array Of Cards #cards 12 size 40 Howl #buckets 4 coarsen threshold 1843 Howl Bitmap #cards 512 size 80 coarsen threshold 460 Card regions per heap region 1 cards per card region 2048
 CPUs: 20 total, 20 available
 Memory: 16068M
 Large Page Support: Disabled
 NUMA Support: Disabled
 Compressed Oops: Enabled (32-bit)
 Heap Region Size: 1M
 Heap Min Capacity: 256M
 Heap Initial Capacity: 256M
 Heap Max Capacity: 512M
 Pre-touch: Disabled
 Parallel Workers: 15
 Concurrent Workers: 4
 Concurrent Refinement Workers: 15
 Periodic GC: Disabled

Heap:
 garbage-first heap   total 262144K, used 129090K [0x00000000e0000000, 0x0000000100000000)
  region size 1024K, 106 young (108544K), 10 survivors (10240K)
 Metaspace       used 46169K, committed 48064K, reserved 393216K
  class space    used 6982K, committed 7872K, reserved 327680K

Heap Regions: E=young(eden), S=young(survivor), O=old, HS=humongous(starts), HC=humongous(continues), CS=collection set, F=free, TAMS=top-at-mark-start, PB=parsable bottom
|   0|0x00000000e0000000, 0x00000000e0100000, 0x00000000e0100000|100%|HS|  |TAMS 0x00000000e0000000| PB 0x00000000e0000000| Complete 
|   1|0x00000000e0100000, 0x00000000e0200000, 0x00000000e0200000|100%|HC|  |TAMS 0x00000000e0100000| PB 0x00000000e0100000| Complete 
|   2|0x00000000e0200000, 0x00000000e0300000, 0x00000000e0300000|100%|HC|  |TAMS 0x00000000e0200000| PB 0x00000000e0200000| Complete 
|   3|0x00000000e0300000, 0x00000000e0400000, 0x00000000e0400000|100%|HC|  |TAMS 0x00000000e0300000| PB 0x00000000e0300000| Complete 
|   4|0x00000000e0400000, 0x00000000e0500000, 0x00000000e0500000|100%| O|  |TAMS 0x00000000e0400000| PB 0x00000000e0400000| Untracked 
|   5|0x00000000e0500000, 0x00000000e0600000, 0x00000000e0600000|100%| O|  |TAMS 0x00000000e0500000| PB 0x00000000e0500000| Untracked 
|   6|0x00000000e0600000, 0x00000000e0700000, 0x00000000e0700000|100%| O|  |TAMS 0x00000000e0600000| PB 0x00000000e0600000| Untracked 
|   7|0x00000000e0700000, 0x00000000e0800000, 0x00000000e0800000|100%| O|  |TAMS 0x00000000e0700000| PB 0x00000000e0700000| Untracked 
|   8|0x00000000e0800000, 0x00000000e0900000, 0x00000000e0900000|100%|HS|  |TAMS 0x00000000e0800000| PB 0x00000000e0800000| Complete 
|   9|0x00000000e0900000, 0x00000000e0a00000, 0x00000000e0a00000|100%| O|  |TAMS 0x00000000e0900000| PB 0x00000000e0900000| Untracked 
|  10|0x00000000e0a00000, 0x00000000e0b00000, 0x00000000e0b00000|100%| O|  |TAMS 0x00000000e0a00000| PB 0x00000000e0a00000| Untracked 
|  11|0x00000000e0b00000, 0x00000000e0c00000, 0x00000000e0c00000|100%| O|  |TAMS 0x00000000e0b00000| PB 0x00000000e0b00000| Untracked 
|  12|0x00000000e0c00000, 0x00000000e0c00000, 0x00000000e0d00000|  0%| F|  |TAMS 0x00000000e0c00000| PB 0x00000000e0c00000| Untracked 
|  13|0x00000000e0d00000, 0x00000000e0e00000, 0x00000000e0e00000|100%| O|  |TAMS 0x00000000e0d00000| PB 0x00000000e0d00000| Untracked 
|  14|0x00000000e0e00000, 0x00000000e0f00000, 0x00000000e0f00000|100%| O|  |TAMS 0x00000000e0e00000| PB 0x00000000e0e00000| Untracked 
|  15|0x00000000e0f00000, 0x00000000e1000000, 0x00000000e1000000|100%| O|  |TAMS 0x00000000e0f00000| PB 0x00000000e0f00000| Untracked 
|  16|0x00000000e1000000, 0x00000000e1100000, 0x00000000e1100000|100%| O|  |TAMS 0x00000000e1000000| PB 0x00000000e1000000| Untracked 
|  17|0x00000000e1100000, 0x00000000e1200000, 0x00000000e1200000|100%| O|  |TAMS 0x00000000e1100000| PB 0x00000000e1100000| Untracked 
|  18|0x00000000e1200000, 0x00000000e1300000, 0x00000000e1300000|100%| O|  |TAMS 0x00000000e1200000| PB 0x00000000e1200000| Untracked 
|  19|0x00000000e1300000, 0x00000000e1400000, 0x00000000e1400000|100%| O|  |TAMS 0x00000000e1300000| PB 0x00000000e1300000| Untracked 
|  20|0x00000000e1400000, 0x00000000e1500000, 0x00000000e1500000|100%| O|  |TAMS 0x00000000e1400000| PB 0x00000000e1400000| Untracked 
|  21|0x00000000e1500000, 0x00000000e1600000, 0x00000000e1600000|100%| O|Cm|TAMS 0x00000000e1500000| PB 0x00000000e1500000| Complete 
|  22|0x00000000e1600000, 0x00000000e16f7228, 0x00000000e1700000| 96%| O|  |TAMS 0x00000000e1600000| PB 0x00000000e1600000| Untracked 
|  23|0x00000000e1700000, 0x00000000e1700000, 0x00000000e1800000|  0%| F|  |TAMS 0x00000000e1700000| PB 0x00000000e1700000| Untracked 
|  24|0x00000000e1800000, 0x00000000e1800000, 0x00000000e1900000|  0%| F|  |TAMS 0x00000000e1800000| PB 0x00000000e1800000| Untracked 
|  25|0x00000000e1900000, 0x00000000e1900000, 0x00000000e1a00000|  0%| F|  |TAMS 0x00000000e1900000| PB 0x00000000e1900000| Untracked 
|  26|0x00000000e1a00000, 0x00000000e1a00000, 0x00000000e1b00000|  0%| F|  |TAMS 0x00000000e1a00000| PB 0x00000000e1a00000| Untracked 
|  27|0x00000000e1b00000, 0x00000000e1b00000, 0x00000000e1c00000|  0%| F|  |TAMS 0x00000000e1b00000| PB 0x00000000e1b00000| Untracked 
|  28|0x00000000e1c00000, 0x00000000e1c00000, 0x00000000e1d00000|  0%| F|  |TAMS 0x00000000e1c00000| PB 0x00000000e1c00000| Untracked 
|  29|0x00000000e1d00000, 0x00000000e1d00000, 0x00000000e1e00000|  0%| F|  |TAMS 0x00000000e1d00000| PB 0x00000000e1d00000| Untracked 
|  30|0x00000000e1e00000, 0x00000000e1e00000, 0x00000000e1f00000|  0%| F|  |TAMS 0x00000000e1e00000| PB 0x00000000e1e00000| Untracked 
|  31|0x00000000e1f00000, 0x00000000e1f00000, 0x00000000e2000000|  0%| F|  |TAMS 0x00000000e1f00000| PB 0x00000000e1f00000| Untracked 
|  32|0x00000000e2000000, 0x00000000e2000000, 0x00000000e2100000|  0%| F|  |TAMS 0x00000000e2000000| PB 0x00000000e2000000| Untracked 
|  33|0x00000000e2100000, 0x00000000e2100000, 0x00000000e2200000|  0%| F|  |TAMS 0x00000000e2100000| PB 0x00000000e2100000| Untracked 
|  34|0x00000000e2200000, 0x00000000e2200000, 0x00000000e2300000|  0%| F|  |TAMS 0x00000000e2200000| PB 0x00000000e2200000| Untracked 
|  35|0x00000000e2300000, 0x00000000e2300000, 0x00000000e2400000|  0%| F|  |TAMS 0x00000000e2300000| PB 0x00000000e2300000| Untracked 
|  36|0x00000000e2400000, 0x00000000e2400000, 0x00000000e2500000|  0%| F|  |TAMS 0x00000000e2400000| PB 0x00000000e2400000| Untracked 
|  37|0x00000000e2500000, 0x00000000e2500000, 0x00000000e2600000|  0%| F|  |TAMS 0x00000000e2500000| PB 0x00000000e2500000| Untracked 
|  38|0x00000000e2600000, 0x00000000e2600000, 0x00000000e2700000|  0%| F|  |TAMS 0x00000000e2600000| PB 0x00000000e2600000| Untracked 
|  39|0x00000000e2700000, 0x00000000e2700000, 0x00000000e2800000|  0%| F|  |TAMS 0x00000000e2700000| PB 0x00000000e2700000| Untracked 
|  40|0x00000000e2800000, 0x00000000e2800000, 0x00000000e2900000|  0%| F|  |TAMS 0x00000000e2800000| PB 0x00000000e2800000| Untracked 
|  41|0x00000000e2900000, 0x00000000e2900000, 0x00000000e2a00000|  0%| F|  |TAMS 0x00000000e2900000| PB 0x00000000e2900000| Untracked 
|  42|0x00000000e2a00000, 0x00000000e2a00000, 0x00000000e2b00000|  0%| F|  |TAMS 0x00000000e2a00000| PB 0x00000000e2a00000| Untracked 
|  43|0x00000000e2b00000, 0x00000000e2b00000, 0x00000000e2c00000|  0%| F|  |TAMS 0x00000000e2b00000| PB 0x00000000e2b00000| Untracked 
|  44|0x00000000e2c00000, 0x00000000e2c00000, 0x00000000e2d00000|  0%| F|  |TAMS 0x00000000e2c00000| PB 0x00000000e2c00000| Untracked 
|  45|0x00000000e2d00000, 0x00000000e2d00000, 0x00000000e2e00000|  0%| F|  |TAMS 0x00000000e2d00000| PB 0x00000000e2d00000| Untracked 
|  46|0x00000000e2e00000, 0x00000000e2e00000, 0x00000000e2f00000|  0%| F|  |TAMS 0x00000000e2e00000| PB 0x00000000e2e00000| Untracked 
|  47|0x00000000e2f00000, 0x00000000e2f00000, 0x00000000e3000000|  0%| F|  |TAMS 0x00000000e2f00000| PB 0x00000000e2f00000| Untracked 
|  48|0x00000000e3000000, 0x00000000e3000000, 0x00000000e3100000|  0%| F|  |TAMS 0x00000000e3000000| PB 0x00000000e3000000| Untracked 
|  49|0x00000000e3100000, 0x00000000e3100000, 0x00000000e3200000|  0%| F|  |TAMS 0x00000000e3100000| PB 0x00000000e3100000| Untracked 
|  50|0x00000000e3200000, 0x00000000e3200000, 0x00000000e3300000|  0%| F|  |TAMS 0x00000000e3200000| PB 0x00000000e3200000| Untracked 
|  51|0x00000000e3300000, 0x00000000e3300000, 0x00000000e3400000|  0%| F|  |TAMS 0x00000000e3300000| PB 0x00000000e3300000| Untracked 
|  52|0x00000000e3400000, 0x00000000e3400000, 0x00000000e3500000|  0%| F|  |TAMS 0x00000000e3400000| PB 0x00000000e3400000| Untracked 
|  53|0x00000000e3500000, 0x00000000e3500000, 0x00000000e3600000|  0%| F|  |TAMS 0x00000000e3500000| PB 0x00000000e3500000| Untracked 
|  54|0x00000000e3600000, 0x00000000e3600000, 0x00000000e3700000|  0%| F|  |TAMS 0x00000000e3600000| PB 0x00000000e3600000| Untracked 
|  55|0x00000000e3700000, 0x00000000e3700000, 0x00000000e3800000|  0%| F|  |TAMS 0x00000000e3700000| PB 0x00000000e3700000| Untracked 
|  56|0x00000000e3800000, 0x00000000e3800000, 0x00000000e3900000|  0%| F|  |TAMS 0x00000000e3800000| PB 0x00000000e3800000| Untracked 
|  57|0x00000000e3900000, 0x00000000e3900000, 0x00000000e3a00000|  0%| F|  |TAMS 0x00000000e3900000| PB 0x00000000e3900000| Untracked 
|  58|0x00000000e3a00000, 0x00000000e3a00000, 0x00000000e3b00000|  0%| F|  |TAMS 0x00000000e3a00000| PB 0x00000000e3a00000| Untracked 
|  59|0x00000000e3b00000, 0x00000000e3b00000, 0x00000000e3c00000|  0%| F|  |TAMS 0x00000000e3b00000| PB 0x00000000e3b00000| Untracked 
|  60|0x00000000e3c00000, 0x00000000e3c00000, 0x00000000e3d00000|  0%| F|  |TAMS 0x00000000e3c00000| PB 0x00000000e3c00000| Untracked 
|  61|0x00000000e3d00000, 0x00000000e3d00000, 0x00000000e3e00000|  0%| F|  |TAMS 0x00000000e3d00000| PB 0x00000000e3d00000| Untracked 
|  62|0x00000000e3e00000, 0x00000000e3e00000, 0x00000000e3f00000|  0%| F|  |TAMS 0x00000000e3e00000| PB 0x00000000e3e00000| Untracked 
|  63|0x00000000e3f00000, 0x00000000e3f00000, 0x00000000e4000000|  0%| F|  |TAMS 0x00000000e3f00000| PB 0x00000000e3f00000| Untracked 
|  64|0x00000000e4000000, 0x00000000e4000000, 0x00000000e4100000|  0%| F|  |TAMS 0x00000000e4000000| PB 0x00000000e4000000| Untracked 
|  65|0x00000000e4100000, 0x00000000e4100000, 0x00000000e4200000|  0%| F|  |TAMS 0x00000000e4100000| PB 0x00000000e4100000| Untracked 
|  66|0x00000000e4200000, 0x00000000e4200000, 0x00000000e4300000|  0%| F|  |TAMS 0x00000000e4200000| PB 0x00000000e4200000| Untracked 
|  67|0x00000000e4300000, 0x00000000e4300000, 0x00000000e4400000|  0%| F|  |TAMS 0x00000000e4300000| PB 0x00000000e4300000| Untracked 
|  68|0x00000000e4400000, 0x00000000e4400000, 0x00000000e4500000|  0%| F|  |TAMS 0x00000000e4400000| PB 0x00000000e4400000| Untracked 
|  69|0x00000000e4500000, 0x00000000e4500000, 0x00000000e4600000|  0%| F|  |TAMS 0x00000000e4500000| PB 0x00000000e4500000| Untracked 
|  70|0x00000000e4600000, 0x00000000e4600000, 0x00000000e4700000|  0%| F|  |TAMS 0x00000000e4600000| PB 0x00000000e4600000| Untracked 
|  71|0x00000000e4700000, 0x00000000e4700000, 0x00000000e4800000|  0%| F|  |TAMS 0x00000000e4700000| PB 0x00000000e4700000| Untracked 
|  72|0x00000000e4800000, 0x00000000e4800000, 0x00000000e4900000|  0%| F|  |TAMS 0x00000000e4800000| PB 0x00000000e4800000| Untracked 
|  73|0x00000000e4900000, 0x00000000e4900000, 0x00000000e4a00000|  0%| F|  |TAMS 0x00000000e4900000| PB 0x00000000e4900000| Untracked 
|  74|0x00000000e4a00000, 0x00000000e4a00000, 0x00000000e4b00000|  0%| F|  |TAMS 0x00000000e4a00000| PB 0x00000000e4a00000| Untracked 
|  75|0x00000000e4b00000, 0x00000000e4b00000, 0x00000000e4c00000|  0%| F|  |TAMS 0x00000000e4b00000| PB 0x00000000e4b00000| Untracked 
|  76|0x00000000e4c00000, 0x00000000e4c00000, 0x00000000e4d00000|  0%| F|  |TAMS 0x00000000e4c00000| PB 0x00000000e4c00000| Untracked 
|  77|0x00000000e4d00000, 0x00000000e4d00000, 0x00000000e4e00000|  0%| F|  |TAMS 0x00000000e4d00000| PB 0x00000000e4d00000| Untracked 
|  78|0x00000000e4e00000, 0x00000000e4e00000, 0x00000000e4f00000|  0%| F|  |TAMS 0x00000000e4e00000| PB 0x00000000e4e00000| Untracked 
|  79|0x00000000e4f00000, 0x00000000e4f00000, 0x00000000e5000000|  0%| F|  |TAMS 0x00000000e4f00000| PB 0x00000000e4f00000| Untracked 
|  80|0x00000000e5000000, 0x00000000e5000000, 0x00000000e5100000|  0%| F|  |TAMS 0x00000000e5000000| PB 0x00000000e5000000| Untracked 
|  81|0x00000000e5100000, 0x00000000e5100000, 0x00000000e5200000|  0%| F|  |TAMS 0x00000000e5100000| PB 0x00000000e5100000| Untracked 
|  82|0x00000000e5200000, 0x00000000e5200000, 0x00000000e5300000|  0%| F|  |TAMS 0x00000000e5200000| PB 0x00000000e5200000| Untracked 
|  83|0x00000000e5300000, 0x00000000e5300000, 0x00000000e5400000|  0%| F|  |TAMS 0x00000000e5300000| PB 0x00000000e5300000| Untracked 
|  84|0x00000000e5400000, 0x00000000e5400000, 0x00000000e5500000|  0%| F|  |TAMS 0x00000000e5400000| PB 0x00000000e5400000| Untracked 
|  85|0x00000000e5500000, 0x00000000e5500000, 0x00000000e5600000|  0%| F|  |TAMS 0x00000000e5500000| PB 0x00000000e5500000| Untracked 
|  86|0x00000000e5600000, 0x00000000e5600000, 0x00000000e5700000|  0%| F|  |TAMS 0x00000000e5600000| PB 0x00000000e5600000| Untracked 
|  87|0x00000000e5700000, 0x00000000e5700000, 0x00000000e5800000|  0%| F|  |TAMS 0x00000000e5700000| PB 0x00000000e5700000| Untracked 
|  88|0x00000000e5800000, 0x00000000e5800000, 0x00000000e5900000|  0%| F|  |TAMS 0x00000000e5800000| PB 0x00000000e5800000| Untracked 
|  89|0x00000000e5900000, 0x00000000e5900000, 0x00000000e5a00000|  0%| F|  |TAMS 0x00000000e5900000| PB 0x00000000e5900000| Untracked 
|  90|0x00000000e5a00000, 0x00000000e5a00000, 0x00000000e5b00000|  0%| F|  |TAMS 0x00000000e5a00000| PB 0x00000000e5a00000| Untracked 
|  91|0x00000000e5b00000, 0x00000000e5b00000, 0x00000000e5c00000|  0%| F|  |TAMS 0x00000000e5b00000| PB 0x00000000e5b00000| Untracked 
|  92|0x00000000e5c00000, 0x00000000e5c00000, 0x00000000e5d00000|  0%| F|  |TAMS 0x00000000e5c00000| PB 0x00000000e5c00000| Untracked 
|  93|0x00000000e5d00000, 0x00000000e5d00000, 0x00000000e5e00000|  0%| F|  |TAMS 0x00000000e5d00000| PB 0x00000000e5d00000| Untracked 
|  94|0x00000000e5e00000, 0x00000000e5e00000, 0x00000000e5f00000|  0%| F|  |TAMS 0x00000000e5e00000| PB 0x00000000e5e00000| Untracked 
|  95|0x00000000e5f00000, 0x00000000e5f00000, 0x00000000e6000000|  0%| F|  |TAMS 0x00000000e5f00000| PB 0x00000000e5f00000| Untracked 
|  96|0x00000000e6000000, 0x00000000e6000000, 0x00000000e6100000|  0%| F|  |TAMS 0x00000000e6000000| PB 0x00000000e6000000| Untracked 
|  97|0x00000000e6100000, 0x00000000e6100000, 0x00000000e6200000|  0%| F|  |TAMS 0x00000000e6100000| PB 0x00000000e6100000| Untracked 
|  98|0x00000000e6200000, 0x00000000e6200000, 0x00000000e6300000|  0%| F|  |TAMS 0x00000000e6200000| PB 0x00000000e6200000| Untracked 
|  99|0x00000000e6300000, 0x00000000e6300000, 0x00000000e6400000|  0%| F|  |TAMS 0x00000000e6300000| PB 0x00000000e6300000| Untracked 
| 100|0x00000000e6400000, 0x00000000e6400000, 0x00000000e6500000|  0%| F|  |TAMS 0x00000000e6400000| PB 0x00000000e6400000| Untracked 
| 101|0x00000000e6500000, 0x00000000e6500000, 0x00000000e6600000|  0%| F|  |TAMS 0x00000000e6500000| PB 0x00000000e6500000| Untracked 
| 102|0x00000000e6600000, 0x00000000e6600000, 0x00000000e6700000|  0%| F|  |TAMS 0x00000000e6600000| PB 0x00000000e6600000| Untracked 
| 103|0x00000000e6700000, 0x00000000e6700000, 0x00000000e6800000|  0%| F|  |TAMS 0x00000000e6700000| PB 0x00000000e6700000| Untracked 
| 104|0x00000000e6800000, 0x00000000e6800000, 0x00000000e6900000|  0%| F|  |TAMS 0x00000000e6800000| PB 0x00000000e6800000| Untracked 
| 105|0x00000000e6900000, 0x00000000e6900000, 0x00000000e6a00000|  0%| F|  |TAMS 0x00000000e6900000| PB 0x00000000e6900000| Untracked 
| 106|0x00000000e6a00000, 0x00000000e6a00000, 0x00000000e6b00000|  0%| F|  |TAMS 0x00000000e6a00000| PB 0x00000000e6a00000| Untracked 
| 107|0x00000000e6b00000, 0x00000000e6b00000, 0x00000000e6c00000|  0%| F|  |TAMS 0x00000000e6b00000| PB 0x00000000e6b00000| Untracked 
| 108|0x00000000e6c00000, 0x00000000e6c00000, 0x00000000e6d00000|  0%| F|  |TAMS 0x00000000e6c00000| PB 0x00000000e6c00000| Untracked 
| 109|0x00000000e6d00000, 0x00000000e6d00000, 0x00000000e6e00000|  0%| F|  |TAMS 0x00000000e6d00000| PB 0x00000000e6d00000| Untracked 
| 110|0x00000000e6e00000, 0x00000000e6e00000, 0x00000000e6f00000|  0%| F|  |TAMS 0x00000000e6e00000| PB 0x00000000e6e00000| Untracked 
| 111|0x00000000e6f00000, 0x00000000e6f00000, 0x00000000e7000000|  0%| F|  |TAMS 0x00000000e6f00000| PB 0x00000000e6f00000| Untracked 
| 112|0x00000000e7000000, 0x00000000e7000000, 0x00000000e7100000|  0%| F|  |TAMS 0x00000000e7000000| PB 0x00000000e7000000| Untracked 
| 113|0x00000000e7100000, 0x00000000e7100000, 0x00000000e7200000|  0%| F|  |TAMS 0x00000000e7100000| PB 0x00000000e7100000| Untracked 
| 114|0x00000000e7200000, 0x00000000e7200000, 0x00000000e7300000|  0%| F|  |TAMS 0x00000000e7200000| PB 0x00000000e7200000| Untracked 
| 115|0x00000000e7300000, 0x00000000e7300000, 0x00000000e7400000|  0%| F|  |TAMS 0x00000000e7300000| PB 0x00000000e7300000| Untracked 
| 116|0x00000000e7400000, 0x00000000e7400000, 0x00000000e7500000|  0%| F|  |TAMS 0x00000000e7400000| PB 0x00000000e7400000| Untracked 
| 117|0x00000000e7500000, 0x00000000e7500000, 0x00000000e7600000|  0%| F|  |TAMS 0x00000000e7500000| PB 0x00000000e7500000| Untracked 
| 118|0x00000000e7600000, 0x00000000e7600000, 0x00000000e7700000|  0%| F|  |TAMS 0x00000000e7600000| PB 0x00000000e7600000| Untracked 
| 119|0x00000000e7700000, 0x00000000e7700000, 0x00000000e7800000|  0%| F|  |TAMS 0x00000000e7700000| PB 0x00000000e7700000| Untracked 
| 120|0x00000000e7800000, 0x00000000e7800000, 0x00000000e7900000|  0%| F|  |TAMS 0x00000000e7800000| PB 0x00000000e7800000| Untracked 
| 121|0x00000000e7900000, 0x00000000e7900000, 0x00000000e7a00000|  0%| F|  |TAMS 0x00000000e7900000| PB 0x00000000e7900000| Untracked 
| 122|0x00000000e7a00000, 0x00000000e7a00000, 0x00000000e7b00000|  0%| F|  |TAMS 0x00000000e7a00000| PB 0x00000000e7a00000| Untracked 
| 123|0x00000000e7b00000, 0x00000000e7b00000, 0x00000000e7c00000|  0%| F|  |TAMS 0x00000000e7b00000| PB 0x00000000e7b00000| Untracked 
| 124|0x00000000e7c00000, 0x00000000e7c00000, 0x00000000e7d00000|  0%| F|  |TAMS 0x00000000e7c00000| PB 0x00000000e7c00000| Untracked 
| 125|0x00000000e7d00000, 0x00000000e7d00000, 0x00000000e7e00000|  0%| F|  |TAMS 0x00000000e7d00000| PB 0x00000000e7d00000| Untracked 
| 126|0x00000000e7e00000, 0x00000000e7e00000, 0x00000000e7f00000|  0%| F|  |TAMS 0x00000000e7e00000| PB 0x00000000e7e00000| Untracked 
| 127|0x00000000e7f00000, 0x00000000e7f00000, 0x00000000e8000000|  0%| F|  |TAMS 0x00000000e7f00000| PB 0x00000000e7f00000| Untracked 
| 128|0x00000000e8000000, 0x00000000e8000000, 0x00000000e8100000|  0%| F|  |TAMS 0x00000000e8000000| PB 0x00000000e8000000| Untracked 
| 129|0x00000000e8100000, 0x00000000e8100000, 0x00000000e8200000|  0%| F|  |TAMS 0x00000000e8100000| PB 0x00000000e8100000| Untracked 
| 130|0x00000000e8200000, 0x00000000e8200000, 0x00000000e8300000|  0%| F|  |TAMS 0x00000000e8200000| PB 0x00000000e8200000| Untracked 
| 131|0x00000000e8300000, 0x00000000e8300000, 0x00000000e8400000|  0%| F|  |TAMS 0x00000000e8300000| PB 0x00000000e8300000| Untracked 
| 132|0x00000000e8400000, 0x00000000e8400000, 0x00000000e8500000|  0%| F|  |TAMS 0x00000000e8400000| PB 0x00000000e8400000| Untracked 
| 133|0x00000000e8500000, 0x00000000e8500000, 0x00000000e8600000|  0%| F|  |TAMS 0x00000000e8500000| PB 0x00000000e8500000| Untracked 
| 134|0x00000000e8600000, 0x00000000e8600000, 0x00000000e8700000|  0%| F|  |TAMS 0x00000000e8600000| PB 0x00000000e8600000| Untracked 
| 135|0x00000000e8700000, 0x00000000e8700000, 0x00000000e8800000|  0%| F|  |TAMS 0x00000000e8700000| PB 0x00000000e8700000| Untracked 
| 136|0x00000000e8800000, 0x00000000e8800000, 0x00000000e8900000|  0%| F|  |TAMS 0x00000000e8800000| PB 0x00000000e8800000| Untracked 
| 137|0x00000000e8900000, 0x00000000e8900000, 0x00000000e8a00000|  0%| F|  |TAMS 0x00000000e8900000| PB 0x00000000e8900000| Untracked 
| 138|0x00000000e8a00000, 0x00000000e8a00000, 0x00000000e8b00000|  0%| F|  |TAMS 0x00000000e8a00000| PB 0x00000000e8a00000| Untracked 
| 139|0x00000000e8b00000, 0x00000000e8b00000, 0x00000000e8c00000|  0%| F|  |TAMS 0x00000000e8b00000| PB 0x00000000e8b00000| Untracked 
| 140|0x00000000e8c00000, 0x00000000e8c00000, 0x00000000e8d00000|  0%| F|  |TAMS 0x00000000e8c00000| PB 0x00000000e8c00000| Untracked 
| 141|0x00000000e8d00000, 0x00000000e8d00000, 0x00000000e8e00000|  0%| F|  |TAMS 0x00000000e8d00000| PB 0x00000000e8d00000| Untracked 
| 142|0x00000000e8e00000, 0x00000000e8e00000, 0x00000000e8f00000|  0%| F|  |TAMS 0x00000000e8e00000| PB 0x00000000e8e00000| Untracked 
| 143|0x00000000e8f00000, 0x00000000e8f00000, 0x00000000e9000000|  0%| F|  |TAMS 0x00000000e8f00000| PB 0x00000000e8f00000| Untracked 
| 144|0x00000000e9000000, 0x00000000e9000000, 0x00000000e9100000|  0%| F|  |TAMS 0x00000000e9000000| PB 0x00000000e9000000| Untracked 
| 145|0x00000000e9100000, 0x00000000e9100000, 0x00000000e9200000|  0%| F|  |TAMS 0x00000000e9100000| PB 0x00000000e9100000| Untracked 
| 146|0x00000000e9200000, 0x00000000e9200000, 0x00000000e9300000|  0%| F|  |TAMS 0x00000000e9200000| PB 0x00000000e9200000| Untracked 
| 147|0x00000000e9300000, 0x00000000e9300000, 0x00000000e9400000|  0%| F|  |TAMS 0x00000000e9300000| PB 0x00000000e9300000| Untracked 
| 148|0x00000000e9400000, 0x00000000e9400000, 0x00000000e9500000|  0%| F|  |TAMS 0x00000000e9400000| PB 0x00000000e9400000| Untracked 
| 149|0x00000000e9500000, 0x00000000e9500000, 0x00000000e9600000|  0%| F|  |TAMS 0x00000000e9500000| PB 0x00000000e9500000| Untracked 
| 150|0x00000000e9600000, 0x00000000e9700000, 0x00000000e9700000|100%| E|  |TAMS 0x00000000e9600000| PB 0x00000000e9600000| Complete 
| 151|0x00000000e9700000, 0x00000000e9800000, 0x00000000e9800000|100%| E|CS|TAMS 0x00000000e9700000| PB 0x00000000e9700000| Complete 
| 152|0x00000000e9800000, 0x00000000e9900000, 0x00000000e9900000|100%| E|CS|TAMS 0x00000000e9800000| PB 0x00000000e9800000| Complete 
| 153|0x00000000e9900000, 0x00000000e9a00000, 0x00000000e9a00000|100%| E|CS|TAMS 0x00000000e9900000| PB 0x00000000e9900000| Complete 
| 154|0x00000000e9a00000, 0x00000000e9b00000, 0x00000000e9b00000|100%| E|CS|TAMS 0x00000000e9a00000| PB 0x00000000e9a00000| Complete 
| 155|0x00000000e9b00000, 0x00000000e9c00000, 0x00000000e9c00000|100%| E|CS|TAMS 0x00000000e9b00000| PB 0x00000000e9b00000| Complete 
| 156|0x00000000e9c00000, 0x00000000e9d00000, 0x00000000e9d00000|100%| E|CS|TAMS 0x00000000e9c00000| PB 0x00000000e9c00000| Complete 
| 157|0x00000000e9d00000, 0x00000000e9e00000, 0x00000000e9e00000|100%| E|CS|TAMS 0x00000000e9d00000| PB 0x00000000e9d00000| Complete 
| 158|0x00000000e9e00000, 0x00000000e9f00000, 0x00000000e9f00000|100%| E|CS|TAMS 0x00000000e9e00000| PB 0x00000000e9e00000| Complete 
| 159|0x00000000e9f00000, 0x00000000ea000000, 0x00000000ea000000|100%| E|CS|TAMS 0x00000000e9f00000| PB 0x00000000e9f00000| Complete 
| 160|0x00000000ea000000, 0x00000000ea100000, 0x00000000ea100000|100%| E|CS|TAMS 0x00000000ea000000| PB 0x00000000ea000000| Complete 
| 161|0x00000000ea100000, 0x00000000ea200000, 0x00000000ea200000|100%| E|CS|TAMS 0x00000000ea100000| PB 0x00000000ea100000| Complete 
| 162|0x00000000ea200000, 0x00000000ea300000, 0x00000000ea300000|100%| E|CS|TAMS 0x00000000ea200000| PB 0x00000000ea200000| Complete 
| 163|0x00000000ea300000, 0x00000000ea400000, 0x00000000ea400000|100%| E|CS|TAMS 0x00000000ea300000| PB 0x00000000ea300000| Complete 
| 164|0x00000000ea400000, 0x00000000ea500000, 0x00000000ea500000|100%| E|CS|TAMS 0x00000000ea400000| PB 0x00000000ea400000| Complete 
| 165|0x00000000ea500000, 0x00000000ea600000, 0x00000000ea600000|100%| E|CS|TAMS 0x00000000ea500000| PB 0x00000000ea500000| Complete 
| 166|0x00000000ea600000, 0x00000000ea700000, 0x00000000ea700000|100%| E|CS|TAMS 0x00000000ea600000| PB 0x00000000ea600000| Complete 
| 167|0x00000000ea700000, 0x00000000ea800000, 0x00000000ea800000|100%| E|CS|TAMS 0x00000000ea700000| PB 0x00000000ea700000| Complete 
| 168|0x00000000ea800000, 0x00000000ea900000, 0x00000000ea900000|100%| E|CS|TAMS 0x00000000ea800000| PB 0x00000000ea800000| Complete 
| 169|0x00000000ea900000, 0x00000000eaa00000, 0x00000000eaa00000|100%| E|CS|TAMS 0x00000000ea900000| PB 0x00000000ea900000| Complete 
| 170|0x00000000eaa00000, 0x00000000eab00000, 0x00000000eab00000|100%| E|CS|TAMS 0x00000000eaa00000| PB 0x00000000eaa00000| Complete 
| 171|0x00000000eab00000, 0x00000000eac00000, 0x00000000eac00000|100%| E|CS|TAMS 0x00000000eab00000| PB 0x00000000eab00000| Complete 
| 172|0x00000000eac00000, 0x00000000ead00000, 0x00000000ead00000|100%| E|CS|TAMS 0x00000000eac00000| PB 0x00000000eac00000| Complete 
| 173|0x00000000ead00000, 0x00000000eae00000, 0x00000000eae00000|100%| E|CS|TAMS 0x00000000ead00000| PB 0x00000000ead00000| Complete 
| 174|0x00000000eae00000, 0x00000000eaf00000, 0x00000000eaf00000|100%| E|CS|TAMS 0x00000000eae00000| PB 0x00000000eae00000| Complete 
| 175|0x00000000eaf00000, 0x00000000eb000000, 0x00000000eb000000|100%| E|CS|TAMS 0x00000000eaf00000| PB 0x00000000eaf00000| Complete 
| 176|0x00000000eb000000, 0x00000000eb100000, 0x00000000eb100000|100%| E|CS|TAMS 0x00000000eb000000| PB 0x00000000eb000000| Complete 
| 177|0x00000000eb100000, 0x00000000eb200000, 0x00000000eb200000|100%| E|CS|TAMS 0x00000000eb100000| PB 0x00000000eb100000| Complete 
| 178|0x00000000eb200000, 0x00000000eb300000, 0x00000000eb300000|100%| E|CS|TAMS 0x00000000eb200000| PB 0x00000000eb200000| Complete 
| 179|0x00000000eb300000, 0x00000000eb400000, 0x00000000eb400000|100%| E|CS|TAMS 0x00000000eb300000| PB 0x00000000eb300000| Complete 
| 180|0x00000000eb400000, 0x00000000eb500000, 0x00000000eb500000|100%| E|CS|TAMS 0x00000000eb400000| PB 0x00000000eb400000| Complete 
| 181|0x00000000eb500000, 0x00000000eb600000, 0x00000000eb600000|100%| E|CS|TAMS 0x00000000eb500000| PB 0x00000000eb500000| Complete 
| 182|0x00000000eb600000, 0x00000000eb700000, 0x00000000eb700000|100%| E|CS|TAMS 0x00000000eb600000| PB 0x00000000eb600000| Complete 
| 183|0x00000000eb700000, 0x00000000eb800000, 0x00000000eb800000|100%| E|CS|TAMS 0x00000000eb700000| PB 0x00000000eb700000| Complete 
| 184|0x00000000eb800000, 0x00000000eb900000, 0x00000000eb900000|100%| E|CS|TAMS 0x00000000eb800000| PB 0x00000000eb800000| Complete 
| 185|0x00000000eb900000, 0x00000000eba00000, 0x00000000eba00000|100%| E|CS|TAMS 0x00000000eb900000| PB 0x00000000eb900000| Complete 
| 186|0x00000000eba00000, 0x00000000ebb00000, 0x00000000ebb00000|100%| E|CS|TAMS 0x00000000eba00000| PB 0x00000000eba00000| Complete 
| 187|0x00000000ebb00000, 0x00000000ebc00000, 0x00000000ebc00000|100%| E|CS|TAMS 0x00000000ebb00000| PB 0x00000000ebb00000| Complete 
| 188|0x00000000ebc00000, 0x00000000ebd00000, 0x00000000ebd00000|100%| E|CS|TAMS 0x00000000ebc00000| PB 0x00000000ebc00000| Complete 
| 189|0x00000000ebd00000, 0x00000000ebe00000, 0x00000000ebe00000|100%| E|CS|TAMS 0x00000000ebd00000| PB 0x00000000ebd00000| Complete 
| 190|0x00000000ebe00000, 0x00000000ebf00000, 0x00000000ebf00000|100%| E|CS|TAMS 0x00000000ebe00000| PB 0x00000000ebe00000| Complete 
| 191|0x00000000ebf00000, 0x00000000ec000000, 0x00000000ec000000|100%| E|CS|TAMS 0x00000000ebf00000| PB 0x00000000ebf00000| Complete 
| 192|0x00000000ec000000, 0x00000000ec100000, 0x00000000ec100000|100%| E|CS|TAMS 0x00000000ec000000| PB 0x00000000ec000000| Complete 
| 193|0x00000000ec100000, 0x00000000ec200000, 0x00000000ec200000|100%| E|CS|TAMS 0x00000000ec100000| PB 0x00000000ec100000| Complete 
| 194|0x00000000ec200000, 0x00000000ec300000, 0x00000000ec300000|100%| E|CS|TAMS 0x00000000ec200000| PB 0x00000000ec200000| Complete 
| 195|0x00000000ec300000, 0x00000000ec400000, 0x00000000ec400000|100%| E|CS|TAMS 0x00000000ec300000| PB 0x00000000ec300000| Complete 
| 196|0x00000000ec400000, 0x00000000ec500000, 0x00000000ec500000|100%| E|CS|TAMS 0x00000000ec400000| PB 0x00000000ec400000| Complete 
| 197|0x00000000ec500000, 0x00000000ec600000, 0x00000000ec600000|100%| E|CS|TAMS 0x00000000ec500000| PB 0x00000000ec500000| Complete 
| 198|0x00000000ec600000, 0x00000000ec700000, 0x00000000ec700000|100%| E|CS|TAMS 0x00000000ec600000| PB 0x00000000ec600000| Complete 
| 199|0x00000000ec700000, 0x00000000ec800000, 0x00000000ec800000|100%| E|CS|TAMS 0x00000000ec700000| PB 0x00000000ec700000| Complete 
| 200|0x00000000ec800000, 0x00000000ec900000, 0x00000000ec900000|100%| E|CS|TAMS 0x00000000ec800000| PB 0x00000000ec800000| Complete 
| 201|0x00000000ec900000, 0x00000000eca00000, 0x00000000eca00000|100%| E|CS|TAMS 0x00000000ec900000| PB 0x00000000ec900000| Complete 
| 202|0x00000000eca00000, 0x00000000ecb00000, 0x00000000ecb00000|100%| E|CS|TAMS 0x00000000eca00000| PB 0x00000000eca00000| Complete 
| 203|0x00000000ecb00000, 0x00000000ecc00000, 0x00000000ecc00000|100%| E|CS|TAMS 0x00000000ecb00000| PB 0x00000000ecb00000| Complete 
| 204|0x00000000ecc00000, 0x00000000ecd00000, 0x00000000ecd00000|100%| E|CS|TAMS 0x00000000ecc00000| PB 0x00000000ecc00000| Complete 
| 205|0x00000000ecd00000, 0x00000000ece00000, 0x00000000ece00000|100%| E|CS|TAMS 0x00000000ecd00000| PB 0x00000000ecd00000| Complete 
| 206|0x00000000ece00000, 0x00000000ecf00000, 0x00000000ecf00000|100%| E|CS|TAMS 0x00000000ece00000| PB 0x00000000ece00000| Complete 
| 207|0x00000000ecf00000, 0x00000000ed000000, 0x00000000ed000000|100%| E|CS|TAMS 0x00000000ecf00000| PB 0x00000000ecf00000| Complete 
| 208|0x00000000ed000000, 0x00000000ed100000, 0x00000000ed100000|100%| E|CS|TAMS 0x00000000ed000000| PB 0x00000000ed000000| Complete 
| 209|0x00000000ed100000, 0x00000000ed200000, 0x00000000ed200000|100%| E|CS|TAMS 0x00000000ed100000| PB 0x00000000ed100000| Complete 
| 210|0x00000000ed200000, 0x00000000ed300000, 0x00000000ed300000|100%| E|CS|TAMS 0x00000000ed200000| PB 0x00000000ed200000| Complete 
| 211|0x00000000ed300000, 0x00000000ed400000, 0x00000000ed400000|100%| E|CS|TAMS 0x00000000ed300000| PB 0x00000000ed300000| Complete 
| 212|0x00000000ed400000, 0x00000000ed500000, 0x00000000ed500000|100%| E|CS|TAMS 0x00000000ed400000| PB 0x00000000ed400000| Complete 
| 213|0x00000000ed500000, 0x00000000ed600000, 0x00000000ed600000|100%| E|CS|TAMS 0x00000000ed500000| PB 0x00000000ed500000| Complete 
| 214|0x00000000ed600000, 0x00000000ed700000, 0x00000000ed700000|100%| E|CS|TAMS 0x00000000ed600000| PB 0x00000000ed600000| Complete 
| 215|0x00000000ed700000, 0x00000000ed800000, 0x00000000ed800000|100%| E|CS|TAMS 0x00000000ed700000| PB 0x00000000ed700000| Complete 
| 216|0x00000000ed800000, 0x00000000ed900000, 0x00000000ed900000|100%| E|CS|TAMS 0x00000000ed800000| PB 0x00000000ed800000| Complete 
| 217|0x00000000ed900000, 0x00000000eda00000, 0x00000000eda00000|100%| E|CS|TAMS 0x00000000ed900000| PB 0x00000000ed900000| Complete 
| 218|0x00000000eda00000, 0x00000000edb00000, 0x00000000edb00000|100%| E|CS|TAMS 0x00000000eda00000| PB 0x00000000eda00000| Complete 
| 219|0x00000000edb00000, 0x00000000edc00000, 0x00000000edc00000|100%| E|CS|TAMS 0x00000000edb00000| PB 0x00000000edb00000| Complete 
| 220|0x00000000edc00000, 0x00000000edd00000, 0x00000000edd00000|100%| E|CS|TAMS 0x00000000edc00000| PB 0x00000000edc00000| Complete 
| 221|0x00000000edd00000, 0x00000000ede00000, 0x00000000ede00000|100%| E|CS|TAMS 0x00000000edd00000| PB 0x00000000edd00000| Complete 
| 222|0x00000000ede00000, 0x00000000edf00000, 0x00000000edf00000|100%| E|CS|TAMS 0x00000000ede00000| PB 0x00000000ede00000| Complete 
| 223|0x00000000edf00000, 0x00000000ee000000, 0x00000000ee000000|100%| E|CS|TAMS 0x00000000edf00000| PB 0x00000000edf00000| Complete 
| 224|0x00000000ee000000, 0x00000000ee100000, 0x00000000ee100000|100%| E|CS|TAMS 0x00000000ee000000| PB 0x00000000ee000000| Complete 
| 225|0x00000000ee100000, 0x00000000ee200000, 0x00000000ee200000|100%| E|CS|TAMS 0x00000000ee100000| PB 0x00000000ee100000| Complete 
| 226|0x00000000ee200000, 0x00000000ee300000, 0x00000000ee300000|100%| E|CS|TAMS 0x00000000ee200000| PB 0x00000000ee200000| Complete 
| 227|0x00000000ee300000, 0x00000000ee400000, 0x00000000ee400000|100%| E|CS|TAMS 0x00000000ee300000| PB 0x00000000ee300000| Complete 
| 228|0x00000000ee400000, 0x00000000ee500000, 0x00000000ee500000|100%| E|CS|TAMS 0x00000000ee400000| PB 0x00000000ee400000| Complete 
| 229|0x00000000ee500000, 0x00000000ee600000, 0x00000000ee600000|100%| E|CS|TAMS 0x00000000ee500000| PB 0x00000000ee500000| Complete 
| 230|0x00000000ee600000, 0x00000000ee700000, 0x00000000ee700000|100%| E|CS|TAMS 0x00000000ee600000| PB 0x00000000ee600000| Complete 
| 231|0x00000000ee700000, 0x00000000ee800000, 0x00000000ee800000|100%| E|CS|TAMS 0x00000000ee700000| PB 0x00000000ee700000| Complete 
| 232|0x00000000ee800000, 0x00000000ee8195e8, 0x00000000ee900000|  9%| S|CS|TAMS 0x00000000ee800000| PB 0x00000000ee800000| Complete 
| 233|0x00000000ee900000, 0x00000000eea00000, 0x00000000eea00000|100%| S|CS|TAMS 0x00000000ee900000| PB 0x00000000ee900000| Complete 
| 234|0x00000000eea00000, 0x00000000eeb00000, 0x00000000eeb00000|100%| S|CS|TAMS 0x00000000eea00000| PB 0x00000000eea00000| Complete 
| 235|0x00000000eeb00000, 0x00000000eec00000, 0x00000000eec00000|100%| S|CS|TAMS 0x00000000eeb00000| PB 0x00000000eeb00000| Complete 
| 236|0x00000000eec00000, 0x00000000eed00000, 0x00000000eed00000|100%| S|CS|TAMS 0x00000000eec00000| PB 0x00000000eec00000| Complete 
| 237|0x00000000eed00000, 0x00000000eee00000, 0x00000000eee00000|100%| S|CS|TAMS 0x00000000eed00000| PB 0x00000000eed00000| Complete 
| 238|0x00000000eee00000, 0x00000000eef00000, 0x00000000eef00000|100%| S|CS|TAMS 0x00000000eee00000| PB 0x00000000eee00000| Complete 
| 239|0x00000000eef00000, 0x00000000ef000000, 0x00000000ef000000|100%| S|CS|TAMS 0x00000000eef00000| PB 0x00000000eef00000| Complete 
| 240|0x00000000ef000000, 0x00000000ef100000, 0x00000000ef100000|100%| S|CS|TAMS 0x00000000ef000000| PB 0x00000000ef000000| Complete 
| 241|0x00000000ef100000, 0x00000000ef200000, 0x00000000ef200000|100%| S|CS|TAMS 0x00000000ef100000| PB 0x00000000ef100000| Complete 
| 242|0x00000000ef200000, 0x00000000ef300000, 0x00000000ef300000|100%| E|CS|TAMS 0x00000000ef200000| PB 0x00000000ef200000| Complete 
| 243|0x00000000ef300000, 0x00000000ef400000, 0x00000000ef400000|100%| E|CS|TAMS 0x00000000ef300000| PB 0x00000000ef300000| Complete 
| 244|0x00000000ef400000, 0x00000000ef500000, 0x00000000ef500000|100%| E|CS|TAMS 0x00000000ef400000| PB 0x00000000ef400000| Complete 
| 245|0x00000000ef500000, 0x00000000ef600000, 0x00000000ef600000|100%| E|CS|TAMS 0x00000000ef500000| PB 0x00000000ef500000| Complete 
| 246|0x00000000ef600000, 0x00000000ef700000, 0x00000000ef700000|100%| E|CS|TAMS 0x00000000ef600000| PB 0x00000000ef600000| Complete 
| 247|0x00000000ef700000, 0x00000000ef800000, 0x00000000ef800000|100%| E|CS|TAMS 0x00000000ef700000| PB 0x00000000ef700000| Complete 
| 248|0x00000000ef800000, 0x00000000ef900000, 0x00000000ef900000|100%| E|CS|TAMS 0x00000000ef800000| PB 0x00000000ef800000| Complete 
| 249|0x00000000ef900000, 0x00000000efa00000, 0x00000000efa00000|100%| E|CS|TAMS 0x00000000ef900000| PB 0x00000000ef900000| Complete 
| 250|0x00000000efa00000, 0x00000000efb00000, 0x00000000efb00000|100%| E|CS|TAMS 0x00000000efa00000| PB 0x00000000efa00000| Complete 
| 251|0x00000000efb00000, 0x00000000efc00000, 0x00000000efc00000|100%| E|CS|TAMS 0x00000000efb00000| PB 0x00000000efb00000| Complete 
| 252|0x00000000efc00000, 0x00000000efd00000, 0x00000000efd00000|100%| E|CS|TAMS 0x00000000efc00000| PB 0x00000000efc00000| Complete 
| 253|0x00000000efd00000, 0x00000000efe00000, 0x00000000efe00000|100%| E|CS|TAMS 0x00000000efd00000| PB 0x00000000efd00000| Complete 
| 254|0x00000000efe00000, 0x00000000eff00000, 0x00000000eff00000|100%| E|CS|TAMS 0x00000000efe00000| PB 0x00000000efe00000| Complete 
| 255|0x00000000eff00000, 0x00000000f0000000, 0x00000000f0000000|100%| E|CS|TAMS 0x00000000eff00000| PB 0x00000000eff00000| Complete 

Card table byte_map: [0x000001aaa59c0000,0x000001aaa5ac0000] _byte_map_base: 0x000001aaa52c0000

Marking Bits: (CMBitMap*) 0x000001aa92c31740
 Bits: [0x000001aaa5ac0000, 0x000001aaa62c0000)

Polling page: 0x000001aa90a30000

Metaspace:

Usage:
  Non-class:     38.29 MB used.
      Class:      6.82 MB used.
       Both:     45.11 MB used.

Virtual space:
  Non-class space:       64.00 MB reserved,      39.25 MB ( 61%) committed,  1 nodes.
      Class space:      320.00 MB reserved,       7.69 MB (  2%) committed,  1 nodes.
             Both:      384.00 MB reserved,      46.94 MB ( 12%) committed. 

Chunk freelists:
   Non-Class:  8.20 MB
       Class:  8.26 MB
        Both:  16.46 MB

MaxMetaspaceSize: 384.00 MB
CompressedClassSpaceSize: 320.00 MB
Initial GC threshold: 21.00 MB
Current GC threshold: 60.00 MB
CDS: on
 - commit_granule_bytes: 65536.
 - commit_granule_words: 8192.
 - virtual_space_node_default_size: 8388608.
 - enlarge_chunks_in_place: 1.
 - use_allocation_guard: 0.


Internal statistics:

num_allocs_failed_limit: 12.
num_arena_births: 3370.
num_arena_deaths: 0.
num_vsnodes_births: 2.
num_vsnodes_deaths: 0.
num_space_committed: 751.
num_space_uncommitted: 0.
num_chunks_returned_to_freelist: 12.
num_chunks_taken_from_freelist: 5764.
num_chunk_merges: 6.
num_chunk_splits: 3665.
num_chunks_enlarged: 2111.
num_inconsistent_stats: 0.

CodeHeap 'non-profiled nmethods': size=119168Kb used=2750Kb max_used=2750Kb free=116417Kb
 bounds [0x000001aa9d9a0000, 0x000001aa9dc50000, 0x000001aaa4e00000]
CodeHeap 'profiled nmethods': size=119104Kb used=9933Kb max_used=9933Kb free=109171Kb
 bounds [0x000001aa95e00000, 0x000001aa967c0000, 0x000001aa9d250000]
CodeHeap 'non-nmethods': size=7488Kb used=2449Kb max_used=3014Kb free=5039Kb
 bounds [0x000001aa9d250000, 0x000001aa9d550000, 0x000001aa9d9a0000]
CodeCache: size=245760Kb, used=15132Kb, max_used=15697Kb, free=230627Kb
 total_blobs=5838, nmethods=5080, adapters=660, full_count=0
Compilation: enabled, stopped_count=0, restarted_count=0

Compilation events (20 events):
Event: 38.727 Thread 0x000001aaa9547a90 5187       3       jdk.internal.org.objectweb.asm.SymbolTable::addMergedType (164 bytes)
Event: 38.728 Thread 0x000001aaa9547a90 nmethod 5187 0x000001aa966ff710 code [0x000001aa966ff940, 0x000001aa966fffb0]
Event: 38.729 Thread 0x000001aaa9547a90 5188       1       org.gradle.api.attributes.Attribute::hashCode (5 bytes)
Event: 38.729 Thread 0x000001aaa9547a90 nmethod 5188 0x000001aa9dc2c010 code [0x000001aa9dc2c1a0, 0x000001aa9dc2c268]
Event: 38.732 Thread 0x000001aaa9542820 nmethod 5161 0x000001aa9dc2c310 code [0x000001aa9dc2c740, 0x000001aa9dc2db38]
Event: 38.732 Thread 0x000001aaa9542820 5168       4       java.lang.invoke.InvokerBytecodeGenerator::addMethod (725 bytes)
Event: 38.739 Thread 0x000001aaa9547a90 5189 %     3       org.gradle.internal.instantiation.generator.AbstractClassGenerator::inspectType @ 559 (602 bytes)
Event: 38.739 Thread 0x000001aac5896d20 5190       3       org.gradle.internal.instantiation.generator.AsmBackedClassGenerator$ClassBuilderImpl::access$4500 (4 bytes)
Event: 38.739 Thread 0x000001aac5896d20 nmethod 5190 0x000001aa96700390 code [0x000001aa96700520, 0x000001aa96700618]
Event: 38.742 Thread 0x000001aaa9547a90 nmethod 5189% 0x000001aa96700690 code [0x000001aa96700fa0, 0x000001aa96706b28]
Event: 38.770 Thread 0x000001aaa9547a90 5197 %     3       org.gradle.internal.instantiation.generator.AbstractClassGenerator::inspectType @ 107 (602 bytes)
Event: 38.784 Thread 0x000001aaa9547a90 nmethod 5197% 0x000001aa96708710 code [0x000001aa96709020, 0x000001aa9670ed48]
Event: 38.800 Thread 0x000001aac5894090 5199       3       java.lang.invoke.LambdaForm$Name::<init> (14 bytes)
Event: 38.800 Thread 0x000001aac5894090 nmethod 5199 0x000001aa96710a10 code [0x000001aa96710be0, 0x000001aa96710ef0]
Event: 39.078 Thread 0x000001aaa9547a90 5211       3       java.util.Spliterators$EmptySpliterator$OfRef::forEachRemaining (6 bytes)
Event: 39.078 Thread 0x000001aac5896d20 5212       3       java.util.Spliterators$EmptySpliterator::forEachRemaining (6 bytes)
Event: 39.078 Thread 0x000001aac5894090 5213       3       java.util.Collections$EmptyList::spliterator (4 bytes)
Event: 39.078 Thread 0x000001aaa9547a90 nmethod 5211 0x000001aa96711090 code [0x000001aa96711260, 0x000001aa96711518]
Event: 39.078 Thread 0x000001aac5894090 nmethod 5213 0x000001aa96711610 code [0x000001aa967117c0, 0x000001aa96711930]
Event: 39.078 Thread 0x000001aac5896d20 nmethod 5212 0x000001aa96711a10 code [0x000001aa96711bc0, 0x000001aa96711e20]

GC Heap History (14 events):
Event: 0.650 GC heap before
{Heap before GC invocations=0 (full 0):
 garbage-first heap   total 262144K, used 26624K [0x00000000e0000000, 0x0000000100000000)
  region size 1024K, 23 young (23552K), 0 survivors (0K)
 Metaspace       used 2896K, committed 3008K, reserved 393216K
  class space    used 338K, committed 384K, reserved 327680K
}
Event: 0.654 GC heap after
{Heap after GC invocations=1 (full 0):
 garbage-first heap   total 262144K, used 11115K [0x00000000e0000000, 0x0000000100000000)
  region size 1024K, 3 young (3072K), 3 survivors (3072K)
 Metaspace       used 2896K, committed 3008K, reserved 393216K
  class space    used 338K, committed 384K, reserved 327680K
}
Event: 1.088 GC heap before
{Heap before GC invocations=1 (full 0):
 garbage-first heap   total 262144K, used 40811K [0x00000000e0000000, 0x0000000100000000)
  region size 1024K, 31 young (31744K), 3 survivors (3072K)
 Metaspace       used 4685K, committed 4864K, reserved 393216K
  class space    used 593K, committed 704K, reserved 327680K
}
Event: 1.091 GC heap after
{Heap after GC invocations=2 (full 0):
 garbage-first heap   total 262144K, used 14598K [0x00000000e0000000, 0x0000000100000000)
  region size 1024K, 3 young (3072K), 3 survivors (3072K)
 Metaspace       used 4685K, committed 4864K, reserved 393216K
  class space    used 593K, committed 704K, reserved 327680K
}
Event: 26.979 GC heap before
{Heap before GC invocations=2 (full 0):
 garbage-first heap   total 262144K, used 91398K [0x00000000e0000000, 0x0000000100000000)
  region size 1024K, 79 young (80896K), 3 survivors (3072K)
 Metaspace       used 16528K, committed 16960K, reserved 393216K
  class space    used 2265K, committed 2432K, reserved 327680K
}
Event: 26.987 GC heap after
{Heap after GC invocations=3 (full 0):
 garbage-first heap   total 262144K, used 22492K [0x00000000e0000000, 0x0000000100000000)
  region size 1024K, 10 young (10240K), 10 survivors (10240K)
 Metaspace       used 16528K, committed 16960K, reserved 393216K
  class space    used 2265K, committed 2432K, reserved 327680K
}
Event: 27.938 GC heap before
{Heap before GC invocations=3 (full 0):
 garbage-first heap   total 262144K, used 53212K [0x00000000e0000000, 0x0000000100000000)
  region size 1024K, 41 young (41984K), 10 survivors (10240K)
 Metaspace       used 20814K, committed 21504K, reserved 393216K
  class space    used 2980K, committed 3328K, reserved 327680K
}
Event: 27.943 GC heap after
{Heap after GC invocations=4 (full 0):
 garbage-first heap   total 262144K, used 25031K [0x00000000e0000000, 0x0000000100000000)
  region size 1024K, 3 young (3072K), 3 survivors (3072K)
 Metaspace       used 20814K, committed 21504K, reserved 393216K
  class space    used 2980K, committed 3328K, reserved 327680K
}
Event: 33.447 GC heap before
{Heap before GC invocations=5 (full 0):
 garbage-first heap   total 262144K, used 124359K [0x00000000e0000000, 0x0000000100000000)
  region size 1024K, 102 young (104448K), 3 survivors (3072K)
 Metaspace       used 34586K, committed 35968K, reserved 393216K
  class space    used 5102K, committed 5824K, reserved 327680K
}
Event: 33.452 GC heap after
{Heap after GC invocations=6 (full 0):
 garbage-first heap   total 262144K, used 31125K [0x00000000e0000000, 0x0000000100000000)
  region size 1024K, 9 young (9216K), 9 survivors (9216K)
 Metaspace       used 34586K, committed 35968K, reserved 393216K
  class space    used 5102K, committed 5824K, reserved 327680K
}
Event: 33.472 GC heap before
{Heap before GC invocations=6 (full 0):
 garbage-first heap   total 262144K, used 32149K [0x00000000e0000000, 0x0000000100000000)
  region size 1024K, 11 young (11264K), 9 survivors (9216K)
 Metaspace       used 34900K, committed 36288K, reserved 393216K
  class space    used 5139K, committed 5824K, reserved 327680K
}
Event: 33.476 GC heap after
{Heap after GC invocations=7 (full 0):
 garbage-first heap   total 262144K, used 31484K [0x00000000e0000000, 0x0000000100000000)
  region size 1024K, 9 young (9216K), 9 survivors (9216K)
 Metaspace       used 34900K, committed 36288K, reserved 393216K
  class space    used 5139K, committed 5824K, reserved 327680K
}
Event: 33.547 GC heap before
{Heap before GC invocations=7 (full 0):
 garbage-first heap   total 262144K, used 35580K [0x00000000e0000000, 0x0000000100000000)
  region size 1024K, 14 young (14336K), 9 survivors (9216K)
 Metaspace       used 35300K, committed 36608K, reserved 393216K
  class space    used 5192K, committed 5824K, reserved 327680K
}
Event: 33.549 GC heap after
{Heap after GC invocations=8 (full 0):
 garbage-first heap   total 262144K, used 31810K [0x00000000e0000000, 0x0000000100000000)
  region size 1024K, 10 young (10240K), 10 survivors (10240K)
 Metaspace       used 35300K, committed 36608K, reserved 393216K
  class space    used 5192K, committed 5824K, reserved 327680K
}

Dll operation events (20 events):
Event: 0.103 Attempting to load shared library C:\Users\HS-KOO\.vscode\extensions\redhat.java-1.56.0-win32-x64\jre\21.0.12.1-win32-x86_64\bin\nio.dll
Event: 0.103 Loaded shared library C:\Users\HS-KOO\.vscode\extensions\redhat.java-1.56.0-win32-x64\jre\21.0.12.1-win32-x86_64\bin\nio.dll
Event: 0.106 Attempting to load shared library C:\Users\HS-KOO\.vscode\extensions\redhat.java-1.56.0-win32-x64\jre\21.0.12.1-win32-x86_64\bin\zip.dll
Event: 0.106 Loaded shared library C:\Users\HS-KOO\.vscode\extensions\redhat.java-1.56.0-win32-x64\jre\21.0.12.1-win32-x86_64\bin\zip.dll
Event: 0.331 Attempting to load shared library C:\Users\HS-KOO\.vscode\extensions\redhat.java-1.56.0-win32-x64\jre\21.0.12.1-win32-x86_64\bin\jimage.dll
Event: 0.331 Loaded shared library C:\Users\HS-KOO\.vscode\extensions\redhat.java-1.56.0-win32-x64\jre\21.0.12.1-win32-x86_64\bin\jimage.dll
Event: 0.558 Attempting to load shared library C:\Users\HS-KOO\.vscode\extensions\redhat.java-1.56.0-win32-x64\jre\21.0.12.1-win32-x86_64\bin\verify.dll
Event: 0.559 Loaded shared library C:\Users\HS-KOO\.vscode\extensions\redhat.java-1.56.0-win32-x64\jre\21.0.12.1-win32-x86_64\bin\verify.dll
Event: 0.588 Attempting to load shared library C:\Users\HS-KOO\.gradle\native\660c5614fbf4a5f2a75b1949f50a0caf5cd603558e7d8a26e50b933a0cfb79d1\windows-amd64\native-platform.dll
Event: 0.589 Loaded shared library C:\Users\HS-KOO\.gradle\native\660c5614fbf4a5f2a75b1949f50a0caf5cd603558e7d8a26e50b933a0cfb79d1\windows-amd64\native-platform.dll
Event: 0.602 Attempting to load shared library C:\Users\HS-KOO\.gradle\native\0.2.8\x86_64-windows-gnu\gradle-fileevents.dll
Event: 0.602 Loaded shared library C:\Users\HS-KOO\.gradle\native\0.2.8\x86_64-windows-gnu\gradle-fileevents.dll
Event: 21.823 Attempting to load shared library C:\Users\HS-KOO\.vscode\extensions\redhat.java-1.56.0-win32-x64\jre\21.0.12.1-win32-x86_64\bin\management.dll
Event: 21.857 Loaded shared library C:\Users\HS-KOO\.vscode\extensions\redhat.java-1.56.0-win32-x64\jre\21.0.12.1-win32-x86_64\bin\management.dll
Event: 21.997 Attempting to load shared library C:\Users\HS-KOO\.vscode\extensions\redhat.java-1.56.0-win32-x64\jre\21.0.12.1-win32-x86_64\bin\management_ext.dll
Event: 22.030 Loaded shared library C:\Users\HS-KOO\.vscode\extensions\redhat.java-1.56.0-win32-x64\jre\21.0.12.1-win32-x86_64\bin\management_ext.dll
Event: 22.814 Attempting to load shared library C:\Users\HS-KOO\.vscode\extensions\redhat.java-1.56.0-win32-x64\jre\21.0.12.1-win32-x86_64\bin\extnet.dll
Event: 22.837 Loaded shared library C:\Users\HS-KOO\.vscode\extensions\redhat.java-1.56.0-win32-x64\jre\21.0.12.1-win32-x86_64\bin\extnet.dll
Event: 23.940 Attempting to load shared library C:\Users\HS-KOO\.vscode\extensions\redhat.java-1.56.0-win32-x64\jre\21.0.12.1-win32-x86_64\bin\sunmscapi.dll
Event: 24.034 Loaded shared library C:\Users\HS-KOO\.vscode\extensions\redhat.java-1.56.0-win32-x64\jre\21.0.12.1-win32-x86_64\bin\sunmscapi.dll

Deoptimization events (20 events):
Event: 38.534 Thread 0x000001aaa9605ee0 Uncommon trap: trap_request=0xffffff45 fr.pc=0x000001aa9dc06d54 relative=0x0000000000007934
Event: 38.534 Thread 0x000001aaa9605ee0 Uncommon trap: reason=unstable_if action=reinterpret pc=0x000001aa9dc06d54 method=sun.reflect.annotation.AnnotationParser.parseMemberValue(Ljava/lang/Class;Ljava/nio/ByteBuffer;Ljdk/internal/reflect/ConstantPool;Ljava/lang/Class;)Ljava/lang/Object; @ 11 c
Event: 38.534 Thread 0x000001aaa9605ee0 DEOPT PACKING pc=0x000001aa9dc06d54 sp=0x0000006f5c6f89d0
Event: 38.534 Thread 0x000001aaa9605ee0 DEOPT UNPACKING pc=0x000001aa9d2a4422 sp=0x0000006f5c6f8828 mode 2
Event: 38.540 Thread 0x000001aaa9605ee0 Uncommon trap: trap_request=0xffffffc6 fr.pc=0x000001aa9db59c5c relative=0x00000000000002fc
Event: 38.540 Thread 0x000001aaa9605ee0 Uncommon trap: reason=bimorphic_or_optimized_type_check action=maybe_recompile pc=0x000001aa9db59c5c method=com.google.common.base.CharMatcher.indexIn(Ljava/lang/CharSequence;I)I @ 31 c2
Event: 38.540 Thread 0x000001aaa9605ee0 DEOPT PACKING pc=0x000001aa9db59c5c sp=0x0000006f5c6f8ca0
Event: 38.540 Thread 0x000001aaa9605ee0 DEOPT UNPACKING pc=0x000001aa9d2a4422 sp=0x0000006f5c6f8c48 mode 2
Event: 38.724 Thread 0x000001aaa9605ee0 Uncommon trap: trap_request=0xffffff45 fr.pc=0x000001aa9da2b8a4 relative=0x0000000000000204
Event: 38.724 Thread 0x000001aaa9605ee0 Uncommon trap: reason=unstable_if action=reinterpret pc=0x000001aa9da2b8a4 method=java.net.URI$Parser.scan(IILjava/lang/String;)I @ 26 c2
Event: 38.724 Thread 0x000001aaa9605ee0 DEOPT PACKING pc=0x000001aa9da2b8a4 sp=0x0000006f5c6f7f10
Event: 38.724 Thread 0x000001aaa9605ee0 DEOPT UNPACKING pc=0x000001aa9d2a4422 sp=0x0000006f5c6f7e90 mode 2
Event: 38.724 Thread 0x000001aaa9605ee0 Uncommon trap: trap_request=0xffffff45 fr.pc=0x000001aa9da2a1f0 relative=0x0000000000000250
Event: 38.724 Thread 0x000001aaa9605ee0 Uncommon trap: reason=unstable_if action=reinterpret pc=0x000001aa9da2a1f0 method=java.net.URI.match(CJJ)Z @ 45 c2
Event: 38.724 Thread 0x000001aaa9605ee0 DEOPT PACKING pc=0x000001aa9da2a1f0 sp=0x0000006f5c6f7c70
Event: 38.724 Thread 0x000001aaa9605ee0 DEOPT UNPACKING pc=0x000001aa9d2a4422 sp=0x0000006f5c6f7b98 mode 2
Event: 38.724 Thread 0x000001aaa9605ee0 Uncommon trap: trap_request=0xffffff45 fr.pc=0x000001aa9d9cb1f8 relative=0x0000000000000058
Event: 38.724 Thread 0x000001aaa9605ee0 Uncommon trap: reason=unstable_if action=reinterpret pc=0x000001aa9d9cb1f8 method=java.net.URI.match(CJJ)Z @ 19 c2
Event: 38.724 Thread 0x000001aaa9605ee0 DEOPT PACKING pc=0x000001aa9d9cb1f8 sp=0x0000006f5c6f7c80
Event: 38.724 Thread 0x000001aaa9605ee0 DEOPT UNPACKING pc=0x000001aa9d2a4422 sp=0x0000006f5c6f7c10 mode 2

Classes loaded (20 events):
Event: 36.425 Loading class org/xml/sax/SAXParseException done
Event: 36.425 Loading class org/xml/sax/Locator
Event: 36.425 Loading class org/xml/sax/Locator done
Event: 36.426 Loading class org/xml/sax/Attributes
Event: 36.426 Loading class org/xml/sax/Attributes done
Event: 36.525 Loading class java/util/DualPivotQuicksort
Event: 36.526 Loading class java/util/DualPivotQuicksort done
Event: 36.587 Loading class java/util/function/LongUnaryOperator
Event: 36.587 Loading class java/util/function/LongUnaryOperator done
Event: 36.609 Loading class java/util/TreeMap$KeySpliterator
Event: 36.609 Loading class java/util/TreeMap$TreeMapSpliterator
Event: 36.609 Loading class java/util/TreeMap$TreeMapSpliterator done
Event: 36.609 Loading class java/util/TreeMap$KeySpliterator done
Event: 36.614 Loading class java/util/PrimitiveIterator$OfInt
Event: 36.615 Loading class java/util/PrimitiveIterator$OfInt done
Event: 36.615 Loading class java/security/CodeSigner
Event: 36.615 Loading class java/security/CodeSigner done
Event: 38.391 Loading class java/lang/invoke/BoundMethodHandle$Species_LLLLILLLLLL
Event: 38.391 Loading class java/lang/invoke/BoundMethodHandle$Species_LLLLILLLLLL done
Event: 38.932 Loading class java/io/DeleteOnExitHook

Classes unloaded (0 events):
No events

Classes redefined (0 events):
No events

Internal exceptions (20 events):
Event: 38.393 Thread 0x000001aaa9605ee0 Implicit null exception at 0x000001aa9d9c96aa to 0x000001aa9d9c9aac
Event: 38.399 Thread 0x000001aaa9605ee0 Exception <a 'java/lang/NoSuchMethodError'{0x00000000ec59eb80}: 'java.lang.Object java.lang.invoke.Invokers$Holder.linkToCallSite(java.lang.Object, java.lang.Object, int, java.lang.Object)'> (0x00000000ec59eb80) 
thrown [s\src\hotspot\share\interpreter\linkResolver.cpp, line 773]
Event: 38.399 Thread 0x000001aaa9605ee0 Exception <a 'java/lang/NoSuchMethodError'{0x00000000ec5b17a8}: 'java.lang.Object java.lang.invoke.DirectMethodHandle$Holder.invokeSpecial(java.lang.Object, java.lang.Object, java.lang.Object, java.lang.Object, java.lang.Object, int)'> (0x00000000ec5b17a8) 
thrown [s\src\hotspot\share\interpreter\linkResolver.cpp, line 773]
Event: 38.400 Thread 0x000001aaa9605ee0 Exception <a 'java/lang/NoSuchMethodError'{0x00000000ec5b6208}: 'java.lang.Object java.lang.invoke.DelegatingMethodHandle$Holder.delegate(java.lang.Object, java.lang.Object, java.lang.Object, java.lang.Object, int)'> (0x00000000ec5b6208) 
thrown [s\src\hotspot\share\interpreter\linkResolver.cpp, line 773]
Event: 38.405 Thread 0x000001aaa9605ee0 Exception <a 'java/lang/ClassNotFoundException'{0x00000000ec4095d8}: org/gradle/plugin/use/internal/PluginRequestCollector$PluginDependenciesSpecImplBeanInfo> (0x00000000ec4095d8) 
thrown [s\src\hotspot\share\classfile\systemDictionary.cpp, line 313]
Event: 38.405 Thread 0x000001aaa9605ee0 Exception <a 'java/lang/ClassNotFoundException'{0x00000000ec41bd40}: org/gradle/plugin/use/internal/PluginRequestCollector$PluginDependenciesSpecImplCustomizer> (0x00000000ec41bd40) 
thrown [s\src\hotspot\share\classfile\systemDictionary.cpp, line 313]
Event: 38.406 Thread 0x000001aaa9605ee0 Exception <a 'java/lang/NoSuchMethodError'{0x00000000ec42a478}: 'java.lang.Object java.lang.invoke.DirectMethodHandle$Holder.invokeVirtual(java.lang.Object, java.lang.Object, java.lang.Object, int)'> (0x00000000ec42a478) 
thrown [s\src\hotspot\share\interpreter\linkResolver.cpp, line 773]
Event: 38.409 Thread 0x000001aaa9605ee0 Exception <a 'java/lang/ClassNotFoundException'{0x00000000ec46c5c8}: org/gradle/plugin/use/internal/PluginRequestCollector$PluginDependencySpecImplBeanInfo> (0x00000000ec46c5c8) 
thrown [s\src\hotspot\share\classfile\systemDictionary.cpp, line 313]
Event: 38.410 Thread 0x000001aaa9605ee0 Exception <a 'java/lang/ClassNotFoundException'{0x00000000ec47ece8}: org/gradle/plugin/use/internal/PluginRequestCollector$PluginDependencySpecImplCustomizer> (0x00000000ec47ece8) 
thrown [s\src\hotspot\share\classfile\systemDictionary.cpp, line 313]
Event: 38.414 Thread 0x000001aaa9605ee0 Exception <a 'java/lang/NoSuchMethodError'{0x00000000ec4a38b0}: 'void java.lang.invoke.DirectMethodHandle$Holder.invokeStatic(java.lang.Object, java.lang.Object, java.lang.Object, java.lang.Object, java.lang.Object, java.lang.Object)'> (0x00000000ec4a38b0) 
thrown [s\src\hotspot\share\interpreter\linkResolver.cpp, line 773]
Event: 38.497 Thread 0x000001aaa9605ee0 Exception <a 'java/lang/NoSuchMethodError'{0x00000000ec1c3408}: 'java.lang.Object java.lang.invoke.DirectMethodHandle$Holder.newInvokeSpecial(java.lang.Object, java.lang.Object, java.lang.Object, java.lang.Object, int)'> (0x00000000ec1c3408) 
thrown [s\src\hotspot\share\interpreter\linkResolver.cpp, line 773]
Event: 38.497 Thread 0x000001aaa9605ee0 Exception <a 'java/lang/NoSuchMethodError'{0x00000000ec1c7e38}: 'java.lang.Object java.lang.invoke.Invokers$Holder.linkToTargetMethod(java.lang.Object, java.lang.Object, java.lang.Object, int, java.lang.Object)'> (0x00000000ec1c7e38) 
thrown [s\src\hotspot\share\interpreter\linkResolver.cpp, line 773]
Event: 38.500 Thread 0x000001aaa9605ee0 Exception <a 'java/lang/NoSuchMethodError'{0x00000000ec1f2948}: 'java.lang.Object java.lang.invoke.DirectMethodHandle$Holder.newInvokeSpecial(java.lang.Object, java.lang.Object, java.lang.Object, java.lang.Object, java.lang.Object, java.lang.Object, java.lang.Object, java.lang.Object, java.lang.Object, java.lang.Object, java.lang.Object, java.lang.Object, java.lang.Object, java.lang.Object, java.lang.Object, java.lang.Object, java.lang.Object, java.lang.Object, java.lang.Object)'> (0x00000000ec1f2948) 
thr
Event: 38.500 Thread 0x000001aaa9605ee0 Exception <a 'java/lang/NoSuchMethodError'{0x00000000ec1f95c8}: 'java.lang.Object java.lang.invoke.DirectMethodHandle$Holder.invokeSpecial(java.lang.Object, java.lang.Object, java.lang.Object, java.lang.Object, java.lang.Object, java.lang.Object, java.lang.Object, java.lang.Object, java.lang.Object, java.lang.Object, java.lang.Object, java.lang.Object, java.lang.Object, java.lang.Object, java.lang.Object, java.lang.Object, java.lang.Object, java.lang.Object, java.lang.Object, java.lang.Object)'> (0x0000000
Event: 38.500 Thread 0x000001aaa9605ee0 Exception <a 'java/lang/NoSuchMethodError'{0x00000000ec1fee18}: 'java.lang.Object java.lang.invoke.DelegatingMethodHandle$Holder.reinvoke_L(java.lang.Object, java.lang.Object, java.lang.Object, java.lang.Object, java.lang.Object, java.lang.Object, java.lang.Object, java.lang.Object, java.lang.Object, java.lang.Object, java.lang.Object, java.lang.Object, java.lang.Object, java.lang.Object, java.lang.Object, java.lang.Object, java.lang.Object, java.lang.Object, java.lang.Object)'> (0x00000000ec1fee18) 
throw
Event: 38.683 Thread 0x000001aaa9605ee0 Exception <a 'java/lang/NoSuchMethodError'{0x00000000ebb4c5c8}: 'java.lang.Object java.lang.invoke.DelegatingMethodHandle$Holder.reinvoke_L(java.lang.Object, java.lang.Object, java.lang.Object, java.lang.Object, int, java.lang.Object, java.lang.Object, java.lang.Object, java.lang.Object, java.lang.Object, java.lang.Object, java.lang.Object, java.lang.Object)'> (0x00000000ebb4c5c8) 
thrown [s\src\hotspot\share\interpreter\linkResolver.cpp, line 773]
Event: 38.717 Thread 0x000001aaa9605ee0 Exception <a 'java/lang/NoSuchMethodError'{0x00000000eb9a5a28}: 'java.lang.Object java.lang.invoke.DirectMethodHandle$Holder.newInvokeSpecial(java.lang.Object, java.lang.Object, java.lang.Object, int, java.lang.Object)'> (0x00000000eb9a5a28) 
thrown [s\src\hotspot\share\interpreter\linkResolver.cpp, line 773]
Event: 38.718 Thread 0x000001aaa9605ee0 Exception <a 'java/lang/NoSuchMethodError'{0x00000000eb9a9ed0}: 'java.lang.Object java.lang.invoke.Invokers$Holder.linkToTargetMethod(java.lang.Object, java.lang.Object, int, java.lang.Object, java.lang.Object)'> (0x00000000eb9a9ed0) 
thrown [s\src\hotspot\share\interpreter\linkResolver.cpp, line 773]
Event: 38.752 Thread 0x000001aaa9605ee0 Exception <a 'java/lang/NoSuchMethodError'{0x00000000eb602d90}: 'java.lang.Object java.lang.invoke.DirectMethodHandle$Holder.newInvokeSpecial(java.lang.Object, int, java.lang.Object)'> (0x00000000eb602d90) 
thrown [s\src\hotspot\share\interpreter\linkResolver.cpp, line 773]
Event: 38.802 Thread 0x000001aaa9605ee0 Exception <a 'java/lang/NoSuchMethodError'{0x00000000eb5d01e0}: 'java.lang.Object java.lang.invoke.DirectMethodHandle$Holder.invokeSpecial(java.lang.Object, java.lang.Object, long, int)'> (0x00000000eb5d01e0) 
thrown [s\src\hotspot\share\interpreter\linkResolver.cpp, line 773]

ZGC Phase Switch (0 events):
No events

VM Operations (20 events):
Event: 33.560 Executing safepoint VM operation: G1PauseCleanup done
Event: 33.856 Executing non-safepoint VM operation: HandshakeAllThreads (Deoptimize)
Event: 33.857 Executing non-safepoint VM operation: HandshakeAllThreads (Deoptimize) done
Event: 33.862 Executing non-safepoint VM operation: HandshakeAllThreads (Deoptimize)
Event: 33.862 Executing non-safepoint VM operation: HandshakeAllThreads (Deoptimize) done
Event: 33.863 Executing non-safepoint VM operation: HandshakeAllThreads (Deoptimize)
Event: 33.863 Executing non-safepoint VM operation: HandshakeAllThreads (Deoptimize) done
Event: 34.068 Executing non-safepoint VM operation: HandshakeAllThreads (Deoptimize)
Event: 34.068 Executing non-safepoint VM operation: HandshakeAllThreads (Deoptimize) done
Event: 35.076 Executing safepoint VM operation: Cleanup
Event: 35.076 Executing safepoint VM operation: Cleanup done
Event: 36.086 Executing safepoint VM operation: Cleanup
Event: 36.086 Executing safepoint VM operation: Cleanup done
Event: 36.599 Executing non-safepoint VM operation: HandshakeAllThreads (Deoptimize)
Event: 36.599 Executing non-safepoint VM operation: HandshakeAllThreads (Deoptimize) done
Event: 37.612 Executing safepoint VM operation: Cleanup
Event: 37.612 Executing safepoint VM operation: Cleanup done
Event: 38.614 Executing safepoint VM operation: Cleanup
Event: 38.615 Executing safepoint VM operation: Cleanup done
Event: 39.629 Executing safepoint VM operation: Cleanup

Memory protections (0 events):
No events

Nmethod flushes (20 events):
Event: 33.558 Thread 0x000001aaa94cd490 flushing  nmethod 0x000001aa95f64810
Event: 33.558 Thread 0x000001aaa94cd490 flushing  nmethod 0x000001aa95f66f10
Event: 33.558 Thread 0x000001aaa94cd490 flushing  nmethod 0x000001aa95f67810
Event: 33.558 Thread 0x000001aaa94cd490 flushing  nmethod 0x000001aa96014810
Event: 33.558 Thread 0x000001aaa94cd490 flushing  nmethod 0x000001aa9609f290
Event: 33.558 Thread 0x000001aaa94cd490 flushing  nmethod 0x000001aa9609f690
Event: 33.558 Thread 0x000001aaa94cd490 flushing  nmethod 0x000001aa96136610
Event: 33.558 Thread 0x000001aaa94cd490 flushing  nmethod 0x000001aa96138710
Event: 33.558 Thread 0x000001aaa94cd490 flushing  nmethod 0x000001aa96139510
Event: 33.558 Thread 0x000001aaa94cd490 flushing  nmethod 0x000001aa961a8390
Event: 33.558 Thread 0x000001aaa94cd490 flushing  nmethod 0x000001aa961ab510
Event: 33.558 Thread 0x000001aaa94cd490 flushing  nmethod 0x000001aa961ac790
Event: 33.558 Thread 0x000001aaa94cd490 flushing  nmethod 0x000001aa961ae710
Event: 33.558 Thread 0x000001aaa94cd490 flushing  nmethod 0x000001aa962ae790
Event: 33.558 Thread 0x000001aaa94cd490 flushing  nmethod 0x000001aa962b1e90
Event: 33.558 Thread 0x000001aaa94cd490 flushing  nmethod 0x000001aa962b2410
Event: 33.558 Thread 0x000001aaa94cd490 flushing  nmethod 0x000001aa962b2910
Event: 33.558 Thread 0x000001aaa94cd490 flushing  nmethod 0x000001aa962b2f90
Event: 33.558 Thread 0x000001aaa94cd490 flushing  nmethod 0x000001aa961ce210
Event: 33.558 Thread 0x000001aaa94cd490 flushing  nmethod 0x000001aa963a7d10

Events (20 events):
Event: 27.251 Thread 0x000001aac5776160 Thread exited: 0x000001aac5776160
Event: 27.459 Thread 0x000001aaa9547a90 Thread added: 0x000001aac5fb04e0
Event: 28.081 Thread 0x000001aac5fb04e0 Thread exited: 0x000001aac5fb04e0
Event: 28.245 Thread 0x000001aaa9547a90 Thread added: 0x000001aac5896d20
Event: 28.390 Thread 0x000001aac5896d20 Thread added: 0x000001aac5894090
Event: 28.391 Thread 0x000001aaa9547a90 Thread added: 0x000001aac5a71c70
Event: 28.514 Thread 0x000001aaa9605ee0 Thread added: 0x000001aac50f2f80
Event: 28.642 Thread 0x000001aac5a71c70 Thread exited: 0x000001aac5a71c70
Event: 28.767 Thread 0x000001aaa9605ee0 Thread added: 0x000001aac50f5d70
Event: 29.592 Thread 0x000001aaa9605ee0 Thread added: 0x000001aac50f6a90
Event: 29.596 Thread 0x000001aaa9605ee0 Thread added: 0x000001aac50f6400
Event: 29.949 Thread 0x000001aaa9605ee0 Thread added: 0x000001aac50f4330
Event: 30.211 Thread 0x000001aaa9605ee0 Thread added: 0x000001aac50f49c0
Event: 30.792 Thread 0x000001aaa9605ee0 Thread added: 0x000001aac50f3ca0
Event: 31.086 Thread 0x000001aaa9605ee0 Thread added: 0x000001aac50f3610
Event: 32.404 Thread 0x000001aaa9605ee0 Thread added: 0x000001aac50f7120
Event: 32.744 Thread 0x000001aaa9605ee0 Thread added: 0x000001aac50f77b0
Event: 35.290 Thread 0x000001aaa9605ee0 Thread added: 0x000001aac50f5050
Event: 35.568 Thread 0x000001aaa9605ee0 Thread added: 0x000001aac50f9880
Event: 37.660 Thread 0x000001aaa9605ee0 Thread added: 0x000001aac50f7e40


Dynamic libraries:
0x00007ff6a5660000 - 0x00007ff6a566e000 	C:\Users\HS-KOO\.vscode\extensions\redhat.java-1.56.0-win32-x64\jre\21.0.12.1-win32-x86_64\bin\java.exe
0x00007ffe0d000000 - 0x00007ffe0d266000 	C:\Windows\SYSTEM32\ntdll.dll
0x00007ffe0bbf0000 - 0x00007ffe0bcb9000 	C:\Windows\System32\KERNEL32.DLL
0x00007ffe0a870000 - 0x00007ffe0ac6f000 	C:\Windows\System32\KERNELBASE.dll
0x00007ffe0a2a0000 - 0x00007ffe0a3ec000 	C:\Windows\System32\ucrtbase.dll
0x00007ffdaa1e0000 - 0x00007ffdaa1fe000 	C:\Users\HS-KOO\.vscode\extensions\redhat.java-1.56.0-win32-x64\jre\21.0.12.1-win32-x86_64\bin\VCRUNTIME140.dll
0x00007ffd99370000 - 0x00007ffd99388000 	C:\Users\HS-KOO\.vscode\extensions\redhat.java-1.56.0-win32-x64\jre\21.0.12.1-win32-x86_64\bin\jli.dll
0x00007ffe0b520000 - 0x00007ffe0b6e6000 	C:\Windows\System32\USER32.dll
0x00007ffe0a710000 - 0x00007ffe0a737000 	C:\Windows\System32\win32u.dll
0x00007ffe0b3b0000 - 0x00007ffe0b3db000 	C:\Windows\System32\GDI32.dll
0x00007ffe0a740000 - 0x00007ffe0a869000 	C:\Windows\System32\gdi32full.dll
0x00007ffdecec0000 - 0x00007ffded151000 	C:\Windows\WinSxS\amd64_microsoft.windows.common-controls_6595b64144ccf1df_6.0.26100.8972_none_3e0da176e32f9d4b\COMCTL32.dll
0x00007ffe0ac80000 - 0x00007ffe0ad23000 	C:\Windows\System32\msvcp_win.dll
0x00007ffe0b8f0000 - 0x00007ffe0b999000 	C:\Windows\System32\msvcrt.dll
0x00007ffe0b8b0000 - 0x00007ffe0b8e2000 	C:\Windows\System32\IMM32.DLL
0x00007ffe035d0000 - 0x00007ffe035dc000 	C:\Users\HS-KOO\.vscode\extensions\redhat.java-1.56.0-win32-x64\jre\21.0.12.1-win32-x86_64\bin\vcruntime140_1.dll
0x00007ffd56c70000 - 0x00007ffd56cfd000 	C:\Users\HS-KOO\.vscode\extensions\redhat.java-1.56.0-win32-x64\jre\21.0.12.1-win32-x86_64\bin\msvcp140.dll
0x00007ffd37020000 - 0x00007ffd37dc2000 	C:\Users\HS-KOO\.vscode\extensions\redhat.java-1.56.0-win32-x64\jre\21.0.12.1-win32-x86_64\bin\server\jvm.dll
0x00007ffe0b2e0000 - 0x00007ffe0b39c000 	C:\Windows\System32\ADVAPI32.dll
0x00007ffe0b9a0000 - 0x00007ffe0ba4a000 	C:\Windows\System32\sechost.dll
0x00007ffe0ad30000 - 0x00007ffe0ae48000 	C:\Windows\System32\RPCRT4.dll
0x00007ffe0ca80000 - 0x00007ffe0cb02000 	C:\Windows\System32\WS2_32.dll
0x00007ffe08d20000 - 0x00007ffe08d7e000 	C:\Windows\SYSTEM32\POWRPROF.dll
0x00007ffe04250000 - 0x00007ffe04286000 	C:\Windows\SYSTEM32\WINMM.dll
0x00007ffe00570000 - 0x00007ffe0057b000 	C:\Windows\SYSTEM32\VERSION.dll
0x00007ffe08d00000 - 0x00007ffe08d15000 	C:\Windows\SYSTEM32\UMPDC.dll
0x00007ffe08fe0000 - 0x00007ffe08ffb000 	C:\Windows\SYSTEM32\kernel.appcore.dll
0x00007ffdf1eb0000 - 0x00007ffdf1eba000 	C:\Users\HS-KOO\.vscode\extensions\redhat.java-1.56.0-win32-x64\jre\21.0.12.1-win32-x86_64\bin\jimage.dll
0x00007ffe07770000 - 0x00007ffe079b2000 	C:\Windows\SYSTEM32\DBGHELP.DLL
0x00007ffe0c550000 - 0x00007ffe0c8d5000 	C:\Windows\System32\combase.dll
0x00007ffe0b440000 - 0x00007ffe0b519000 	C:\Windows\System32\OLEAUT32.dll
0x00007ffde8150000 - 0x00007ffde818b000 	C:\Windows\SYSTEM32\dbgcore.DLL
0x00007ffe0a650000 - 0x00007ffe0a6fc000 	C:\Windows\System32\bcryptPrimitives.dll
0x00007ffde6a50000 - 0x00007ffde6a5f000 	C:\Users\HS-KOO\.vscode\extensions\redhat.java-1.56.0-win32-x64\jre\21.0.12.1-win32-x86_64\bin\instrument.dll
0x00007ffd92b90000 - 0x00007ffd92bb0000 	C:\Users\HS-KOO\.vscode\extensions\redhat.java-1.56.0-win32-x64\jre\21.0.12.1-win32-x86_64\bin\java.dll
0x00007ffe0bcc0000 - 0x00007ffe0c448000 	C:\Windows\System32\SHELL32.dll
0x00007ffe07ca0000 - 0x00007ffe0853b000 	C:\Windows\SYSTEM32\windows.storage.dll
0x00007ffe0c8e0000 - 0x00007ffe0c9d9000 	C:\Windows\System32\SHCORE.dll
0x00007ffe0cd10000 - 0x00007ffe0cd76000 	C:\Windows\System32\shlwapi.dll
0x00007ffe0a130000 - 0x00007ffe0a159000 	C:\Windows\SYSTEM32\profapi.dll
0x00007ffd92a20000 - 0x00007ffd92a38000 	C:\Users\HS-KOO\.vscode\extensions\redhat.java-1.56.0-win32-x64\jre\21.0.12.1-win32-x86_64\bin\zip.dll
0x00007ffde2fc0000 - 0x00007ffde2fd0000 	C:\Users\HS-KOO\.vscode\extensions\redhat.java-1.56.0-win32-x64\jre\21.0.12.1-win32-x86_64\bin\net.dll
0x00007ffe012c0000 - 0x00007ffe013e8000 	C:\Windows\SYSTEM32\WINHTTP.dll
0x00007ffe09570000 - 0x00007ffe095dc000 	C:\Windows\system32\mswsock.dll
0x00007ffd92a00000 - 0x00007ffd92a16000 	C:\Users\HS-KOO\.vscode\extensions\redhat.java-1.56.0-win32-x64\jre\21.0.12.1-win32-x86_64\bin\nio.dll
0x00007ffde1fd0000 - 0x00007ffde1fe0000 	C:\Users\HS-KOO\.vscode\extensions\redhat.java-1.56.0-win32-x64\jre\21.0.12.1-win32-x86_64\bin\verify.dll
0x00007ffda43c0000 - 0x00007ffda43e7000 	C:\Users\HS-KOO\.gradle\native\660c5614fbf4a5f2a75b1949f50a0caf5cd603558e7d8a26e50b933a0cfb79d1\windows-amd64\native-platform.dll
0x00007ffda4340000 - 0x00007ffda43b7000 	C:\Users\HS-KOO\.gradle\native\0.2.8\x86_64-windows-gnu\gradle-fileevents.dll
0x00007ffde1440000 - 0x00007ffde144a000 	C:\Users\HS-KOO\.vscode\extensions\redhat.java-1.56.0-win32-x64\jre\21.0.12.1-win32-x86_64\bin\management.dll
0x00007ffdcaca0000 - 0x00007ffdcacac000 	C:\Users\HS-KOO\.vscode\extensions\redhat.java-1.56.0-win32-x64\jre\21.0.12.1-win32-x86_64\bin\management_ext.dll
0x00007ffe0cb10000 - 0x00007ffe0cb18000 	C:\Windows\System32\PSAPI.DLL
0x00007ffe08950000 - 0x00007ffe08983000 	C:\Windows\SYSTEM32\IPHLPAPI.DLL
0x00007ffe0ca70000 - 0x00007ffe0ca7a000 	C:\Windows\System32\NSI.dll
0x00007ffdcab00000 - 0x00007ffdcab09000 	C:\Users\HS-KOO\.vscode\extensions\redhat.java-1.56.0-win32-x64\jre\21.0.12.1-win32-x86_64\bin\extnet.dll
0x00007ffe09990000 - 0x00007ffe099ab000 	C:\Windows\SYSTEM32\CRYPTSP.dll
0x00007ffe08f40000 - 0x00007ffe08f79000 	C:\Windows\system32\rsaenh.dll
0x00007ffe09620000 - 0x00007ffe09652000 	C:\Windows\SYSTEM32\USERENV.dll
0x00007ffe0a100000 - 0x00007ffe0a12a000 	C:\Windows\SYSTEM32\bcrypt.dll
0x00007ffe097d0000 - 0x00007ffe097dc000 	C:\Windows\SYSTEM32\CRYPTBASE.dll
0x00007ffdfffb0000 - 0x00007ffdfffbe000 	C:\Users\HS-KOO\.vscode\extensions\redhat.java-1.56.0-win32-x64\jre\21.0.12.1-win32-x86_64\bin\sunmscapi.dll
0x00007ffe0a400000 - 0x00007ffe0a57e000 	C:\Windows\System32\CRYPT32.dll
0x00007ffe09b00000 - 0x00007ffe09b30000 	C:\Windows\SYSTEM32\ncrypt.dll
0x00007ffe09ab0000 - 0x00007ffe09aef000 	C:\Windows\SYSTEM32\NTASN1.dll
0x00007ffdfe130000 - 0x00007ffdfe138000 	C:\Windows\system32\wshunix.dll

JVMTI agents:
C:\Users\HS-KOO\.gradle\wrapper\dists\gradle-9.5.1-bin\iq79hdu3mqx29lgffhp8bfmx\gradle-9.5.1\lib\agents\gradle-instrumentation-agent-9.5.1.jar path:C:\Users\HS-KOO\.vscode\extensions\redhat.java-1.56.0-win32-x64\jre\21.0.12.1-win32-x86_64\bin\instrument.dll, loaded, initialized, instrumentlib options:none

dbghelp: loaded successfully - version: 4.0.5 - missing functions: none
symbol engine: initialized successfully - sym options: 0x614 - pdb path: .;C:\Users\HS-KOO\.vscode\extensions\redhat.java-1.56.0-win32-x64\jre\21.0.12.1-win32-x86_64\bin;C:\Windows\SYSTEM32;C:\Windows\WinSxS\amd64_microsoft.windows.common-controls_6595b64144ccf1df_6.0.26100.8972_none_3e0da176e32f9d4b;C:\Users\HS-KOO\.vscode\extensions\redhat.java-1.56.0-win32-x64\jre\21.0.12.1-win32-x86_64\bin\server;C:\Users\HS-KOO\.gradle\native\660c5614fbf4a5f2a75b1949f50a0caf5cd603558e7d8a26e50b933a0cfb79d1\windows-amd64;C:\Users\HS-KOO\.gradle\native\0.2.8\x86_64-windows-gnu

VM Arguments:
jvm_args: --add-opens=java.base/java.lang=ALL-UNNAMED --add-opens=java.base/java.lang.invoke=ALL-UNNAMED --add-opens=java.base/java.util=ALL-UNNAMED --add-opens=java.prefs/java.util.prefs=ALL-UNNAMED --add-exports=jdk.compiler/com.sun.tools.javac.api=ALL-UNNAMED --add-exports=jdk.compiler/com.sun.tools.javac.util=ALL-UNNAMED --add-opens=java.base/java.nio.charset=ALL-UNNAMED --add-opens=java.base/java.net=ALL-UNNAMED --add-opens=java.base/java.util.concurrent=ALL-UNNAMED --add-opens=java.base/java.util.concurrent.atomic=ALL-UNNAMED --add-opens=java.xml/javax.xml.namespace=ALL-UNNAMED --add-opens=java.base/java.time=ALL-UNNAMED -XX:MaxMetaspaceSize=384m -XX:+HeapDumpOnOutOfMemoryError -Xms256m -Xmx512m -Dfile.encoding=UTF-8 -Duser.country=KR -Duser.language=ko -Duser.variant -javaagent:C:\Users\HS-KOO\.gradle\wrapper\dists\gradle-9.5.1-bin\iq79hdu3mqx29lgffhp8bfmx\gradle-9.5.1\lib\agents\gradle-instrumentation-agent-9.5.1.jar 
java_command: org.gradle.launcher.daemon.bootstrap.GradleDaemon 9.5.1
java_class_path (initial): C:\Users\HS-KOO\.gradle\wrapper\dists\gradle-9.5.1-bin\iq79hdu3mqx29lgffhp8bfmx\gradle-9.5.1\lib\gradle-daemon-main-9.5.1.jar
Launcher Type: SUN_STANDARD

[Global flags]
     intx CICompilerCount                          = 12                                        {product} {ergonomic}
   size_t CompressedClassSpaceSize                 = 335544320                                 {product} {ergonomic}
     uint ConcGCThreads                            = 4                                         {product} {ergonomic}
     uint G1ConcRefinementThreads                  = 15                                        {product} {ergonomic}
   size_t G1HeapRegionSize                         = 1048576                                   {product} {ergonomic}
    uintx GCDrainStackTargetSize                   = 64                                        {product} {ergonomic}
     bool HeapDumpOnOutOfMemoryError               = true                                   {manageable} {command line}
   size_t InitialHeapSize                          = 268435456                                 {product} {command line}
   size_t MarkStackSize                            = 4194304                                   {product} {ergonomic}
   size_t MaxHeapSize                              = 536870912                                 {product} {command line}
   size_t MaxMetaspaceSize                         = 402653184                                 {product} {command line}
   size_t MaxNewSize                               = 321912832                                 {product} {ergonomic}
   size_t MinHeapDeltaBytes                        = 1048576                                   {product} {ergonomic}
   size_t MinHeapSize                              = 268435456                                 {product} {command line}
    uintx NonNMethodCodeHeapSize                   = 7602480                                {pd product} {ergonomic}
    uintx NonProfiledCodeHeapSize                  = 122027880                              {pd product} {ergonomic}
    uintx ProfiledCodeHeapSize                     = 122027880                              {pd product} {ergonomic}
    uintx ReservedCodeCacheSize                    = 251658240                              {pd product} {ergonomic}
     bool SegmentedCodeCache                       = true                                      {product} {ergonomic}
   size_t SoftMaxHeapSize                          = 536870912                              {manageable} {ergonomic}
     bool UseCompressedOops                        = true                           {product lp64_product} {ergonomic}
     bool UseG1GC                                  = true                                      {product} {ergonomic}
     bool UseLargePagesIndividualAllocation        = false                                  {pd product} {ergonomic}

Logging:
Log output configuration:
 #0: stdout all=warning uptime,level,tags foldmultilines=false
 #1: stderr all=off uptime,level,tags foldmultilines=false

Release file:
JAVA_VERSION="21.0.12.1" 
MODULES="java.base java.compiler java.datatransfer java.xml java.prefs java.desktop java.instrument java.logging java.management java.security.sasl java.naming java.rmi java.management.rmi java.net.http java.scripting java.security.jgss java.transaction.xa java.sql java.sql.rowset java.xml.crypto java.se java.smartcardio jdk.accessibility jdk.internal.jvmstat jdk.attach jdk.charsets jdk.internal.opt jdk.zipfs jdk.compiler jdk.crypto.ec jdk.crypto.cryptoki jdk.crypto.mscapi jdk.dynalink jdk.internal.ed jdk.editpad jdk.hotspot.agent jdk.httpserver jdk.internal.le jdk.internal.vm.ci jdk.internal.vm.compiler jdk.internal.vm.compiler.management jdk.jartool jdk.javadoc jdk.jcmd jdk.management jdk.management.agent jdk.jconsole jdk.jdeps jdk.jdwp.agent jdk.jdi jdk.jfr jdk.jshell jdk.jsobject jdk.jstatd jdk.localedata jdk.management.jfr jdk.naming.dns jdk.naming.rmi jdk.net jdk.nio.mapmode jdk.random jdk.sctp jdk.security.auth jdk.security.jgss jdk.unsupported jdk.unsupported.desktop jdk.xml.dom" 

Environment Variables:
PATH=C:\Program Files\Common Files\Oracle\Java\javapath;C:\Windows\system32;C:\Windows;C:\Windows\System32\Wbem;C:\Windows\System32\WindowsPowerShell\v1.0\;C:\Windows\System32\OpenSSH\;C:\Program Files\Bandizip\;C:\Program Files\dotnet\;C:\Program Files (x86)\NVIDIA Corporation\PhysX\Common;C:\Program Files\Git\cmd;C:\Program Files (x86)\cloudflared\;C:\Users\HS-KOO\AppData\Local\Microsoft\WindowsApps;C:\Users\HS-KOO\AppData\Local\Programs\Microsoft VS Code\bin
USERNAME=HS-KOO
OS=Windows_NT
PROCESSOR_IDENTIFIER=Intel64 Family 6 Model 183 Stepping 1, GenuineIntel
TMP=C:\Users\HS-KOO\AppData\Local\Temp
TEMP=C:\Users\HS-KOO\AppData\Local\Temp




Periodic native trim disabled

---------------  S Y S T E M  ---------------

OS:
 Windows 11 , 64 bit Build 26100 (10.0.26100.9168)
OS uptime: 1 days 23:10 hours
Hyper-V role detected

CPU: total 20 (initial active 20) (10 cores per cpu, 2 threads per core) family 6 model 183 stepping 1 microcode 0x133, cx8, cmov, fxsr, ht, mmx, 3dnowpref, sse, sse2, sse3, ssse3, sse4.1, sse4.2, popcnt, lzcnt, tsc, tscinvbit, avx, avx2, aes, erms, clmul, bmi1, bmi2, adx, sha, fma, vzeroupper, clflush, clflushopt, clwb, hv, serialize, rdtscp, rdpid, fsrm, f16c, cet_ibt, cet_ss
Processor Information for processor 0
  Max Mhz: 2600, Current Mhz: 2600, Mhz Limit: 2600
Processor Information for processor 1
  Max Mhz: 2600, Current Mhz: 2600, Mhz Limit: 2600
Processor Information for processor 2
  Max Mhz: 2600, Current Mhz: 2600, Mhz Limit: 2600
Processor Information for processor 3
  Max Mhz: 2600, Current Mhz: 2600, Mhz Limit: 2600
Processor Information for processor 4
  Max Mhz: 2600, Current Mhz: 2600, Mhz Limit: 2600
Processor Information for processor 5
  Max Mhz: 2600, Current Mhz: 2600, Mhz Limit: 2600
Processor Information for processor 6
  Max Mhz: 2600, Current Mhz: 2600, Mhz Limit: 2600
Processor Information for processor 7
  Max Mhz: 2600, Current Mhz: 2600, Mhz Limit: 2600
Processor Information for processor 8
  Max Mhz: 2600, Current Mhz: 2600, Mhz Limit: 2600
Processor Information for processor 9
  Max Mhz: 2600, Current Mhz: 2600, Mhz Limit: 2600
Processor Information for processor 10
  Max Mhz: 2600, Current Mhz: 2600, Mhz Limit: 2600
Processor Information for processor 11
  Max Mhz: 2600, Current Mhz: 2600, Mhz Limit: 2600
Processor Information for processor 12
  Max Mhz: 2600, Current Mhz: 1505, Mhz Limit: 2600
Processor Information for processor 13
  Max Mhz: 2600, Current Mhz: 2600, Mhz Limit: 2600
Processor Information for processor 14
  Max Mhz: 2600, Current Mhz: 1505, Mhz Limit: 2600
Processor Information for processor 15
  Max Mhz: 2600, Current Mhz: 2600, Mhz Limit: 2600
Processor Information for processor 16
  Max Mhz: 2600, Current Mhz: 1505, Mhz Limit: 2600
Processor Information for processor 17
  Max Mhz: 2600, Current Mhz: 1505, Mhz Limit: 2600
Processor Information for processor 18
  Max Mhz: 2600, Current Mhz: 2600, Mhz Limit: 2600
Processor Information for processor 19
  Max Mhz: 2600, Current Mhz: 1505, Mhz Limit: 2600

Memory: 4k page, system-wide physical 16068M (616M free)
TotalPageFile size 55719M (AvailPageFile size 438M)
current process WorkingSet (physical memory assigned to process): 311M, peak: 311M
current process commit charge ("private bytes"): 487M, peak: 487M

vm_info: OpenJDK 64-Bit Server VM (21.0.12.1+1-LTS) for windows-amd64 JRE (21.0.12.1+1-LTS), built on 2026-08-18T00:00:00Z by "admin" with MS VC++ 17.12 (VS2022)

END.
